../Src/SYSTICK_program.c:14:9:SYSTICK_enInit	24	static
../Src/SYSTICK_program.c:41:6:SYSTICK_voidDelayUS	16	static
../Src/SYSTICK_program.c:71:6:SYSTICK_voidEnable	4	static
../Src/SYSTICK_program.c:82:6:SYSTICK_voidDisable	4	static
../Src/SYSTICK_program.c:87:6:SYSTICK_voidDelayMS	16	static
../Src/SYSTICK_program.c:117:6:SYSTICK_voidSetReloadValue	16	static
../Src/SYSTICK_program.c:125:10:SYSTICK_u32GetElapsedValue	16	static
../Src/SYSTICK_program.c:132:9:SYSTICK_voidSetCallBackFunction	24	static
../Src/SYSTICK_program.c:147:6:SysTick_Handler	8	static
