Archive member included to satisfy reference by file (symbol)

C:/ST/STM32CubeIDE_1.13.1/STM32CubeIDE/plugins/com.st.stm32cube.ide.mcu.externaltools.gnu-tools-for-stm32.11.3.rel1.win32_1.1.0.202305231506/tools/bin/../lib/gcc/arm-none-eabi/11.3.1/../../../../arm-none-eabi/lib/thumb/v7e-m/nofp\libc_nano.a(libc_a-exit.o)
                              C:/ST/STM32CubeIDE_1.13.1/STM32CubeIDE/plugins/com.st.stm32cube.ide.mcu.externaltools.gnu-tools-for-stm32.11.3.rel1.win32_1.1.0.202305231506/tools/bin/../lib/gcc/arm-none-eabi/11.3.1/../../../../arm-none-eabi/lib/thumb/v7e-m/nofp/crt0.o (exit)
C:/ST/STM32CubeIDE_1.13.1/STM32CubeIDE/plugins/com.st.stm32cube.ide.mcu.externaltools.gnu-tools-for-stm32.11.3.rel1.win32_1.1.0.202305231506/tools/bin/../lib/gcc/arm-none-eabi/11.3.1/../../../../arm-none-eabi/lib/thumb/v7e-m/nofp\libc_nano.a(libc_a-findfp.o)
                              C:/ST/STM32CubeIDE_1.13.1/STM32CubeIDE/plugins/com.st.stm32cube.ide.mcu.externaltools.gnu-tools-for-stm32.11.3.rel1.win32_1.1.0.202305231506/tools/bin/../lib/gcc/arm-none-eabi/11.3.1/../../../../arm-none-eabi/lib/thumb/v7e-m/nofp\libc_nano.a(libc_a-exit.o) (__stdio_exit_handler)
C:/ST/STM32CubeIDE_1.13.1/STM32CubeIDE/plugins/com.st.stm32cube.ide.mcu.externaltools.gnu-tools-for-stm32.11.3.rel1.win32_1.1.0.202305231506/tools/bin/../lib/gcc/arm-none-eabi/11.3.1/../../../../arm-none-eabi/lib/thumb/v7e-m/nofp\libc_nano.a(libc_a-fwalk.o)
                              C:/ST/STM32CubeIDE_1.13.1/STM32CubeIDE/plugins/com.st.stm32cube.ide.mcu.externaltools.gnu-tools-for-stm32.11.3.rel1.win32_1.1.0.202305231506/tools/bin/../lib/gcc/arm-none-eabi/11.3.1/../../../../arm-none-eabi/lib/thumb/v7e-m/nofp\libc_nano.a(libc_a-findfp.o) (_fwalk_sglue)
C:/ST/STM32CubeIDE_1.13.1/STM32CubeIDE/plugins/com.st.stm32cube.ide.mcu.externaltools.gnu-tools-for-stm32.11.3.rel1.win32_1.1.0.202305231506/tools/bin/../lib/gcc/arm-none-eabi/11.3.1/../../../../arm-none-eabi/lib/thumb/v7e-m/nofp\libc_nano.a(libc_a-stdio.o)
                              C:/ST/STM32CubeIDE_1.13.1/STM32CubeIDE/plugins/com.st.stm32cube.ide.mcu.externaltools.gnu-tools-for-stm32.11.3.rel1.win32_1.1.0.202305231506/tools/bin/../lib/gcc/arm-none-eabi/11.3.1/../../../../arm-none-eabi/lib/thumb/v7e-m/nofp\libc_nano.a(libc_a-findfp.o) (__sread)
C:/ST/STM32CubeIDE_1.13.1/STM32CubeIDE/plugins/com.st.stm32cube.ide.mcu.externaltools.gnu-tools-for-stm32.11.3.rel1.win32_1.1.0.202305231506/tools/bin/../lib/gcc/arm-none-eabi/11.3.1/../../../../arm-none-eabi/lib/thumb/v7e-m/nofp\libc_nano.a(libc_a-memset.o)
                              C:/ST/STM32CubeIDE_1.13.1/STM32CubeIDE/plugins/com.st.stm32cube.ide.mcu.externaltools.gnu-tools-for-stm32.11.3.rel1.win32_1.1.0.202305231506/tools/bin/../lib/gcc/arm-none-eabi/11.3.1/../../../../arm-none-eabi/lib/thumb/v7e-m/nofp/crt0.o (memset)
C:/ST/STM32CubeIDE_1.13.1/STM32CubeIDE/plugins/com.st.stm32cube.ide.mcu.externaltools.gnu-tools-for-stm32.11.3.rel1.win32_1.1.0.202305231506/tools/bin/../lib/gcc/arm-none-eabi/11.3.1/../../../../arm-none-eabi/lib/thumb/v7e-m/nofp\libc_nano.a(libc_a-closer.o)
                              C:/ST/STM32CubeIDE_1.13.1/STM32CubeIDE/plugins/com.st.stm32cube.ide.mcu.externaltools.gnu-tools-for-stm32.11.3.rel1.win32_1.1.0.202305231506/tools/bin/../lib/gcc/arm-none-eabi/11.3.1/../../../../arm-none-eabi/lib/thumb/v7e-m/nofp\libc_nano.a(libc_a-stdio.o) (_close_r)
C:/ST/STM32CubeIDE_1.13.1/STM32CubeIDE/plugins/com.st.stm32cube.ide.mcu.externaltools.gnu-tools-for-stm32.11.3.rel1.win32_1.1.0.202305231506/tools/bin/../lib/gcc/arm-none-eabi/11.3.1/../../../../arm-none-eabi/lib/thumb/v7e-m/nofp\libc_nano.a(libc_a-reent.o)
                              C:/ST/STM32CubeIDE_1.13.1/STM32CubeIDE/plugins/com.st.stm32cube.ide.mcu.externaltools.gnu-tools-for-stm32.11.3.rel1.win32_1.1.0.202305231506/tools/bin/../lib/gcc/arm-none-eabi/11.3.1/../../../../arm-none-eabi/lib/thumb/v7e-m/nofp\libc_nano.a(libc_a-closer.o) (errno)
C:/ST/STM32CubeIDE_1.13.1/STM32CubeIDE/plugins/com.st.stm32cube.ide.mcu.externaltools.gnu-tools-for-stm32.11.3.rel1.win32_1.1.0.202305231506/tools/bin/../lib/gcc/arm-none-eabi/11.3.1/../../../../arm-none-eabi/lib/thumb/v7e-m/nofp\libc_nano.a(libc_a-impure.o)
                              C:/ST/STM32CubeIDE_1.13.1/STM32CubeIDE/plugins/com.st.stm32cube.ide.mcu.externaltools.gnu-tools-for-stm32.11.3.rel1.win32_1.1.0.202305231506/tools/bin/../lib/gcc/arm-none-eabi/11.3.1/../../../../arm-none-eabi/lib/thumb/v7e-m/nofp\libc_nano.a(libc_a-reent.o) (_impure_ptr)
C:/ST/STM32CubeIDE_1.13.1/STM32CubeIDE/plugins/com.st.stm32cube.ide.mcu.externaltools.gnu-tools-for-stm32.11.3.rel1.win32_1.1.0.202305231506/tools/bin/../lib/gcc/arm-none-eabi/11.3.1/../../../../arm-none-eabi/lib/thumb/v7e-m/nofp\libc_nano.a(libc_a-lseekr.o)
[...]
Memory Configuration

Name             Origin             Length             Attributes
RAM              0x0000000020000000 0x0000000000010000 xrw
FLASH            0x0000000008000000 0x0000000000040000 xr
*default*        0x0000000000000000 0xffffffffffffffff

Linker script and memory map

LOAD C:/ST/STM32CubeIDE_1.13.1/STM32CubeIDE/plugins/com.st.stm32cube.ide.mcu.externaltools.gnu-tools-for-stm32.11.3.rel1.win32_1.1.0.202305231506/tools/bin/../lib/gcc/arm-none-eabi/11.3.1/thumb/v7e-m/nofp/crti.o
LOAD C:/ST/STM32CubeIDE_1.13.1/STM32CubeIDE/plugins/com.st.stm32cube.ide.mcu.externaltools.gnu-tools-for-stm32.11.3.rel1.win32_1.1.0.202305231506/tools/bin/../lib/gcc/arm-none-eabi/11.3.1/thumb/v7e-m/nofp/crtbegin.o
LOAD C:/ST/STM32CubeIDE_1.13.1/STM32CubeIDE/plugins/com.st.stm32cube.ide.mcu.externaltools.gnu-tools-for-stm32.11.3.rel1.win32_1.1.0.202305231506/tools/bin/../lib/gcc/arm-none-eabi/11.3.1/../../../../arm-none-eabi/lib/thumb/v7e-m/nofp/crt0.o
LOAD ./Src/FIR_program.o
LOAD ./Src/GPIO_program.o
LOAD ./Src/MCP2515_program.o
LOAD ./Src/RCC_program.o
LOAD ./Src/SPI_Program.o
LOAD ./Src/SYSTICK_program.o
LOAD ./Src/main.o
LOAD ./Src/queue.o
LOAD ./Src/syscalls.o
LOAD ./Src/sysmem.o
LOAD ./Startup/startup_stm32f401ccux.o
START GROUP
LOAD C:/ST/STM32CubeIDE_1.13.1/STM32CubeIDE/plugins/com.st.stm32cube.ide.mcu.externaltools.gnu-tools-for-stm32.11.3.rel1.win32_1.1.0.202305231506/tools/bin/../lib/gcc/arm-none-eabi/11.3.1/../../../../arm-none-eabi/lib/thumb/v7e-m/nofp\libc_nano.a
LOAD C:/ST/STM32CubeIDE_1.13.1/STM32CubeIDE/plugins/com.st.stm32cube.ide.mcu.externaltools.gnu-tools-for-stm32.11.3.rel1.win32_1.1.0.202305231506/tools/bin/../lib/gcc/arm-none-eabi/11.3.1/../../../../arm-none-eabi/lib/thumb/v7e-m/nofp\libm.a
END GROUP
START GROUP
LOAD C:/ST/STM32CubeIDE_1.13.1/STM32CubeIDE/plugins/com.st.stm32cube.ide.mcu.externaltools.gnu-tools-for-stm32.11.3.rel1.win32_1.1.0.202305231506/tools/bin/../lib/gcc/arm-none-eabi/11.3.1/thumb/v7e-m/nofp\libgcc.a
LOAD C:/ST/STM32CubeIDE_1.13.1/STM32CubeIDE/plugins/com.st.stm32cube.ide.mcu.externaltools.gnu-tools-for-stm32.11.3.rel1.win32_1.1.0.202305231506/tools/bin/../lib/gcc/arm-none-eabi/11.3.1/../../../../arm-none-eabi/lib/thumb/v7e-m/nofp\libc_nano.a
END GROUP
START GROUP
LOAD C:/ST/STM32CubeIDE_1.13.1/STM32CubeIDE/plugins/com.st.stm32cube.ide.mcu.externaltools.gnu-tools-for-stm32.11.3.rel1.win32_1.1.0.202305231506/tools/bin/../lib/gcc/arm-none-eabi/11.3.1/thumb/v7e-m/nofp\libgcc.a
LOAD C:/ST/STM32CubeIDE_1.13.1/STM32CubeIDE/plugins/com.st.stm32cube.ide.mcu.externaltools.gnu-tools-for-stm32.11.3.rel1.win32_1.1.0.202305231506/tools/bin/../lib/gcc/arm-none-eabi/11.3.1/../../../../arm-none-eabi/lib/thumb/v7e-m/nofp\libc_nano.a
LOAD C:/ST/STM32CubeIDE_1.13.1/STM32CubeIDE/plugins/com.st.stm32cube.ide.mcu.externaltools.gnu-tools-for-stm32.11.3.rel1.win32_1.1.0.202305231506/tools/bin/../lib/gcc/arm-none-eabi/11.3.1/../../../../arm-none-eabi/lib/thumb/v7e-m/nofp\libnosys.a
END GROUP
START GROUP
LOAD C:/ST/STM32CubeIDE_1.13.1/STM32CubeIDE/plugins/com.st.stm32cube.ide.mcu.externaltools.gnu-tools-for-stm32.11.3.rel1.win32_1.1.0.202305231506/tools/bin/../lib/gcc/arm-none-eabi/11.3.1/thumb/v7e-m/nofp\libgcc.a
LOAD C:/ST/STM32CubeIDE_1.13.1/STM32CubeIDE/plugins/com.st.stm32cube.ide.mcu.externaltools.gnu-tools-for-stm32.11.3.rel1.win32_1.1.0.202305231506/tools/bin/../lib/gcc/arm-none-eabi/11.3.1/../../../../arm-none-eabi/lib/thumb/v7e-m/nofp\libc_nano.a
LOAD C:/ST/STM32CubeIDE_1.13.1/STM32CubeIDE/plugins/com.st.stm32cube.ide.mcu.externaltools.gnu-tools-for-stm32.11.3.rel1.win32_1.1.0.202305231506/tools/bin/../lib/gcc/arm-none-eabi/11.3.1/../../../../arm-none-eabi/lib/thumb/v7e-m/nofp\libnosys.a
END GROUP
LOAD C:/ST/STM32CubeIDE_1.13.1/STM32CubeIDE/plugins/com.st.stm32cube.ide.mcu.externaltools.gnu-tools-for-stm32.11.3.rel1.win32_1.1.0.202305231506/tools/bin/../lib/gcc/arm-none-eabi/11.3.1/thumb/v7e-m/nofp/crtend.o
LOAD C:/ST/STM32CubeIDE_1.13.1/STM32CubeIDE/plugins/com.st.stm32cube.ide.mcu.externaltools.gnu-tools-for-stm32.11.3.rel1.win32_1.1.0.202305231506/tools/bin/../lib/gcc/arm-none-eabi/11.3.1/thumb/v7e-m/nofp/crtn.o
                0x0000000020010000                _estack = (ORIGIN (RAM) + LENGTH (RAM))
                0x0000000000000200                _Min_Heap_Size = 0x200
                0x0000000000000400                _Min_Stack_Size = 0x400

.isr_vector     0x0000000008000000      0x194
                0x0000000008000000                . = ALIGN (0x4)
 *(.isr_vector)
 .isr_vector    0x0000000008000000      0x194 ./Startup/startup_stm32f401ccux.o
                0x0000000008000000                g_pfnVectors
                0x0000000008000194                . = ALIGN (0x4)

.text           0x0000000008000194     0x18d4
                0x0000000008000194                . = ALIGN (0x4)
 *(.text)
 .text          0x0000000008000194       0x40 C:/ST/STM32CubeIDE_1.13.1/STM32CubeIDE/plugins/com.st.stm32cube.ide.mcu.externaltools.gnu-tools-for-stm32.11.3.rel1.win32_1.1.0.202305231506/tools/bin/../lib/gcc/arm-none-eabi/11.3.1/thumb/v7e-m/nofp/crtbegin.o
 .text          0x00000000080001d4      0x21c C:/ST/STM32CubeIDE_1.13.1/STM32CubeIDE/plugins/com.st.stm32cube.ide.mcu.externaltools.gnu-tools-for-stm32.11.3.rel1.win32_1.1.0.202305231506/tools/bin/../lib/gcc/arm-none-eabi/11.3.1/thumb/v7e-m/nofp\libgcc.a(_arm_addsubsf3.o)
                0x00000000080001d4                __aeabi_frsub
                0x00000000080001dc                __subsf3
                0x00000000080001dc                __aeabi_fsub
                0x00000000080001e0                __aeabi_fadd
                0x00000000080001e0                __addsf3
                0x0000000008000340                __aeabi_ui2f
                0x0000000008000340                __floatunsisf
                0x0000000008000348                __aeabi_i2f
                0x0000000008000348                __floatsisf
                0x0000000008000364                __aeabi_ul2f
                0x0000000008000364                __floatundisf
                0x0000000008000374                __aeabi_l2f
                0x0000000008000374                __floatdisf
 .text          0x00000000080003f0      0x2a0 C:/ST/STM32CubeIDE_1.13.1/STM32CubeIDE/plugins/com.st.stm32cube.ide.mcu.externaltools.gnu-tools-for-stm32.11.3.rel1.win32_1.1.0.202305231506/tools/bin/../lib/gcc/arm-none-eabi/11.3.1/thumb/v7e-m/nofp\libgcc.a(_arm_muldivsf3.o)
                0x00000000080003f0                __mulsf3
                0x00000000080003f0                __aeabi_fmul
                0x0000000008000558                __aeabi_fdiv
                0x0000000008000558                __divsf3
 .text          0x0000000008000690       0x4c C:/ST/STM32CubeIDE_1.13.1/STM32CubeIDE/plugins/com.st.stm32cube.ide.mcu.externaltools.gnu-tools-for-stm32.11.3.rel1.win32_1.1.0.202305231506/tools/bin/../lib/gcc/arm-none-eabi/11.3.1/thumb/v7e-m/nofp\libgcc.a(_arm_fixsfsi.o)
                0x0000000008000690                __aeabi_f2iz
                0x0000000008000690                __fixsfsi
 .text          0x00000000080006dc       0x40 C:/ST/STM32CubeIDE_1.13.1/STM32CubeIDE/plugins/com.st.stm32cube.ide.mcu.externaltools.gnu-tools-for-stm32.11.3.rel1.win32_1.1.0.202305231506/tools/bin/../lib/gcc/arm-none-eabi/11.3.1/thumb/v7e-m/nofp\libgcc.a(_arm_fixunssfsi.o)
                0x00000000080006dc                __fixunssfsi
                0x00000000080006dc                __aeabi_f2uiz
 *(.text*)
 .text.FIR_voidFilterInit
                0x000000000800071c       0x50 ./Src/FIR_program.o
                0x000000000800071c                FIR_voidFilterInit
 .text.FIR_f32FilterUpdate
                0x000000000800076c       0x88 ./Src/FIR_program.o
                0x000000000800076c                FIR_f32FilterUpdate
 .text.GPIO_enPinInit
                0x00000000080007f4      0x460 ./Src/GPIO_program.o
                0x00000000080007f4                GPIO_enPinInit
 .text.GPIO_enSetPinValue
                0x0000000008000c54       0xd8 ./Src/GPIO_program.o
                0x0000000008000c54                GPIO_enSetPinValue
 .text.GPIO_enReadPinValue
                0x0000000008000d2c       0x9c ./Src/GPIO_program.o
                0x0000000008000d2c                GPIO_enReadPinValue
 .text.MCP2515_voidChipSelect
                0x0000000008000dc8       0x34 ./Src/MCP2515_program.o
 .text.MCP2515_u8ReadRegister
                0x0000000008000dfc       0x44 ./Src/MCP2515_program.o
                0x0000000008000dfc                MCP2515_u8ReadRegister
 .text.MCP2515_voidWriteRegister
                0x0000000008000e40       0x44 ./Src/MCP2515_program.o
                0x0000000008000e40                MCP2515_voidWriteRegister
 .text.MCP2515_voidSetBitTiming
                0x0000000008000e84       0x38 ./Src/MCP2515_program.o
                0x0000000008000e84                MCP2515_voidSetBitTiming
 .text.MCP2515_voidReset
                0x0000000008000ebc       0x20 ./Src/MCP2515_program.o
                0x0000000008000ebc                MCP2515_voidReset
 .text.MCP2515_voidChangeBits
                0x0000000008000edc       0x50 ./Src/MCP2515_program.o
                0x0000000008000edc                MCP2515_voidChangeBits
 .text.MCP2515_voidSetMode
                0x0000000008000f2c       0x38 ./Src/MCP2515_program.o
                0x0000000008000f2c                MCP2515_voidSetMode
 .text.MCP2515_voidInit
                0x0000000008000f64       0x3a ./Src/MCP2515_program.o
                0x0000000008000f64                MCP2515_voidInit
 *fill*         0x0000000008000f9e        0x2 
 .text.MCP2515_voidSendCANmsg
                0x0000000008000fa0       0xbc ./Src/MCP2515_program.o
                0x0000000008000fa0                MCP2515_voidSendCANmsg
 .text.MCP2515_voidSetRollover
                0x000000000800105c       0x22 ./Src/MCP2515_program.o
                0x000000000800105c                MCP2515_voidSetRollover
 *fill*         0x000000000800107e        0x2 
 .text.MCP2515_voidSetMask
                0x0000000008001080       0xac ./Src/MCP2515_program.o
                0x0000000008001080                MCP2515_voidSetMask
 .text.MCP2515_voidReceiveInit
                0x000000000800112c       0x5c ./Src/MCP2515_program.o
                0x000000000800112c                MCP2515_voidReceiveInit
 .text.MCP2515_stReceiveCANmsg
                0x0000000008001188       0xdc ./Src/MCP2515_program.o
                0x0000000008001188                MCP2515_stReceiveCANmsg
 .text.RCC_enAHB1_EnableClk
                0x0000000008001264       0x68 ./Src/RCC_program.o
                0x0000000008001264                RCC_enAHB1_EnableClk
 .text.RCC_enAPB2_EnableClk
                0x00000000080012cc       0x68 ./Src/RCC_program.o
                0x00000000080012cc                RCC_enAPB2_EnableClk
 .text.MSPI_voidInitMaster
                0x0000000008001334       0x18 ./Src/SPI_Program.o
                0x0000000008001334                MSPI_voidInitMaster
 .text.MSPI_voidSendRecieveDataSync
                0x000000000800134c       0x48 ./Src/SPI_Program.o
                0x000000000800134c                MSPI_voidSendRecieveDataSync
 .text.SYSTICK_enInit
                0x0000000008001394       0x5c ./Src/SYSTICK_program.o
                0x0000000008001394                SYSTICK_enInit
 .text.SysTick_Handler
                0x00000000080013f0       0x1c ./Src/SYSTICK_program.o
                0x00000000080013f0                SysTick_Handler
 .text.main     0x000000000800140c      0x3c0 ./Src/main.o
                0x000000000800140c                main
 .text.Queue_voidCircularArrayQueueInit
                0x00000000080017cc       0x24 ./Src/queue.o
                0x00000000080017cc                Queue_voidCircularArrayQueueInit
 .text.Queue_s32CircularArrayQueueIsFull
                0x00000000080017f0       0x3c ./Src/queue.o
                0x00000000080017f0                Queue_s32CircularArrayQueueIsFull
 .text.Queue_s32CircularArrayQueueIsEmpty
                0x000000000800182c       0x26 ./Src/queue.o
                0x000000000800182c                Queue_s32CircularArrayQueueIsEmpty
 .text.Queue_voidCircularArrayQueueEnqueue
                0x0000000008001852       0x6a ./Src/queue.o
                0x0000000008001852                Queue_voidCircularArrayQueueEnqueue
 .text.Queue_voidCircularArrayQueueDequeueEnqueue
                0x00000000080018bc       0x76 ./Src/queue.o
                0x00000000080018bc                Queue_voidCircularArrayQueueDequeueEnqueue
 .text.Queue_s32CircularArrayQueueDequeue
                0x0000000008001932       0x80 ./Src/queue.o
                0x0000000008001932                Queue_s32CircularArrayQueueDequeue
 *fill*         0x00000000080019b2        0x2 
 .text.Reset_Handler
                0x00000000080019b4       0x50 ./Startup/startup_stm32f401ccux.o
                0x00000000080019b4                Reset_Handler
 .text.Default_Handler
                0x0000000008001a04        0x2 ./Startup/startup_stm32f401ccux.o
                0x0000000008001a04                EXTI2_IRQHandler
                0x0000000008001a04                DebugMon_Handler
                0x0000000008001a04                SPI4_IRQHandler
                0x0000000008001a04                TIM1_CC_IRQHandler
                0x0000000008001a04                DMA2_Stream5_IRQHandler
                0x0000000008001a04                HardFault_Handler
                0x0000000008001a04                DMA1_Stream5_IRQHandler
                0x0000000008001a04                SDIO_IRQHandler
                0x0000000008001a04                TAMP_STAMP_IRQHandler
                0x0000000008001a04                PendSV_Handler
                0x0000000008001a04                NMI_Handler
                0x0000000008001a04                EXTI3_IRQHandler
                0x0000000008001a04                TIM1_UP_TIM10_IRQHandler
                0x0000000008001a04                I2C3_ER_IRQHandler
                0x0000000008001a04                EXTI18_OTG_FS_WKUP_IRQHandler
                0x0000000008001a04                EXTI0_IRQHandler
                0x0000000008001a04                I2C2_EV_IRQHandler
                0x0000000008001a04                DMA1_Stream2_IRQHandler
                0x0000000008001a04                UsageFault_Handler
                0x0000000008001a04                DMA2_Stream2_IRQHandler
                0x0000000008001a04                SPI1_IRQHandler
                0x0000000008001a04                TIM1_BRK_TIM9_IRQHandler
                0x0000000008001a04                DMA2_Stream3_IRQHandler
                0x0000000008001a04                USART6_IRQHandler
                0x0000000008001a04                DMA2_Stream0_IRQHandler
                0x0000000008001a04                TIM4_IRQHandler
                0x0000000008001a04                I2C1_EV_IRQHandler
                0x0000000008001a04                DMA1_Stream6_IRQHandler
                0x0000000008001a04                DMA1_Stream1_IRQHandler
                0x0000000008001a04                TIM3_IRQHandler
                0x0000000008001a04                RCC_IRQHandler
                0x0000000008001a04                Default_Handler
                0x0000000008001a04                EXTI15_10_IRQHandler
                0x0000000008001a04                ADC_IRQHandler
                0x0000000008001a04                DMA1_Stream7_IRQHandler
                0x0000000008001a04                TIM5_IRQHandler
                0x0000000008001a04                DMA2_Stream7_IRQHandler
                0x0000000008001a04                I2C3_EV_IRQHandler
                0x0000000008001a04                EXTI9_5_IRQHandler
                0x0000000008001a04                SPI2_IRQHandler
                0x0000000008001a04                MemManage_Handler
                0x0000000008001a04                DMA1_Stream0_IRQHandler
                0x0000000008001a04                SVC_Handler
                0x0000000008001a04                EXTI4_IRQHandler
                0x0000000008001a04                EXTI22_RTC_WKUP_IRQHandler
                0x0000000008001a04                TIM2_IRQHandler
                0x0000000008001a04                EXTI16_PVD_IRQHandler
                0x0000000008001a04                TIM1_TRG_COM_TIM11_IRQHandler
                0x0000000008001a04                EXTI1_IRQHandler
                0x0000000008001a04                EXTI17_RTC_Alarm_IRQHandler
                0x0000000008001a04                USART2_IRQHandler
                0x0000000008001a04                I2C2_ER_IRQHandler
                0x0000000008001a04                DMA2_Stream1_IRQHandler
                0x0000000008001a04                FLASH_IRQHandler
                0x0000000008001a04                DMA2_Stream4_IRQHandler
                0x0000000008001a04                BusFault_Handler
                0x0000000008001a04                USART1_IRQHandler
                0x0000000008001a04                OTG_FS_IRQHandler
                0x0000000008001a04                SPI3_IRQHandler
                0x0000000008001a04                DMA1_Stream4_IRQHandler
                0x0000000008001a04                I2C1_ER_IRQHandler
                0x0000000008001a04                DMA2_Stream6_IRQHandler
                0x0000000008001a04                DMA1_Stream3_IRQHandler
 *fill*         0x0000000008001a06        0x2 
 .text.__libc_init_array
                0x0000000008001a08       0x48 C:/ST/STM32CubeIDE_1.13.1/STM32CubeIDE/plugins/com.st.stm32cube.ide.mcu.externaltools.gnu-tools-for-stm32.11.3.rel1.win32_1.1.0.202305231506/tools/bin/../lib/gcc/arm-none-eabi/11.3.1/../../../../arm-none-eabi/lib/thumb/v7e-m/nofp\libc_nano.a(libc_a-init.o)
                0x0000000008001a08                __libc_init_array
 *(.glue_7)
 .glue_7        0x0000000008001a50        0x0 linker stubs
 *(.glue_7t)
 .glue_7t       0x0000000008001a50        0x0 linker stubs
 *(.eh_frame)
 .eh_frame      0x0000000008001a50        0x0 C:/ST/STM32CubeIDE_1.13.1/STM32CubeIDE/plugins/com.st.stm32cube.ide.mcu.externaltools.gnu-tools-for-stm32.11.3.rel1.win32_1.1.0.202305231506/tools/bin/../lib/gcc/arm-none-eabi/11.3.1/thumb/v7e-m/nofp/crtbegin.o
 *(.init)
 .init          0x0000000008001a50        0x4 C:/ST/STM32CubeIDE_1.13.1/STM32CubeIDE/plugins/com.st.stm32cube.ide.mcu.externaltools.gnu-tools-for-stm32.11.3.rel1.win32_1.1.0.202305231506/tools/bin/../lib/gcc/arm-none-eabi/11.3.1/thumb/v7e-m/nofp/crti.o
                0x0000000008001a50                _init
 .init          0x0000000008001a54        0x8 C:/ST/STM32CubeIDE_1.13.1/STM32CubeIDE/plugins/com.st.stm32cube.ide.mcu.externaltools.gnu-tools-for-stm32.11.3.rel1.win32_1.1.0.202305231506/tools/bin/../lib/gcc/arm-none-eabi/11.3.1/thumb/v7e-m/nofp/crtn.o
 *(.fini)
 .fini          0x0000000008001a5c        0x4 C:/ST/STM32CubeIDE_1.13.1/STM32CubeIDE/plugins/com.st.stm32cube.ide.mcu.externaltools.gnu-tools-for-stm32.11.3.rel1.win32_1.1.0.202305231506/tools/bin/../lib/gcc/arm-none-eabi/11.3.1/thumb/v7e-m/nofp/crti.o
                0x0000000008001a5c                _fini
 .fini          0x0000000008001a60        0x8 C:/ST/STM32CubeIDE_1.13.1/STM32CubeIDE/plugins/com.st.stm32cube.ide.mcu.externaltools.gnu-tools-for-stm32.11.3.rel1.win32_1.1.0.202305231506/tools/bin/../lib/gcc/arm-none-eabi/11.3.1/thumb/v7e-m/nofp/crtn.o
                0x0000000008001a68                . = ALIGN (0x4)
                0x0000000008001a68                _etext = .

.vfp11_veneer   0x0000000008001a68        0x0
 .vfp11_veneer  0x0000000008001a68        0x0 linker stubs

.v4_bx          0x0000000008001a68        0x0
 .v4_bx         0x0000000008001a68        0x0 linker stubs

.iplt           0x0000000008001a68        0x0
 .iplt          0x0000000008001a68        0x0 C:/ST/STM32CubeIDE_1.13.1/STM32CubeIDE/plugins/com.st.stm32cube.ide.mcu.externaltools.gnu-tools-for-stm32.11.3.rel1.win32_1.1.0.202305231506/tools/bin/../lib/gcc/arm-none-eabi/11.3.1/thumb/v7e-m/nofp/crtbegin.o

.rel.dyn        0x0000000008001a68        0x0
 .rel.iplt      0x0000000008001a68        0x0 C:/ST/STM32CubeIDE_1.13.1/STM32CubeIDE/plugins/com.st.stm32cube.ide.mcu.externaltools.gnu-tools-for-stm32.11.3.rel1.win32_1.1.0.202305231506/tools/bin/../lib/gcc/arm-none-eabi/11.3.1/thumb/v7e-m/nofp/crtbegin.o

.rodata         0x0000000008001a68        0x0
                0x0000000008001a68                . = ALIGN (0x4)
 *(.rodata)
 *(.rodata*)
                0x0000000008001a68                . = ALIGN (0x4)

.ARM.extab      0x0000000008001a68        0x0
                0x0000000008001a68                . = ALIGN (0x4)
 *(.ARM.extab* .gnu.linkonce.armextab.*)
                0x0000000008001a68                . = ALIGN (0x4)

.ARM            0x0000000008001a68        0x0
                0x0000000008001a68                . = ALIGN (0x4)
                0x0000000008001a68                __exidx_start = .
 *(.ARM.exidx*)
                0x0000000008001a68                __exidx_end = .
                0x0000000008001a68                . = ALIGN (0x4)

.preinit_array  0x0000000008001a68        0x0
                0x0000000008001a68                . = ALIGN (0x4)
                0x0000000008001a68                PROVIDE (__preinit_array_start = .)
 *(.preinit_array*)
                0x0000000008001a68                PROVIDE (__preinit_array_end = .)
                0x0000000008001a68                . = ALIGN (0x4)

.init_array     0x0000000008001a68        0x4
                0x0000000008001a68                . = ALIGN (0x4)
                0x0000000008001a68                PROVIDE (__init_array_start = .)
 *(SORT_BY_NAME(.init_array.*))
 *(.init_array*)
 .init_array    0x0000000008001a68        0x4 C:/ST/STM32CubeIDE_1.13.1/STM32CubeIDE/plugins/com.st.stm32cube.ide.mcu.externaltools.gnu-tools-for-stm32.11.3.rel1.win32_1.1.0.202305231506/tools/bin/../lib/gcc/arm-none-eabi/11.3.1/thumb/v7e-m/nofp/crtbegin.o
                0x0000000008001a6c                PROVIDE (__init_array_end = .)
                0x0000000008001a6c                . = ALIGN (0x4)

.fini_array     0x0000000008001a6c        0x4
                0x0000000008001a6c                . = ALIGN (0x4)
                [!provide]                        PROVIDE (__fini_array_start = .)
 *(SORT_BY_NAME(.fini_array.*))
 *(.fini_array*)
 .fini_array    0x0000000008001a6c        0x4 C:/ST/STM32CubeIDE_1.13.1/STM32CubeIDE/plugins/com.st.stm32cube.ide.mcu.externaltools.gnu-tools-for-stm32.11.3.rel1.win32_1.1.0.202305231506/tools/bin/../lib/gcc/arm-none-eabi/11.3.1/thumb/v7e-m/nofp/crtbegin.o
                [!provide]                        PROVIDE (__fini_array_end = .)
                0x0000000008001a70                . = ALIGN (0x4)
                0x0000000008001a70                _sidata = LOADADDR (.data)

.data           0x0000000020000000      0x260 load address 0x0000000008001a70
                0x0000000020000000                . = ALIGN (0x4)
                0x0000000020000000                _sdata = .
 *(.data)
 *(.data*)
 .data.Main_stSS
                0x0000000020000000        0x7 ./Src/MCP2515_program.o
 *fill*         0x0000000020000007        0x1 
 .data.Main_stTFT_CLK
                0x0000000020000008        0x7 ./Src/main.o
 *fill*         0x000000002000000f        0x1 
 .data.Main_stTFT_MOSI
                0x0000000020000010        0x7 ./Src/main.o
 *fill*         0x0000000020000017        0x1 
 .data.Main_stTFT_MISO
                0x0000000020000018        0x7 ./Src/main.o
 *fill*         0x000000002000001f        0x1 
 .data.Main_stSS
                0x0000000020000020        0x7 ./Src/main.o
 *fill*         0x0000000020000027        0x1 
 .data.Main_stMCPInterrupt
                0x0000000020000028        0x7 ./Src/main.o
 *fill*         0x000000002000002f        0x1 
 .data.Main_stLDRFilter
                0x0000000020000030       0x8c ./Src/main.o
                0x0000000020000030                Main_stLDRFilter
 .data.Main_stTemperatureFilter
                0x00000000200000bc       0x8c ./Src/main.o
                0x00000000200000bc                Main_stTemperatureFilter
 .data.Main_stFrontDistanceFilter
                0x0000000020000148       0x8c ./Src/main.o
                0x0000000020000148                Main_stFrontDistanceFilter
 .data.Main_stRearDistanceFilter
                0x00000000200001d4       0x8c ./Src/main.o
                0x00000000200001d4                Main_stRearDistanceFilter
 *(.RamFunc)
 *(.RamFunc*)
                0x0000000020000260                . = ALIGN (0x4)
                0x0000000020000260                _edata = .

.igot.plt       0x0000000020000260        0x0 load address 0x0000000008001cd0
 .igot.plt      0x0000000020000260        0x0 C:/ST/STM32CubeIDE_1.13.1/STM32CubeIDE/plugins/com.st.stm32cube.ide.mcu.externaltools.gnu-tools-for-stm32.11.3.rel1.win32_1.1.0.202305231506/tools/bin/../lib/gcc/arm-none-eabi/11.3.1/thumb/v7e-m/nofp/crtbegin.o
                0x0000000020000260                . = ALIGN (0x4)

.bss            0x0000000020000260       0x38 load address 0x0000000008001cd0
                0x0000000020000260                _sbss = .
                0x0000000020000260                __bss_start__ = _sbss
 *(.bss)
 .bss           0x0000000020000260       0x1c C:/ST/STM32CubeIDE_1.13.1/STM32CubeIDE/plugins/com.st.stm32cube.ide.mcu.externaltools.gnu-tools-for-stm32.11.3.rel1.win32_1.1.0.202305231506/tools/bin/../lib/gcc/arm-none-eabi/11.3.1/thumb/v7e-m/nofp/crtbegin.o
 *(.bss*)
 .bss.MCP2515_u8ReceiveData
                0x000000002000027c        0x1 ./Src/MCP2515_program.o
                0x000000002000027c                MCP2515_u8ReceiveData
 *fill*         0x000000002000027d        0x3 
 .bss.MCP2515_u8ReadBuffer
                0x0000000020000280        0xe ./Src/MCP2515_program.o
                0x0000000020000280                MCP2515_u8ReadBuffer
 *fill*         0x000000002000028e        0x2 
 .bss.SYSTICK_stConfig
                0x0000000020000290        0x4 ./Src/SYSTICK_program.o
 .bss.SYSTICK_pvCallBackFunction
                0x0000000020000294        0x4 ./Src/SYSTICK_program.o
 *(COMMON)
                0x0000000020000298                . = ALIGN (0x4)
                0x0000000020000298                _ebss = .
                0x0000000020000298                __bss_end__ = _ebss

._user_heap_stack
                0x0000000020000298      0x600 load address 0x0000000008001cd0
                0x0000000020000298                . = ALIGN (0x8)
                [!provide]                        PROVIDE (end = .)
                0x0000000020000298                PROVIDE (_end = .)
                0x0000000020000498                . = (. + _Min_Heap_Size)
 *fill*         0x0000000020000298      0x200 
                0x0000000020000898                . = (. + _Min_Stack_Size)
 *fill*         0x0000000020000498      0x400 
                0x0000000020000898                . = ALIGN (0x8)

/DISCARD/
 libc.a(*)
 libm.a(*)
 libgcc.a(*)

.ARM.attributes
                0x0000000000000000       0x2a
 *(.ARM.attributes)
 .ARM.attributes
                0x0000000000000000       0x1e C:/ST/STM32CubeIDE_1.13.1/STM32CubeIDE/plugins/com.st.stm32cube.ide.mcu.externaltools.gnu-tools-for-stm32.11.3.rel1.win32_1.1.0.202305231506/tools/bin/../lib/gcc/arm-none-eabi/11.3.1/thumb/v7e-m/nofp/crti.o
 .ARM.attributes
                0x000000000000001e       0x2e C:/ST/STM32CubeIDE_1.13.1/STM32CubeIDE/plugins/com.st.stm32cube.ide.mcu.externaltools.gnu-tools-for-stm32.11.3.rel1.win32_1.1.0.202305231506/tools/bin/../lib/gcc/arm-none-eabi/11.3.1/thumb/v7e-m/nofp/crtbegin.o
 .ARM.attributes
                0x000000000000004c       0x2e ./Src/FIR_program.o
 .ARM.attributes
                0x000000000000007a       0x2e ./Src/GPIO_program.o
 .ARM.attributes
                0x00000000000000a8       0x2e ./Src/MCP2515_program.o
 .ARM.attributes
                0x00000000000000d6       0x2e ./Src/RCC_program.o
 .ARM.attributes
                0x0000000000000104       0x2e ./Src/SPI_Program.o
 .ARM.attributes
                0x0000000000000132       0x2e ./Src/SYSTICK_program.o
 .ARM.attributes
                0x0000000000000160       0x2e ./Src/main.o
 .ARM.attributes
                0x000000000000018e       0x2e ./Src/queue.o
 .ARM.attributes
                0x00000000000001bc       0x21 ./Startup/startup_stm32f401ccux.o
 .ARM.attributes
                0x00000000000001dd       0x2e C:/ST/STM32CubeIDE_1.13.1/STM32CubeIDE/plugins/com.st.stm32cube.ide.mcu.externaltools.gnu-tools-for-stm32.11.3.rel1.win32_1.1.0.202305231506/tools/bin/../lib/gcc/arm-none-eabi/11.3.1/../../../../arm-none-eabi/lib/thumb/v7e-m/nofp\libc_nano.a(libc_a-init.o)
 .ARM.attributes
                0x000000000000020b       0x1e C:/ST/STM32CubeIDE_1.13.1/STM32CubeIDE/plugins/com.st.stm32cube.ide.mcu.externaltools.gnu-tools-for-stm32.11.3.rel1.win32_1.1.0.202305231506/tools/bin/../lib/gcc/arm-none-eabi/11.3.1/thumb/v7e-m/nofp\libgcc.a(_arm_addsubsf3.o)
 .ARM.attributes
                0x0000000000000229       0x1e C:/ST/STM32CubeIDE_1.13.1/STM32CubeIDE/plugins/com.st.stm32cube.ide.mcu.externaltools.gnu-tools-for-stm32.11.3.rel1.win32_1.1.0.202305231506/tools/bin/../lib/gcc/arm-none-eabi/11.3.1/thumb/v7e-m/nofp\libgcc.a(_arm_muldivsf3.o)
 .ARM.attributes
                0x0000000000000247       0x1e C:/ST/STM32CubeIDE_1.13.1/STM32CubeIDE/plugins/com.st.stm32cube.ide.mcu.externaltools.gnu-tools-for-stm32.11.3.rel1.win32_1.1.0.202305231506/tools/bin/../lib/gcc/arm-none-eabi/11.3.1/thumb/v7e-m/nofp\libgcc.a(_arm_fixsfsi.o)
 .ARM.attributes
                0x0000000000000265       0x1e C:/ST/STM32CubeIDE_1.13.1/STM32CubeIDE/plugins/com.st.stm32cube.ide.mcu.externaltools.gnu-tools-for-stm32.11.3.rel1.win32_1.1.0.202305231506/tools/bin/../lib/gcc/arm-none-eabi/11.3.1/thumb/v7e-m/nofp\libgcc.a(_arm_fixunssfsi.o)
 .ARM.attributes
                0x0000000000000283       0x1e C:/ST/STM32CubeIDE_1.13.1/STM32CubeIDE/plugins/com.st.stm32cube.ide.mcu.externaltools.gnu-tools-for-stm32.11.3.rel1.win32_1.1.0.202305231506/tools/bin/../lib/gcc/arm-none-eabi/11.3.1/thumb/v7e-m/nofp/crtn.o
OUTPUT(F401_ITI_GP_SensorsFilters.elf elf32-littlearm)
LOAD linker stubs
LOAD C:/ST/STM32CubeIDE_1.13.1/STM32CubeIDE/plugins/com.st.stm32cube.ide.mcu.externaltools.gnu-tools-for-stm32.11.3.rel1.win32_1.1.0.202305231506/tools/bin/../lib/gcc/arm-none-eabi/11.3.1/../../../../arm-none-eabi/lib/thumb/v7e-m/nofp\libc.a
LOAD C:/ST/STM32CubeIDE_1.13.1/STM32CubeIDE/plugins/com.st.stm32cube.ide.mcu.externaltools.gnu-tools-for-stm32.11.3.rel1.win32_1.1.0.202305231506/tools/bin/../lib/gcc/arm-none-eabi/11.3.1/../../../../arm-none-eabi/lib/thumb/v7e-m/nofp\libm.a
LOAD C:/ST/STM32CubeIDE_1.13.1/STM32CubeIDE/plugins/com.st.stm32cube.ide.mcu.externaltools.gnu-tools-for-stm32.11.3.rel1.win32_1.1.0.202305231506/tools/bin/../lib/gcc/arm-none-eabi/11.3.1/thumb/v7e-m/nofp\libgcc.a

.comment        0x0000000000000000       0x43
 .comment       0x0000000000000000       0x43 C:/ST/STM32CubeIDE_1.13.1/STM32CubeIDE/plugins/com.st.stm32cube.ide.mcu.externaltools.gnu-tools-for-stm32.11.3.rel1.win32_1.1.0.202305231506/tools/bin/../lib/gcc/arm-none-eabi/11.3.1/thumb/v7e-m/nofp/crtbegin.o
                                         0x44 (size before relaxing)
 .comment       0x0000000000000043       0x44 ./Src/FIR_program.o
 .comment       0x0000000000000043       0x44 ./Src/GPIO_program.o
 .comment       0x0000000000000043       0x44 ./Src/MCP2515_program.o
 .comment       0x0000000000000043       0x44 ./Src/RCC_program.o
 .comment       0x0000000000000043       0x44 ./Src/SPI_Program.o
 .comment       0x0000000000000043       0x44 ./Src/SYSTICK_program.o
 .comment       0x0000000000000043       0x44 ./Src/main.o
 .comment       0x0000000000000043       0x44 ./Src/queue.o

.debug_info     0x0000000000000000     0x2912
 .debug_info    0x0000000000000000      0x358 ./Src/FIR_program.o
 .debug_info    0x0000000000000358      0x5af ./Src/GPIO_program.o
 .debug_info    0x0000000000000907      0x68e ./Src/MCP2515_program.o
 .debug_info    0x0000000000000f95      0x5f4 ./Src/RCC_program.o
 .debug_info    0x0000000000001589      0x485 ./Src/SPI_Program.o
 .debug_info    0x0000000000001a0e      0x365 ./Src/SYSTICK_program.o
 .debug_info    0x0000000000001d73      0x864 ./Src/main.o
 .debug_info    0x00000000000025d7      0x318 ./Src/queue.o
 .debug_info    0x00000000000028ef       0x23 ./Startup/startup_stm32f401ccux.o

.debug_abbrev   0x0000000000000000      0xaa6
 .debug_abbrev  0x0000000000000000      0x133 ./Src/FIR_program.o
 .debug_abbrev  0x0000000000000133      0x120 ./Src/GPIO_program.o
 .debug_abbrev  0x0000000000000253      0x1fe ./Src/MCP2515_program.o
 .debug_abbrev  0x0000000000000451      0x120 ./Src/RCC_program.o
 .debug_abbrev  0x0000000000000571      0x17d ./Src/SPI_Program.o
 .debug_abbrev  0x00000000000006ee      0x165 ./Src/SYSTICK_program.o
 .debug_abbrev  0x0000000000000853      0x173 ./Src/main.o
 .debug_abbrev  0x00000000000009c6       0xce ./Src/queue.o
 .debug_abbrev  0x0000000000000a94       0x12 ./Startup/startup_stm32f401ccux.o

.debug_aranges  0x0000000000000000      0x288
 .debug_aranges
                0x0000000000000000       0x40 ./Src/FIR_program.o
 .debug_aranges
                0x0000000000000040       0x48 ./Src/GPIO_program.o
 .debug_aranges
                0x0000000000000088       0x88 ./Src/MCP2515_program.o
 .debug_aranges
                0x0000000000000110       0x40 ./Src/RCC_program.o
 .debug_aranges
                0x0000000000000150       0x38 ./Src/SPI_Program.o
 .debug_aranges
                0x0000000000000188       0x60 ./Src/SYSTICK_program.o
 .debug_aranges
                0x00000000000001e8       0x20 ./Src/main.o
 .debug_aranges
                0x0000000000000208       0x58 ./Src/queue.o
 .debug_aranges
                0x0000000000000260       0x28 ./Startup/startup_stm32f401ccux.o

.debug_rnglists
                0x0000000000000000      0x1ca
 .debug_rnglists
                0x0000000000000000       0x2e ./Src/FIR_program.o
 .debug_rnglists
                0x000000000000002e       0x36 ./Src/GPIO_program.o
 .debug_rnglists
                0x0000000000000064       0x64 ./Src/MCP2515_program.o
 .debug_rnglists
                0x00000000000000c8       0x2d ./Src/RCC_program.o
 .debug_rnglists
                0x00000000000000f5       0x25 ./Src/SPI_Program.o
 .debug_rnglists
                0x000000000000011a       0x45 ./Src/SYSTICK_program.o
 .debug_rnglists
                0x000000000000015f       0x14 ./Src/main.o
 .debug_rnglists
                0x0000000000000173       0x3e ./Src/queue.o
 .debug_rnglists
                0x00000000000001b1       0x19 ./Startup/startup_stm32f401ccux.o

.debug_macro    0x0000000000000000     0x16ae
 .debug_macro   0x0000000000000000       0x85 ./Src/FIR_program.o
 .debug_macro   0x0000000000000085      0xaa2 ./Src/FIR_program.o
 .debug_macro   0x0000000000000b27       0x22 ./Src/FIR_program.o
 .debug_macro   0x0000000000000b49       0x8e ./Src/FIR_program.o
 .debug_macro   0x0000000000000bd7       0x51 ./Src/FIR_program.o
 .debug_macro   0x0000000000000c28      0x103 ./Src/FIR_program.o
 .debug_macro   0x0000000000000d2b       0x6a ./Src/FIR_program.o
 .debug_macro   0x0000000000000d95      0x1df ./Src/FIR_program.o
 .debug_macro   0x0000000000000f74       0x1c ./Src/FIR_program.o
 .debug_macro   0x0000000000000f90       0x10 ./Src/FIR_program.o
 .debug_macro   0x0000000000000fa0       0x89 ./Src/GPIO_program.o
 .debug_macro   0x0000000000001029      0x147 ./Src/GPIO_program.o
 .debug_macro   0x0000000000001170       0xa5 ./Src/MCP2515_program.o
 .debug_macro   0x0000000000001215       0x22 ./Src/MCP2515_program.o
 .debug_macro   0x0000000000001237       0x1c ./Src/MCP2515_program.o
 .debug_macro   0x0000000000001253       0x28 ./Src/MCP2515_program.o
 .debug_macro   0x000000000000127b       0xb2 ./Src/MCP2515_program.o
 .debug_macro   0x000000000000132d       0x87 ./Src/RCC_program.o
 .debug_macro   0x00000000000013b4       0x22 ./Src/RCC_program.o
 .debug_macro   0x00000000000013d6       0x10 ./Src/RCC_program.o
 .debug_macro   0x00000000000013e6       0xa5 ./Src/SPI_Program.o
 .debug_macro   0x000000000000148b       0x70 ./Src/SPI_Program.o
 .debug_macro   0x00000000000014fb       0x89 ./Src/SYSTICK_program.o
 .debug_macro   0x0000000000001584       0xbd ./Src/main.o
 .debug_macro   0x0000000000001641       0x6d ./Src/queue.o

.debug_line     0x0000000000000000     0x340d
 .debug_line    0x0000000000000000      0x606 ./Src/FIR_program.o
 .debug_line    0x0000000000000606      0x93f ./Src/GPIO_program.o
 .debug_line    0x0000000000000f45      0x768 ./Src/MCP2515_program.o
 .debug_line    0x00000000000016ad      0x618 ./Src/RCC_program.o
 .debug_line    0x0000000000001cc5      0x50f ./Src/SPI_Program.o
 .debug_line    0x00000000000021d4      0x628 ./Src/SYSTICK_program.o
 .debug_line    0x00000000000027fc      0x5f6 ./Src/main.o
 .debug_line    0x0000000000002df2      0x5a0 ./Src/queue.o
 .debug_line    0x0000000000003392       0x7b ./Startup/startup_stm32f401ccux.o

.debug_str      0x0000000000000000     0x5d99
 .debug_str     0x0000000000000000     0x3e42 ./Src/FIR_program.o
                                       0x3fb9 (size before relaxing)
 .debug_str     0x0000000000003e42      0xc0e ./Src/GPIO_program.o
                                       0x4956 (size before relaxing)
 .debug_str     0x0000000000004a50      0x63c ./Src/MCP2515_program.o
                                       0x46cc (size before relaxing)
 .debug_str     0x000000000000508c      0x432 ./Src/RCC_program.o
                                       0x48a5 (size before relaxing)
 .debug_str     0x00000000000054be      0x156 ./Src/SPI_Program.o
                                       0x4a3b (size before relaxing)
 .debug_str     0x0000000000005614      0x260 ./Src/SYSTICK_program.o
                                       0x471b (size before relaxing)
 .debug_str     0x0000000000005874      0x3c1 ./Src/main.o
                                       0x4823 (size before relaxing)
 .debug_str     0x0000000000005c35      0x135 ./Src/queue.o
                                       0x3e9f (size before relaxing)
 .debug_str     0x0000000000005d6a       0x2f ./Startup/startup_stm32f401ccux.o
                                         0x8f (size before relaxing)

.debug_frame    0x0000000000000000      0x904
 .debug_frame   0x0000000000000000       0xd0 ./Src/FIR_program.o
 .debug_frame   0x00000000000000d0      0x104 ./Src/GPIO_program.o
 .debug_frame   0x00000000000001d4      0x1f8 ./Src/MCP2515_program.o
 .debug_frame   0x00000000000003cc       0xd8 ./Src/RCC_program.o
 .debug_frame   0x00000000000004a4       0x9c ./Src/SPI_Program.o
 .debug_frame   0x0000000000000540      0x15c ./Src/SYSTICK_program.o
 .debug_frame   0x000000000000069c       0x30 ./Src/main.o
 .debug_frame   0x00000000000006cc      0x140 ./Src/queue.o
 .debug_frame   0x000000000000080c       0x2c C:/ST/STM32CubeIDE_1.13.1/STM32CubeIDE/plugins/com.st.stm32cube.ide.mcu.externaltools.gnu-tools-for-stm32.11.3.rel1.win32_1.1.0.202305231506/tools/bin/../lib/gcc/arm-none-eabi/11.3.1/../../../../arm-none-eabi/lib/thumb/v7e-m/nofp\libc_nano.a(libc_a-init.o)
 .debug_frame   0x0000000000000838       0x4c C:/ST/STM32CubeIDE_1.13.1/STM32CubeIDE/plugins/com.st.stm32cube.ide.mcu.externaltools.gnu-tools-for-stm32.11.3.rel1.win32_1.1.0.202305231506/tools/bin/../lib/gcc/arm-none-eabi/11.3.1/thumb/v7e-m/nofp\libgcc.a(_arm_addsubsf3.o)
 .debug_frame   0x0000000000000884       0x38 C:/ST/STM32CubeIDE_1.13.1/STM32CubeIDE/plugins/com.st.stm32cube.ide.mcu.externaltools.gnu-tools-for-stm32.11.3.rel1.win32_1.1.0.202305231506/tools/bin/../lib/gcc/arm-none-eabi/11.3.1/thumb/v7e-m/nofp\libgcc.a(_arm_muldivsf3.o)
 .debug_frame   0x00000000000008bc       0x24 C:/ST/STM32CubeIDE_1.13.1/STM32CubeIDE/plugins/com.st.stm32cube.ide.mcu.externaltools.gnu-tools-for-stm32.11.3.rel1.win32_1.1.0.202305231506/tools/bin/../lib/gcc/arm-none-eabi/11.3.1/thumb/v7e-m/nofp\libgcc.a(_arm_fixsfsi.o)
 .debug_frame   0x00000000000008e0       0x24 C:/ST/STM32CubeIDE_1.13.1/STM32CubeIDE/plugins/com.st.stm32cube.ide.mcu.externaltools.gnu-tools-for-stm32.11.3.rel1.win32_1.1.0.202305231506/tools/bin/../lib/gcc/arm-none-eabi/11.3.1/thumb/v7e-m/nofp\libgcc.a(_arm_fixunssfsi.o)

.debug_line_str
                0x0000000000000000       0x83
 .debug_line_str
                0x0000000000000000       0x83 ./Startup/startup_stm32f401ccux.o
                                         0x9b (size before relaxing)
