Archive member included because of file (symbol)

d:/embedded systems avr tools/01- imt sdk/imt_sdk_win_64/winavr/bin/../lib/gcc/avr/4.3.3/avr5\libgcc.a(_mulsi3.o)
                              ./SERL/FIR/Source/FIR_program.o (__mulsi3)
d:/embedded systems avr tools/01- imt sdk/imt_sdk_win_64/winavr/bin/../lib/gcc/avr/4.3.3/avr5\libgcc.a(_udivmodhi4.o)
                              ./TestApp/main.o (__udivmodhi4)
d:/embedded systems avr tools/01- imt sdk/imt_sdk_win_64/winavr/bin/../lib/gcc/avr/4.3.3/avr5\libgcc.a(_udivmodsi4.o)
                              ./SERL/FIR/Source/FIR_program.o (__udivmodsi4)
d:/embedded systems avr tools/01- imt sdk/imt_sdk_win_64/winavr/bin/../lib/gcc/avr/4.3.3/avr5\libgcc.a(_divmodsi4.o)
                              ./SERL/FIR/Source/FIR_program.o (__divmodsi4)
d:/embedded systems avr tools/01- imt sdk/imt_sdk_win_64/winavr/bin/../lib/gcc/avr/4.3.3/avr5\libgcc.a(_exit.o)
                              d:/embedded systems avr tools/01- imt sdk/imt_sdk_win_64/winavr/bin/../lib/gcc/avr/4.3.3/../../../../avr/lib/avr5/crtm32.o (exit)
d:/embedded systems avr tools/01- imt sdk/imt_sdk_win_64/winavr/bin/../lib/gcc/avr/4.3.3/avr5\libgcc.a(_copy_data.o)
                              ./HAL/CLCD/Source/CLCD_program.o (__do_copy_data)
d:/embedded systems avr tools/01- imt sdk/imt_sdk_win_64/winavr/bin/../lib/gcc/avr/4.3.3/avr5\libgcc.a(_clear_bss.o)
                              ./TestApp/main.o (__do_clear_bss)
d:/embedded systems avr tools/01- imt sdk/imt_sdk_win_64/winavr/bin/../lib/gcc/avr/4.3.3/avr5\libgcc.a(_fixunssfsi.o)
                              ./SERL/ICU/Source/ICU_program.o (__fixunssfsi)
d:/embedded systems avr tools/01- imt sdk/imt_sdk_win_64/winavr/bin/../lib/gcc/avr/4.3.3/avr5\libgcc.a(_addsub_sf.o)
                              ./SERL/FIR/Source/FIR_program.o (__subsf3)
d:/embedded systems avr tools/01- imt sdk/imt_sdk_win_64/winavr/bin/../lib/gcc/avr/4.3.3/avr5\libgcc.a(_mul_sf.o)
                              ./SERL/ICU/Source/ICU_program.o (__mulsf3)
d:/embedded systems avr tools/01- imt sdk/imt_sdk_win_64/winavr/bin/../lib/gcc/avr/4.3.3/avr5\libgcc.a(_div_sf.o)
                              ./SERL/ICU/Source/ICU_program.o (__divsf3)
d:/embedded systems avr tools/01- imt sdk/imt_sdk_win_64/winavr/bin/../lib/gcc/avr/4.3.3/avr5\libgcc.a(_gt_sf.o)
                              ./HAL/ULTSONIC/Source/ULTSONIC_program.o (__gtsf2)
d:/embedded systems avr tools/01- imt sdk/imt_sdk_win_64/winavr/bin/../lib/gcc/avr/4.3.3/avr5\libgcc.a(_ge_sf.o)
                              ./SERL/FIR/Source/FIR_program.o (__gesf2)
d:/embedded systems avr tools/01- imt sdk/imt_sdk_win_64/winavr/bin/../lib/gcc/avr/4.3.3/avr5\libgcc.a(_lt_sf.o)
                              ./SERL/FIR/Source/FIR_program.o (__ltsf2)
d:/embedded systems avr tools/01- imt sdk/imt_sdk_win_64/winavr/bin/../lib/gcc/avr/4.3.3/avr5\libgcc.a(_si_to_sf.o)
                              ./SERL/FIR/Source/FIR_program.o (__floatsisf)
d:/embedded systems avr tools/01- imt sdk/imt_sdk_win_64/winavr/bin/../lib/gcc/avr/4.3.3/avr5\libgcc.a(_sf_to_si.o)
                              ./Data_Structures/Queue/queue.o (__fixsfsi)
d:/embedded systems avr tools/01- imt sdk/imt_sdk_win_64/winavr/bin/../lib/gcc/avr/4.3.3/avr5\libgcc.a(_thenan_sf.o)
                              d:/embedded systems avr tools/01- imt sdk/imt_sdk_win_64/winavr/bin/../lib/gcc/avr/4.3.3/avr5\libgcc.a(_addsub_sf.o) (__thenan_sf)
d:/embedded systems avr tools/01- imt sdk/imt_sdk_win_64/winavr/bin/../lib/gcc/avr/4.3.3/avr5\libgcc.a(_usi_to_sf.o)
                              ./SERL/ICU/Source/ICU_program.o (__floatunsisf)
d:/embedded systems avr tools/01- imt sdk/imt_sdk_win_64/winavr/bin/../lib/gcc/avr/4.3.3/avr5\libgcc.a(_prologue.o)
                              d:/embedded systems avr tools/01- imt sdk/imt_sdk_win_64/winavr/bin/../lib/gcc/avr/4.3.3/avr5\libgcc.a(_addsub_sf.o) (__prologue_saves__)
d:/embedded systems avr tools/01- imt sdk/imt_sdk_win_64/winavr/bin/../lib/gcc/avr/4.3.3/avr5\libgcc.a(_epilogue.o)
                              d:/embedded systems avr tools/01- imt sdk/imt_sdk_win_64/winavr/bin/../lib/gcc/avr/4.3.3/avr5\libgcc.a(_addsub_sf.o) (__epilogue_restores__)
d:/embedded systems avr tools/01- imt sdk/imt_sdk_win_64/winavr/bin/../lib/gcc/avr/4.3.3/avr5\libgcc.a(_clzsi2.o)
                              d:/embedded systems avr tools/01- imt sdk/imt_sdk_win_64/winavr/bin/../lib/gcc/avr/4.3.3/avr5\libgcc.a(_si_to_sf.o) (__clzsi2)
d:/embedded systems avr tools/01- imt sdk/imt_sdk_win_64/winavr/bin/../lib/gcc/avr/4.3.3/avr5\libgcc.a(_pack_sf.o)
                              d:/embedded systems avr tools/01- imt sdk/imt_sdk_win_64/winavr/bin/../lib/gcc/avr/4.3.3/avr5\libgcc.a(_addsub_sf.o) (__pack_f)
d:/embedded systems avr tools/01- imt sdk/imt_sdk_win_64/winavr/bin/../lib/gcc/avr/4.3.3/avr5\libgcc.a(_unpack_sf.o)
                              d:/embedded systems avr tools/01- imt sdk/imt_sdk_win_64/winavr/bin/../lib/gcc/avr/4.3.3/avr5\libgcc.a(_addsub_sf.o) (__unpack_f)
d:/embedded systems avr tools/01- imt sdk/imt_sdk_win_64/winavr/bin/../lib/gcc/avr/4.3.3/avr5\libgcc.a(_fpcmp_parts_sf.o)
                              d:/embedded systems avr tools/01- imt sdk/imt_sdk_win_64/winavr/bin/../lib/gcc/avr/4.3.3/avr5\libgcc.a(_gt_sf.o) (__fpcmp_parts_f)
d:/embedded systems avr tools/01- imt sdk/imt_sdk_win_64/winavr/bin/../lib/gcc/avr/4.3.3/avr5\libgcc.a(_clz.o)
                              d:/embedded systems avr tools/01- imt sdk/imt_sdk_win_64/winavr/bin/../lib/gcc/avr/4.3.3/avr5\libgcc.a(_clzsi2.o) (__clz_tab)

Allocating common symbols
Common symbol       size              file

MCP2515_u8ReadBuffer
                    0xe               ./HAL/MCP/Source/MCP2515_program.o

Memory Configuration

Name             Origin             Length             Attributes
text             0x00000000         0x00020000         xr
data             0x00800060         0x0000ffa0         rw !x
eeprom           0x00810000         0x00010000         rw !x
fuse             0x00820000         0x00000400         rw !x
lock             0x00830000         0x00000400         rw !x
signature        0x00840000         0x00000400         rw !x
*default*        0x00000000         0xffffffff

Linker script and memory map

LOAD d:/embedded systems avr tools/01- imt sdk/imt_sdk_win_64/winavr/bin/../lib/gcc/avr/4.3.3/../../../../avr/lib/avr5/crtm32.o
LOAD ./TestApp/main.o
LOAD ./SERL/ICU/Source/ICU_program.o
LOAD ./SERL/FIR/Source/FIR_program.o
LOAD ./MCAL/TIMERS/Source/TIMERS_program.o
LOAD ./MCAL/SPI/Source/SPI_program.o
LOAD ./MCAL/PORT/Source/PORT_program.o
LOAD ./MCAL/GIE/Source/GIE_program.o
LOAD ./MCAL/DIO/Source/DIO_program.o
LOAD ./MCAL/ADC/Source/ADC_program.o
LOAD ./HAL/ULTSONIC/Source/ULTSONIC_program.o
LOAD ./HAL/MOTOR/Source/MOTOR_program.o
LOAD ./HAL/MCP/Source/MCP2515_program.o
LOAD ./HAL/LM35/Source/LM35_program.o
LOAD ./HAL/LDR/Source/LDR_program.o
LOAD ./HAL/CLCD/Source/CLCD_program.o
LOAD ./Data_Structures/Stack/stack.o
LOAD ./Data_Structures/Queue/queue.o
LOAD ./Common/LIBRARY_program.o
LOAD d:/embedded systems avr tools/01- imt sdk/imt_sdk_win_64/winavr/bin/../lib/gcc/avr/4.3.3/avr5\libgcc.a
LOAD d:/embedded systems avr tools/01- imt sdk/imt_sdk_win_64/winavr/bin/../lib/gcc/avr/4.3.3/../../../../avr/lib/avr5\libc.a
LOAD d:/embedded systems avr tools/01- imt sdk/imt_sdk_win_64/winavr/bin/../lib/gcc/avr/4.3.3/avr5\libgcc.a

.hash
 *(.hash)

.dynsym
 *(.dynsym)

.dynstr
 *(.dynstr)

.gnu.version
 *(.gnu.version)

.gnu.version_d
 *(.gnu.version_d)

.gnu.version_r
 *(.gnu.version_r)

.rel.init
 *(.rel.init)

.rela.init
 *(.rela.init)

.rel.text
 *(.rel.text)
 *(.rel.text.*)
 *(.rel.gnu.linkonce.t*)

.rela.text
 *(.rela.text)
 *(.rela.text.*)
 *(.rela.gnu.linkonce.t*)

.rel.fini
 *(.rel.fini)

.rela.fini
 *(.rela.fini)

.rel.rodata
 *(.rel.rodata)
 *(.rel.rodata.*)
 *(.rel.gnu.linkonce.r*)

.rela.rodata
 *(.rela.rodata)
 *(.rela.rodata.*)
 *(.rela.gnu.linkonce.r*)

.rel.data
 *(.rel.data)
 *(.rel.data.*)
 *(.rel.gnu.linkonce.d*)

.rela.data
 *(.rela.data)
 *(.rela.data.*)
 *(.rela.gnu.linkonce.d*)

.rel.ctors
 *(.rel.ctors)

.rela.ctors
 *(.rela.ctors)

.rel.dtors
 *(.rel.dtors)

.rela.dtors
 *(.rela.dtors)

.rel.got
 *(.rel.got)

.rela.got
 *(.rela.got)

.rel.bss
 *(.rel.bss)

.rela.bss
 *(.rela.bss)

.rel.plt
 *(.rel.plt)

.rela.plt
 *(.rela.plt)

.text           0x00000000     0x607c
 *(.vectors)
 .vectors       0x00000000       0x54 d:/embedded systems avr tools/01- imt sdk/imt_sdk_win_64/winavr/bin/../lib/gcc/avr/4.3.3/../../../../avr/lib/avr5/crtm32.o
                0x00000000                __vectors
                0x00000000                __vector_default
 *(.vectors)
 *(.progmem.gcc*)
 *(.progmem*)
                0x00000054                . = ALIGN (0x2)
                0x00000054                __trampolines_start = .
 *(.trampolines)
 .trampolines   0x00000054        0x0 linker stubs
 *(.trampolines*)
                0x00000054                __trampolines_end = .
 *(.jumptables)
 *(.jumptables*)
 *(.lowtext)
 *(.lowtext*)
                0x00000054                __ctors_start = .
 *(.ctors)
                0x00000054                __ctors_end = .
                0x00000054                __dtors_start = .
 *(.dtors)
                0x00000054                __dtors_end = .
 SORT(*)(.ctors)
 SORT(*)(.dtors)
 *(.init0)
 .init0         0x00000054        0x0 d:/embedded systems avr tools/01- imt sdk/imt_sdk_win_64/winavr/bin/../lib/gcc/avr/4.3.3/../../../../avr/lib/avr5/crtm32.o
                0x00000054                __init
 *(.init0)
 *(.init1)
 *(.init1)
 *(.init2)
 .init2         0x00000054        0xc d:/embedded systems avr tools/01- imt sdk/imt_sdk_win_64/winavr/bin/../lib/gcc/avr/4.3.3/../../../../avr/lib/avr5/crtm32.o
 *(.init2)
 *(.init3)
 *(.init3)
 *(.init4)
 .init4         0x00000060       0x16 d:/embedded systems avr tools/01- imt sdk/imt_sdk_win_64/winavr/bin/../lib/gcc/avr/4.3.3/avr5\libgcc.a(_copy_data.o)
                0x00000060                __do_copy_data
 .init4         0x00000076       0x10 d:/embedded systems avr tools/01- imt sdk/imt_sdk_win_64/winavr/bin/../lib/gcc/avr/4.3.3/avr5\libgcc.a(_clear_bss.o)
                0x00000076                __do_clear_bss
 *(.init4)
 *(.init5)
 *(.init5)
 *(.init6)
 *(.init6)
 *(.init7)
 *(.init7)
 *(.init8)
 *(.init8)
 *(.init9)
 .init9         0x00000086        0x8 d:/embedded systems avr tools/01- imt sdk/imt_sdk_win_64/winavr/bin/../lib/gcc/avr/4.3.3/../../../../avr/lib/avr5/crtm32.o
 *(.init9)
 *(.text)
 .text          0x0000008e        0x4 d:/embedded systems avr tools/01- imt sdk/imt_sdk_win_64/winavr/bin/../lib/gcc/avr/4.3.3/../../../../avr/lib/avr5/crtm32.o
                0x0000008e                __vector_1
                0x0000008e                __vector_12
                0x0000008e                __bad_interrupt
                0x0000008e                __vector_3
                0x0000008e                __vector_13
                0x0000008e                __vector_17
                0x0000008e                __vector_19
                0x0000008e                __vector_2
                0x0000008e                __vector_15
                0x0000008e                __vector_14
                0x0000008e                __vector_18
                0x0000008e                __vector_20
 .text          0x00000092        0x0 ./TestApp/main.o
 .text          0x00000092        0x0 ./SERL/ICU/Source/ICU_program.o
 .text          0x00000092        0x0 ./SERL/FIR/Source/FIR_program.o
 .text          0x00000092        0x0 ./MCAL/TIMERS/Source/TIMERS_program.o
 .text          0x00000092        0x0 ./MCAL/SPI/Source/SPI_program.o
 .text          0x00000092        0x0 ./MCAL/PORT/Source/PORT_program.o
 .text          0x00000092        0x0 ./MCAL/GIE/Source/GIE_program.o
 .text          0x00000092        0x0 ./MCAL/DIO/Source/DIO_program.o
 .text          0x00000092        0x0 ./MCAL/ADC/Source/ADC_program.o
 .text          0x00000092        0x0 ./HAL/ULTSONIC/Source/ULTSONIC_program.o
 .text          0x00000092        0x0 ./HAL/MOTOR/Source/MOTOR_program.o
 .text          0x00000092        0x0 ./HAL/MCP/Source/MCP2515_program.o
 .text          0x00000092        0x0 ./HAL/LM35/Source/LM35_program.o
 .text          0x00000092        0x0 ./HAL/LDR/Source/LDR_program.o
 .text          0x00000092        0x0 ./HAL/CLCD/Source/CLCD_program.o
 .text          0x00000092        0x0 ./Data_Structures/Stack/stack.o
 .text          0x00000092        0x0 ./Data_Structures/Queue/queue.o
 .text          0x00000092        0x0 ./Common/LIBRARY_program.o
 .text          0x00000092        0x0 d:/embedded systems avr tools/01- imt sdk/imt_sdk_win_64/winavr/bin/../lib/gcc/avr/4.3.3/avr5\libgcc.a(_mulsi3.o)
 .text          0x00000092        0x0 d:/embedded systems avr tools/01- imt sdk/imt_sdk_win_64/winavr/bin/../lib/gcc/avr/4.3.3/avr5\libgcc.a(_udivmodhi4.o)
 .text          0x00000092        0x0 d:/embedded systems avr tools/01- imt sdk/imt_sdk_win_64/winavr/bin/../lib/gcc/avr/4.3.3/avr5\libgcc.a(_udivmodsi4.o)
 .text          0x00000092        0x0 d:/embedded systems avr tools/01- imt sdk/imt_sdk_win_64/winavr/bin/../lib/gcc/avr/4.3.3/avr5\libgcc.a(_divmodsi4.o)
 .text          0x00000092        0x0 d:/embedded systems avr tools/01- imt sdk/imt_sdk_win_64/winavr/bin/../lib/gcc/avr/4.3.3/avr5\libgcc.a(_exit.o)
 .text          0x00000092        0x0 d:/embedded systems avr tools/01- imt sdk/imt_sdk_win_64/winavr/bin/../lib/gcc/avr/4.3.3/avr5\libgcc.a(_copy_data.o)
 .text          0x00000092        0x0 d:/embedded systems avr tools/01- imt sdk/imt_sdk_win_64/winavr/bin/../lib/gcc/avr/4.3.3/avr5\libgcc.a(_clear_bss.o)
 .text          0x00000092       0x58 d:/embedded systems avr tools/01- imt sdk/imt_sdk_win_64/winavr/bin/../lib/gcc/avr/4.3.3/avr5\libgcc.a(_fixunssfsi.o)
                0x00000092                __fixunssfsi
 .text          0x000000ea      0x354 d:/embedded systems avr tools/01- imt sdk/imt_sdk_win_64/winavr/bin/../lib/gcc/avr/4.3.3/avr5\libgcc.a(_addsub_sf.o)
                0x00000382                __subsf3
                0x000003e4                __addsf3
 .text          0x0000043e      0x1f4 d:/embedded systems avr tools/01- imt sdk/imt_sdk_win_64/winavr/bin/../lib/gcc/avr/4.3.3/avr5\libgcc.a(_mul_sf.o)
                0x0000043e                __mulsf3
 .text          0x00000632      0x158 d:/embedded systems avr tools/01- imt sdk/imt_sdk_win_64/winavr/bin/../lib/gcc/avr/4.3.3/avr5\libgcc.a(_div_sf.o)
                0x00000632                __divsf3
 .text          0x0000078a       0x60 d:/embedded systems avr tools/01- imt sdk/imt_sdk_win_64/winavr/bin/../lib/gcc/avr/4.3.3/avr5\libgcc.a(_gt_sf.o)
                0x0000078a                __gtsf2
 .text          0x000007ea       0x60 d:/embedded systems avr tools/01- imt sdk/imt_sdk_win_64/winavr/bin/../lib/gcc/avr/4.3.3/avr5\libgcc.a(_ge_sf.o)
                0x000007ea                __gesf2
 .text          0x0000084a       0x60 d:/embedded systems avr tools/01- imt sdk/imt_sdk_win_64/winavr/bin/../lib/gcc/avr/4.3.3/avr5\libgcc.a(_lt_sf.o)
                0x0000084a                __ltsf2
 .text          0x000008aa       0xbc d:/embedded systems avr tools/01- imt sdk/imt_sdk_win_64/winavr/bin/../lib/gcc/avr/4.3.3/avr5\libgcc.a(_si_to_sf.o)
                0x000008aa                __floatsisf
 .text          0x00000966       0xa8 d:/embedded systems avr tools/01- imt sdk/imt_sdk_win_64/winavr/bin/../lib/gcc/avr/4.3.3/avr5\libgcc.a(_sf_to_si.o)
                0x00000966                __fixsfsi
 .text          0x00000a0e        0x0 d:/embedded systems avr tools/01- imt sdk/imt_sdk_win_64/winavr/bin/../lib/gcc/avr/4.3.3/avr5\libgcc.a(_thenan_sf.o)
 .text          0x00000a0e       0xf2 d:/embedded systems avr tools/01- imt sdk/imt_sdk_win_64/winavr/bin/../lib/gcc/avr/4.3.3/avr5\libgcc.a(_usi_to_sf.o)
                0x00000a0e                __floatunsisf
 .text          0x00000b00        0x0 d:/embedded systems avr tools/01- imt sdk/imt_sdk_win_64/winavr/bin/../lib/gcc/avr/4.3.3/avr5\libgcc.a(_prologue.o)
 .text          0x00000b00        0x0 d:/embedded systems avr tools/01- imt sdk/imt_sdk_win_64/winavr/bin/../lib/gcc/avr/4.3.3/avr5\libgcc.a(_epilogue.o)
 .text          0x00000b00       0x9e d:/embedded systems avr tools/01- imt sdk/imt_sdk_win_64/winavr/bin/../lib/gcc/avr/4.3.3/avr5\libgcc.a(_clzsi2.o)
                0x00000b00                __clzsi2
 .text          0x00000b9e      0x1aa d:/embedded systems avr tools/01- imt sdk/imt_sdk_win_64/winavr/bin/../lib/gcc/avr/4.3.3/avr5\libgcc.a(_pack_sf.o)
                0x00000b9e                __pack_f
 .text          0x00000d48       0xf0 d:/embedded systems avr tools/01- imt sdk/imt_sdk_win_64/winavr/bin/../lib/gcc/avr/4.3.3/avr5\libgcc.a(_unpack_sf.o)
                0x00000d48                __unpack_f
 .text          0x00000e38       0xb2 d:/embedded systems avr tools/01- imt sdk/imt_sdk_win_64/winavr/bin/../lib/gcc/avr/4.3.3/avr5\libgcc.a(_fpcmp_parts_sf.o)
                0x00000e38                __fpcmp_parts_f
 .text          0x00000eea        0x0 d:/embedded systems avr tools/01- imt sdk/imt_sdk_win_64/winavr/bin/../lib/gcc/avr/4.3.3/avr5\libgcc.a(_clz.o)
                0x00000eea                . = ALIGN (0x2)
 *(.text.*)
 .text.main     0x00000eea      0x288 ./TestApp/main.o
                0x00000eea                main
 .text.Main_voidTimer0ISR
                0x00001172       0x70 ./TestApp/main.o
                0x00001172                Main_voidTimer0ISR
 .text.ICU_voidMeasurePWM
                0x000011e2      0x3b8 ./SERL/ICU/Source/ICU_program.o
                0x000011e2                ICU_voidMeasurePWM
 .text.ICU_voidCaptureISR
                0x0000159a       0x7e ./SERL/ICU/Source/ICU_program.o
 .text.ICU_voidOvfISR
                0x00001618       0x18 ./SERL/ICU/Source/ICU_program.o
 .text.FIR_voidFilterInit
                0x00001630       0xb8 ./SERL/FIR/Source/FIR_program.o
                0x00001630                FIR_voidFilterInit
 .text.FIR_f32FilterUpdate
                0x000016e8      0x144 ./SERL/FIR/Source/FIR_program.o
                0x000016e8                FIR_f32FilterUpdate
 .text.FIR_u32EMA
                0x0000182c       0xdc ./SERL/FIR/Source/FIR_program.o
                0x0000182c                FIR_u32EMA
 .text.ApproxSin
                0x00001908      0x1dc ./SERL/FIR/Source/FIR_program.o
                0x00001908                ApproxSin
 .text.FIR_u8ComputeImpulseResponse
                0x00001ae4      0x24a ./SERL/FIR/Source/FIR_program.o
                0x00001ae4                FIR_u8ComputeImpulseResponse
 .text.TIMER0_u8Init
                0x00001d2e      0x1f8 ./MCAL/TIMERS/Source/TIMERS_program.o
                0x00001d2e                TIMER0_u8Init
 .text.TIMER1_u8Init
                0x00001f26      0x31e ./MCAL/TIMERS/Source/TIMERS_program.o
                0x00001f26                TIMER1_u8Init
 .text.TIMER2_u8Init
                0x00002244      0x1f8 ./MCAL/TIMERS/Source/TIMERS_program.o
                0x00002244                TIMER2_u8Init
 .text.TIMER0_u8SetCompOutMode
                0x0000243c       0xf8 ./MCAL/TIMERS/Source/TIMERS_program.o
                0x0000243c                TIMER0_u8SetCompOutMode
 .text.TIMER1_u8SetCompOutModeChA
                0x00002534      0x188 ./MCAL/TIMERS/Source/TIMERS_program.o
                0x00002534                TIMER1_u8SetCompOutModeChA
 .text.TIMER1_u8SetCompOutModeChB
                0x000026bc      0x182 ./MCAL/TIMERS/Source/TIMERS_program.o
                0x000026bc                TIMER1_u8SetCompOutModeChB
 .text.TIMER2_u8SetCompOutMode
                0x0000283e      0x1d8 ./MCAL/TIMERS/Source/TIMERS_program.o
                0x0000283e                TIMER2_u8SetCompOutMode
 .text.TIMERS_u8IntEnable
                0x00002a16      0x10e ./MCAL/TIMERS/Source/TIMERS_program.o
                0x00002a16                TIMERS_u8IntEnable
 .text.TIMERS_u8IntDisable
                0x00002b24      0x10e ./MCAL/TIMERS/Source/TIMERS_program.o
                0x00002b24                TIMERS_u8IntDisable
 .text.TIMERS_u8Disable
                0x00002c32       0x86 ./MCAL/TIMERS/Source/TIMERS_program.o
                0x00002c32                TIMERS_u8Disable
 .text.TIMERS_u8SetCallBack
                0x00002cb8       0x4a ./MCAL/TIMERS/Source/TIMERS_program.o
                0x00002cb8                TIMERS_u8SetCallBack
 .text.TIMER0_voidSetCompValue
                0x00002d02       0x1c ./MCAL/TIMERS/Source/TIMERS_program.o
                0x00002d02                TIMER0_voidSetCompValue
 .text.TIMER0_voidSetOvfValue
                0x00002d1e       0x1c ./MCAL/TIMERS/Source/TIMERS_program.o
                0x00002d1e                TIMER0_voidSetOvfValue
 .text.TIMER0_u8GetTimerValue
                0x00002d3a       0x14 ./MCAL/TIMERS/Source/TIMERS_program.o
                0x00002d3a                TIMER0_u8GetTimerValue
 .text.TIMER2_voidSetCompValue
                0x00002d4e       0x1c ./MCAL/TIMERS/Source/TIMERS_program.o
                0x00002d4e                TIMER2_voidSetCompValue
 .text.TIMER2_voidSetOvfValue
                0x00002d6a       0x1c ./MCAL/TIMERS/Source/TIMERS_program.o
                0x00002d6a                TIMER2_voidSetOvfValue
 .text.TIMER2_u8GetTimerValue
                0x00002d86       0x14 ./MCAL/TIMERS/Source/TIMERS_program.o
                0x00002d86                TIMER2_u8GetTimerValue
 .text.TIMER1_voidSetCompValueChA
                0x00002d9a       0x24 ./MCAL/TIMERS/Source/TIMERS_program.o
                0x00002d9a                TIMER1_voidSetCompValueChA
 .text.TIMER1_voidSetCompValueChB
                0x00002dbe       0x24 ./MCAL/TIMERS/Source/TIMERS_program.o
                0x00002dbe                TIMER1_voidSetCompValueChB
 .text.TIMER1_voidSetOvfValue
                0x00002de2       0x24 ./MCAL/TIMERS/Source/TIMERS_program.o
                0x00002de2                TIMER1_voidSetOvfValue
 .text.TIMER1_voidSetInputCaptValue
                0x00002e06       0x24 ./MCAL/TIMERS/Source/TIMERS_program.o
                0x00002e06                TIMER1_voidSetInputCaptValue
 .text.TIMER1_u16GetTimerValue
                0x00002e2a       0x16 ./MCAL/TIMERS/Source/TIMERS_program.o
                0x00002e2a                TIMER1_u16GetTimerValue
 .text.TIMER1_u16GetInputCaptValue
                0x00002e40       0x16 ./MCAL/TIMERS/Source/TIMERS_program.o
                0x00002e40                TIMER1_u16GetInputCaptValue
 .text.TIMER1_u8SetInputCaptTriggerSrc
                0x00002e56       0x62 ./MCAL/TIMERS/Source/TIMERS_program.o
                0x00002e56                TIMER1_u8SetInputCaptTriggerSrc
 .text.WDT_voidEnable
                0x00002eb8       0x1c ./MCAL/TIMERS/Source/TIMERS_program.o
                0x00002eb8                WDT_voidEnable
 .text.WDT_voidDisable
                0x00002ed4       0x2a ./MCAL/TIMERS/Source/TIMERS_program.o
                0x00002ed4                WDT_voidDisable
 .text.WDT_u8SetTime
                0x00002efe       0x44 ./MCAL/TIMERS/Source/TIMERS_program.o
                0x00002efe                WDT_u8SetTime
 .text.__vector_11
                0x00002f42       0x66 ./MCAL/TIMERS/Source/TIMERS_program.o
                0x00002f42                __vector_11
 .text.__vector_10
                0x00002fa8       0x66 ./MCAL/TIMERS/Source/TIMERS_program.o
                0x00002fa8                __vector_10
 .text.__vector_9
                0x0000300e       0x66 ./MCAL/TIMERS/Source/TIMERS_program.o
                0x0000300e                __vector_9
 .text.__vector_8
                0x00003074       0x66 ./MCAL/TIMERS/Source/TIMERS_program.o
                0x00003074                __vector_8
 .text.__vector_7
                0x000030da       0x66 ./MCAL/TIMERS/Source/TIMERS_program.o
                0x000030da                __vector_7
 .text.__vector_6
                0x00003140       0x66 ./MCAL/TIMERS/Source/TIMERS_program.o
                0x00003140                __vector_6
 .text.__vector_5
                0x000031a6       0x66 ./MCAL/TIMERS/Source/TIMERS_program.o
                0x000031a6                __vector_5
 .text.__vector_4
                0x0000320c       0x66 ./MCAL/TIMERS/Source/TIMERS_program.o
                0x0000320c                __vector_4
 .text.SPI_voidInit
                0x00003272       0x6e ./MCAL/SPI/Source/SPI_program.o
                0x00003272                SPI_voidInit
 .text.SPI_u8Transceive
                0x000032e0       0x2c ./MCAL/SPI/Source/SPI_program.o
                0x000032e0                SPI_u8Transceive
 .text.PORT_voidInit
                0x0000330c       0x4a ./MCAL/PORT/Source/PORT_program.o
                0x0000330c                PORT_voidInit
 .text.GIE_voidEnable
                0x00003356       0x10 ./MCAL/GIE/Source/GIE_program.o
                0x00003356                GIE_voidEnable
 .text.GIE_voidDisable
                0x00003366       0x10 ./MCAL/GIE/Source/GIE_program.o
                0x00003366                GIE_voidDisable
 .text.DIO_u8SetPinDirection
                0x00003376      0x224 ./MCAL/DIO/Source/DIO_program.o
                0x00003376                DIO_u8SetPinDirection
 .text.DIO_u8SetPinValue
                0x0000359a      0x224 ./MCAL/DIO/Source/DIO_program.o
                0x0000359a                DIO_u8SetPinValue
 .text.DIO_u8TogglePinValue
                0x000037be      0x116 ./MCAL/DIO/Source/DIO_program.o
                0x000037be                DIO_u8TogglePinValue
 .text.DIO_u8GetPinValue
                0x000038d4      0x126 ./MCAL/DIO/Source/DIO_program.o
                0x000038d4                DIO_u8GetPinValue
 .text.DIO_u8SetPortDirection
                0x000039fa       0x90 ./MCAL/DIO/Source/DIO_program.o
                0x000039fa                DIO_u8SetPortDirection
 .text.DIO_u8SetPortValue
                0x00003a8a       0x90 ./MCAL/DIO/Source/DIO_program.o
                0x00003a8a                DIO_u8SetPortValue
 .text.ADC_voidInit
                0x00003b1a       0x62 ./MCAL/ADC/Source/ADC_program.o
                0x00003b1a                ADC_voidInit
 .text.ADC_u8StartConversionSynch
                0x00003b7c      0x110 ./MCAL/ADC/Source/ADC_program.o
                0x00003b7c                ADC_u8StartConversionSynch
 .text.ADC_u8StartConversionAsynch
                0x00003c8c       0xae ./MCAL/ADC/Source/ADC_program.o
                0x00003c8c                ADC_u8StartConversionAsynch
 .text.ADC_u8StartChainConversionAsynch
                0x00003d3a       0xd2 ./MCAL/ADC/Source/ADC_program.o
                0x00003d3a                ADC_u8StartChainConversionAsynch
 .text.__vector_16
                0x00003e0c      0x180 ./MCAL/ADC/Source/ADC_program.o
                0x00003e0c                __vector_16
 .text.ULTSONIC_u8MeasureDistance
                0x00003f8c      0x3da ./HAL/ULTSONIC/Source/ULTSONIC_program.o
                0x00003f8c                ULTSONIC_u8MeasureDistance
 .text.ULTSONIC_voidCaptureISR
                0x00004366       0x62 ./HAL/ULTSONIC/Source/ULTSONIC_program.o
 .text.ULTSONIC_voidOvfISR
                0x000043c8       0x20 ./HAL/ULTSONIC/Source/ULTSONIC_program.o
 .text.MOTOR_u8RotateCW
                0x000043e8       0x56 ./HAL/MOTOR/Source/MOTOR_program.o
                0x000043e8                MOTOR_u8RotateCW
 .text.MOTOR_u8RotateCCW
                0x0000443e       0x56 ./HAL/MOTOR/Source/MOTOR_program.o
                0x0000443e                MOTOR_u8RotateCCW
 .text.MOTOR_u8Stop
                0x00004494       0x56 ./HAL/MOTOR/Source/MOTOR_program.o
                0x00004494                MOTOR_u8Stop
 .text.MCP2515_voidChipSelect
                0x000044ea       0x36 ./HAL/MCP/Source/MCP2515_program.o
 .text.MCP2515_u8ReadRegister
                0x00004520       0x38 ./HAL/MCP/Source/MCP2515_program.o
                0x00004520                MCP2515_u8ReadRegister
 .text.MCP2515_voidWriteRegister
                0x00004558       0x36 ./HAL/MCP/Source/MCP2515_program.o
                0x00004558                MCP2515_voidWriteRegister
 .text.MCP2515_voidSetBitTiming
                0x0000458e       0x36 ./HAL/MCP/Source/MCP2515_program.o
                0x0000458e                MCP2515_voidSetBitTiming
 .text.MCP2515_voidReset
                0x000045c4       0x20 ./HAL/MCP/Source/MCP2515_program.o
                0x000045c4                MCP2515_voidReset
 .text.MCP2515_voidChangeBits
                0x000045e4       0x42 ./HAL/MCP/Source/MCP2515_program.o
                0x000045e4                MCP2515_voidChangeBits
 .text.MCP2515_voidSetMode
                0x00004626       0x3c ./HAL/MCP/Source/MCP2515_program.o
                0x00004626                MCP2515_voidSetMode
 .text.MCP2515_voidInit
                0x00004662       0x3e ./HAL/MCP/Source/MCP2515_program.o
                0x00004662                MCP2515_voidInit
 .text.MCP2515_voidSendCANmsg
                0x000046a0      0x10e ./HAL/MCP/Source/MCP2515_program.o
                0x000046a0                MCP2515_voidSendCANmsg
 .text.MCP2515_voidSetRollover
                0x000047ae       0x26 ./HAL/MCP/Source/MCP2515_program.o
                0x000047ae                MCP2515_voidSetRollover
 .text.MCP2515_voidSetMask
                0x000047d4       0xfa ./HAL/MCP/Source/MCP2515_program.o
                0x000047d4                MCP2515_voidSetMask
 .text.MCP2515_voidReceiveInit
                0x000048ce       0x6c ./HAL/MCP/Source/MCP2515_program.o
                0x000048ce                MCP2515_voidReceiveInit
 .text.MCP2515_stReceiveCANmsg
                0x0000493a      0x17e ./HAL/MCP/Source/MCP2515_program.o
                0x0000493a                MCP2515_stReceiveCANmsg
 .text.MCP2515_voidReceiveCANmsg2
                0x00004ab8       0x5e ./HAL/MCP/Source/MCP2515_program.o
                0x00004ab8                MCP2515_voidReceiveCANmsg2
 .text.LM35_u8GetTemp
                0x00004b16      0x17e ./HAL/LM35/Source/LM35_program.o
                0x00004b16                LM35_u8GetTemp
 .text.LDR_u8GetAnalogVolt
                0x00004c94      0x168 ./HAL/LDR/Source/LDR_program.o
                0x00004c94                LDR_u8GetAnalogVolt
 .text.LDR_u8GetResistance
                0x00004dfc      0x12a ./HAL/LDR/Source/LDR_program.o
                0x00004dfc                LDR_u8GetResistance
 .text.voidSendEnablePulse
                0x00004f26      0x11e ./HAL/CLCD/Source/CLCD_program.o
 .text.voidSetLCDHalfDataPort
                0x00005044       0x60 ./HAL/CLCD/Source/CLCD_program.o
 .text.CLCD_voidSendCmd
                0x000050a4       0x40 ./HAL/CLCD/Source/CLCD_program.o
                0x000050a4                CLCD_voidSendCmd
 .text.CLCD_voidSendData
                0x000050e4       0x40 ./HAL/CLCD/Source/CLCD_program.o
                0x000050e4                CLCD_voidSendData
 .text.CLCD_voidInit
                0x00005124      0x130 ./HAL/CLCD/Source/CLCD_program.o
                0x00005124                CLCD_voidInit
 .text.CLCD_voidClearDisplay
                0x00005254       0x14 ./HAL/CLCD/Source/CLCD_program.o
                0x00005254                CLCD_voidClearDisplay
 .text.CLCD_u8SendString
                0x00005268       0x66 ./HAL/CLCD/Source/CLCD_program.o
                0x00005268                CLCD_u8SendString
 .text.CLCD_voidSendDecimalNumber
                0x000052ce      0x156 ./HAL/CLCD/Source/CLCD_program.o
                0x000052ce                CLCD_voidSendDecimalNumber
 .text.CLCD_voidSendBinaryNumber
                0x00005424       0xd6 ./HAL/CLCD/Source/CLCD_program.o
                0x00005424                CLCD_voidSendBinaryNumber
 .text.CLCD_voidSendHexaNumber
                0x000054fa      0x100 ./HAL/CLCD/Source/CLCD_program.o
                0x000054fa                CLCD_voidSendHexaNumber
 .text.CLCD_voidSendSpecialCharacter
                0x000055fa       0x84 ./HAL/CLCD/Source/CLCD_program.o
                0x000055fa                CLCD_voidSendSpecialCharacter
 .text.CLCD_u8GoToXY
                0x0000567e       0x4c ./HAL/CLCD/Source/CLCD_program.o
                0x0000567e                CLCD_u8GoToXY
 .text.Queue_voidCircularArrayQueueInit
                0x000056ca       0x4a ./Data_Structures/Queue/queue.o
                0x000056ca                Queue_voidCircularArrayQueueInit
 .text.Queue_s32CircularArrayQueueIsFull
                0x00005714       0xd0 ./Data_Structures/Queue/queue.o
                0x00005714                Queue_s32CircularArrayQueueIsFull
 .text.Queue_s32CircularArrayQueueIsEmpty
                0x000057e4       0x6c ./Data_Structures/Queue/queue.o
                0x000057e4                Queue_s32CircularArrayQueueIsEmpty
 .text.Queue_voidCircularArrayQueueEnqueue
                0x00005850      0x14a ./Data_Structures/Queue/queue.o
                0x00005850                Queue_voidCircularArrayQueueEnqueue
 .text.Queue_voidCircularArrayQueueDequeueEnqueue
                0x0000599a      0x162 ./Data_Structures/Queue/queue.o
                0x0000599a                Queue_voidCircularArrayQueueDequeueEnqueue
 .text.Queue_s32CircularArrayQueueDequeue
                0x00005afc      0x166 ./Data_Structures/Queue/queue.o
                0x00005afc                Queue_s32CircularArrayQueueDequeue
 .text.Queue_s32CircularArrayQueuePeek
                0x00005c62       0x9c ./Data_Structures/Queue/queue.o
                0x00005c62                Queue_s32CircularArrayQueuePeek
 .text.Queue_s32CircularArrayQueueSize
                0x00005cfe      0x116 ./Data_Structures/Queue/queue.o
                0x00005cfe                Queue_s32CircularArrayQueueSize
 .text.LIBRARY_s32Mapping
                0x00005e14      0x116 ./Common/LIBRARY_program.o
                0x00005e14                LIBRARY_s32Mapping
 .text.libgcc   0x00005f2a       0x3e d:/embedded systems avr tools/01- imt sdk/imt_sdk_win_64/winavr/bin/../lib/gcc/avr/4.3.3/avr5\libgcc.a(_mulsi3.o)
                0x00005f2a                __mulsi3
 .text.libgcc   0x00005f68       0x28 d:/embedded systems avr tools/01- imt sdk/imt_sdk_win_64/winavr/bin/../lib/gcc/avr/4.3.3/avr5\libgcc.a(_udivmodhi4.o)
                0x00005f68                __udivmodhi4
 .text.libgcc   0x00005f90       0x44 d:/embedded systems avr tools/01- imt sdk/imt_sdk_win_64/winavr/bin/../lib/gcc/avr/4.3.3/avr5\libgcc.a(_udivmodsi4.o)
                0x00005f90                __udivmodsi4
 .text.libgcc   0x00005fd4       0x36 d:/embedded systems avr tools/01- imt sdk/imt_sdk_win_64/winavr/bin/../lib/gcc/avr/4.3.3/avr5\libgcc.a(_divmodsi4.o)
                0x00005fd4                __divmodsi4
 .text.libgcc   0x0000600a        0x0 d:/embedded systems avr tools/01- imt sdk/imt_sdk_win_64/winavr/bin/../lib/gcc/avr/4.3.3/avr5\libgcc.a(_exit.o)
 .text.libgcc   0x0000600a        0x0 d:/embedded systems avr tools/01- imt sdk/imt_sdk_win_64/winavr/bin/../lib/gcc/avr/4.3.3/avr5\libgcc.a(_copy_data.o)
 .text.libgcc   0x0000600a        0x0 d:/embedded systems avr tools/01- imt sdk/imt_sdk_win_64/winavr/bin/../lib/gcc/avr/4.3.3/avr5\libgcc.a(_clear_bss.o)
 .text.libgcc   0x0000600a       0x38 d:/embedded systems avr tools/01- imt sdk/imt_sdk_win_64/winavr/bin/../lib/gcc/avr/4.3.3/avr5\libgcc.a(_prologue.o)
                0x0000600a                __prologue_saves__
 .text.libgcc   0x00006042       0x36 d:/embedded systems avr tools/01- imt sdk/imt_sdk_win_64/winavr/bin/../lib/gcc/avr/4.3.3/avr5\libgcc.a(_epilogue.o)
                0x00006042                __epilogue_restores__
                0x00006078                . = ALIGN (0x2)
 *(.fini9)
 .fini9         0x00006078        0x0 d:/embedded systems avr tools/01- imt sdk/imt_sdk_win_64/winavr/bin/../lib/gcc/avr/4.3.3/avr5\libgcc.a(_exit.o)
                0x00006078                exit
                0x00006078                _exit
 *(.fini9)
 *(.fini8)
 *(.fini8)
 *(.fini7)
 *(.fini7)
 *(.fini6)
 *(.fini6)
 *(.fini5)
 *(.fini5)
 *(.fini4)
 *(.fini4)
 *(.fini3)
 *(.fini3)
 *(.fini2)
 *(.fini2)
 *(.fini1)
 *(.fini1)
 *(.fini0)
 .fini0         0x00006078        0x4 d:/embedded systems avr tools/01- imt sdk/imt_sdk_win_64/winavr/bin/../lib/gcc/avr/4.3.3/avr5\libgcc.a(_exit.o)
 *(.fini0)
                0x0000607c                _etext = .

.data           0x00800060      0x11e load address 0x0000607c
                0x00800060                PROVIDE (__data_start, .)
 *(.data)
 .data          0x00800060        0x0 d:/embedded systems avr tools/01- imt sdk/imt_sdk_win_64/winavr/bin/../lib/gcc/avr/4.3.3/../../../../avr/lib/avr5/crtm32.o
 .data          0x00800060        0x0 ./TestApp/main.o
 .data          0x00800060        0x0 ./SERL/ICU/Source/ICU_program.o
 .data          0x00800060        0x0 ./SERL/FIR/Source/FIR_program.o
 .data          0x00800060        0x0 ./MCAL/TIMERS/Source/TIMERS_program.o
 .data          0x00800060        0x0 ./MCAL/SPI/Source/SPI_program.o
 .data          0x00800060        0x0 ./MCAL/PORT/Source/PORT_program.o
 .data          0x00800060        0x0 ./MCAL/GIE/Source/GIE_program.o
 .data          0x00800060        0x0 ./MCAL/DIO/Source/DIO_program.o
 .data          0x00800060        0x0 ./MCAL/ADC/Source/ADC_program.o
 .data          0x00800060        0x0 ./HAL/ULTSONIC/Source/ULTSONIC_program.o
 .data          0x00800060        0x0 ./HAL/MOTOR/Source/MOTOR_program.o
 .data          0x00800060        0x0 ./HAL/MCP/Source/MCP2515_program.o
 .data          0x00800060        0x0 ./HAL/LM35/Source/LM35_program.o
 .data          0x00800060        0x0 ./HAL/LDR/Source/LDR_program.o
 .data          0x00800060        0x6 ./HAL/CLCD/Source/CLCD_program.o
 .data          0x00800066        0x0 ./Data_Structures/Stack/stack.o
 .data          0x00800066        0x0 ./Data_Structures/Queue/queue.o
 .data          0x00800066        0x0 ./Common/LIBRARY_program.o
 .data          0x00800066        0x0 d:/embedded systems avr tools/01- imt sdk/imt_sdk_win_64/winavr/bin/../lib/gcc/avr/4.3.3/avr5\libgcc.a(_mulsi3.o)
 .data          0x00800066        0x0 d:/embedded systems avr tools/01- imt sdk/imt_sdk_win_64/winavr/bin/../lib/gcc/avr/4.3.3/avr5\libgcc.a(_udivmodhi4.o)
 .data          0x00800066        0x0 d:/embedded systems avr tools/01- imt sdk/imt_sdk_win_64/winavr/bin/../lib/gcc/avr/4.3.3/avr5\libgcc.a(_udivmodsi4.o)
 .data          0x00800066        0x0 d:/embedded systems avr tools/01- imt sdk/imt_sdk_win_64/winavr/bin/../lib/gcc/avr/4.3.3/avr5\libgcc.a(_divmodsi4.o)
 .data          0x00800066        0x0 d:/embedded systems avr tools/01- imt sdk/imt_sdk_win_64/winavr/bin/../lib/gcc/avr/4.3.3/avr5\libgcc.a(_exit.o)
 .data          0x00800066        0x0 d:/embedded systems avr tools/01- imt sdk/imt_sdk_win_64/winavr/bin/../lib/gcc/avr/4.3.3/avr5\libgcc.a(_copy_data.o)
 .data          0x00800066        0x0 d:/embedded systems avr tools/01- imt sdk/imt_sdk_win_64/winavr/bin/../lib/gcc/avr/4.3.3/avr5\libgcc.a(_clear_bss.o)
 .data          0x00800066        0x0 d:/embedded systems avr tools/01- imt sdk/imt_sdk_win_64/winavr/bin/../lib/gcc/avr/4.3.3/avr5\libgcc.a(_fixunssfsi.o)
 .data          0x00800066        0x0 d:/embedded systems avr tools/01- imt sdk/imt_sdk_win_64/winavr/bin/../lib/gcc/avr/4.3.3/avr5\libgcc.a(_addsub_sf.o)
 .data          0x00800066        0x0 d:/embedded systems avr tools/01- imt sdk/imt_sdk_win_64/winavr/bin/../lib/gcc/avr/4.3.3/avr5\libgcc.a(_mul_sf.o)
 .data          0x00800066        0x0 d:/embedded systems avr tools/01- imt sdk/imt_sdk_win_64/winavr/bin/../lib/gcc/avr/4.3.3/avr5\libgcc.a(_div_sf.o)
 .data          0x00800066        0x0 d:/embedded systems avr tools/01- imt sdk/imt_sdk_win_64/winavr/bin/../lib/gcc/avr/4.3.3/avr5\libgcc.a(_gt_sf.o)
 .data          0x00800066        0x0 d:/embedded systems avr tools/01- imt sdk/imt_sdk_win_64/winavr/bin/../lib/gcc/avr/4.3.3/avr5\libgcc.a(_ge_sf.o)
 .data          0x00800066        0x0 d:/embedded systems avr tools/01- imt sdk/imt_sdk_win_64/winavr/bin/../lib/gcc/avr/4.3.3/avr5\libgcc.a(_lt_sf.o)
 .data          0x00800066        0x0 d:/embedded systems avr tools/01- imt sdk/imt_sdk_win_64/winavr/bin/../lib/gcc/avr/4.3.3/avr5\libgcc.a(_si_to_sf.o)
 .data          0x00800066        0x0 d:/embedded systems avr tools/01- imt sdk/imt_sdk_win_64/winavr/bin/../lib/gcc/avr/4.3.3/avr5\libgcc.a(_sf_to_si.o)
 .data          0x00800066        0x8 d:/embedded systems avr tools/01- imt sdk/imt_sdk_win_64/winavr/bin/../lib/gcc/avr/4.3.3/avr5\libgcc.a(_thenan_sf.o)
                0x00800066                __thenan_sf
 .data          0x0080006e        0x0 d:/embedded systems avr tools/01- imt sdk/imt_sdk_win_64/winavr/bin/../lib/gcc/avr/4.3.3/avr5\libgcc.a(_usi_to_sf.o)
 .data          0x0080006e        0x0 d:/embedded systems avr tools/01- imt sdk/imt_sdk_win_64/winavr/bin/../lib/gcc/avr/4.3.3/avr5\libgcc.a(_prologue.o)
 .data          0x0080006e        0x0 d:/embedded systems avr tools/01- imt sdk/imt_sdk_win_64/winavr/bin/../lib/gcc/avr/4.3.3/avr5\libgcc.a(_epilogue.o)
 .data          0x0080006e        0x0 d:/embedded systems avr tools/01- imt sdk/imt_sdk_win_64/winavr/bin/../lib/gcc/avr/4.3.3/avr5\libgcc.a(_clzsi2.o)
 .data          0x0080006e        0x0 d:/embedded systems avr tools/01- imt sdk/imt_sdk_win_64/winavr/bin/../lib/gcc/avr/4.3.3/avr5\libgcc.a(_pack_sf.o)
 .data          0x0080006e        0x0 d:/embedded systems avr tools/01- imt sdk/imt_sdk_win_64/winavr/bin/../lib/gcc/avr/4.3.3/avr5\libgcc.a(_unpack_sf.o)
 .data          0x0080006e        0x0 d:/embedded systems avr tools/01- imt sdk/imt_sdk_win_64/winavr/bin/../lib/gcc/avr/4.3.3/avr5\libgcc.a(_fpcmp_parts_sf.o)
 .data          0x0080006e      0x100 d:/embedded systems avr tools/01- imt sdk/imt_sdk_win_64/winavr/bin/../lib/gcc/avr/4.3.3/avr5\libgcc.a(_clz.o)
                0x0080006e                __clz_tab
 *(.data*)
 *(.rodata)
 *(.rodata*)
 .rodata.C.0.1442
                0x0080016e       0x10 ./HAL/CLCD/Source/CLCD_program.o
 *(.gnu.linkonce.d*)
                0x0080017e                . = ALIGN (0x2)
                0x0080017e                _edata = .
                0x0080017e                PROVIDE (__data_end, .)

.bss            0x0080017e       0x42
                0x0080017e                PROVIDE (__bss_start, .)
 *(.bss)
 .bss           0x0080017e        0x0 d:/embedded systems avr tools/01- imt sdk/imt_sdk_win_64/winavr/bin/../lib/gcc/avr/4.3.3/../../../../avr/lib/avr5/crtm32.o
 .bss           0x0080017e        0x0 ./TestApp/main.o
 .bss           0x0080017e        0x0 ./SERL/ICU/Source/ICU_program.o
 .bss           0x0080017e        0x0 ./SERL/FIR/Source/FIR_program.o
 .bss           0x0080017e        0x0 ./MCAL/TIMERS/Source/TIMERS_program.o
 .bss           0x0080017e        0x0 ./MCAL/SPI/Source/SPI_program.o
 .bss           0x0080017e        0x0 ./MCAL/PORT/Source/PORT_program.o
 .bss           0x0080017e        0x0 ./MCAL/GIE/Source/GIE_program.o
 .bss           0x0080017e        0x0 ./MCAL/DIO/Source/DIO_program.o
 .bss           0x0080017e        0x0 ./MCAL/ADC/Source/ADC_program.o
 .bss           0x0080017e        0x0 ./HAL/ULTSONIC/Source/ULTSONIC_program.o
 .bss           0x0080017e        0x0 ./HAL/MOTOR/Source/MOTOR_program.o
 .bss           0x0080017e        0x0 ./HAL/MCP/Source/MCP2515_program.o
 .bss           0x0080017e        0x0 ./HAL/LM35/Source/LM35_program.o
 .bss           0x0080017e        0x0 ./HAL/LDR/Source/LDR_program.o
 .bss           0x0080017e        0x0 ./HAL/CLCD/Source/CLCD_program.o
 .bss           0x0080017e        0x0 ./Data_Structures/Stack/stack.o
 .bss           0x0080017e        0x0 ./Data_Structures/Queue/queue.o
 .bss           0x0080017e        0x0 ./Common/LIBRARY_program.o
 .bss           0x0080017e        0x0 d:/embedded systems avr tools/01- imt sdk/imt_sdk_win_64/winavr/bin/../lib/gcc/avr/4.3.3/avr5\libgcc.a(_mulsi3.o)
 .bss           0x0080017e        0x0 d:/embedded systems avr tools/01- imt sdk/imt_sdk_win_64/winavr/bin/../lib/gcc/avr/4.3.3/avr5\libgcc.a(_udivmodhi4.o)
 .bss           0x0080017e        0x0 d:/embedded systems avr tools/01- imt sdk/imt_sdk_win_64/winavr/bin/../lib/gcc/avr/4.3.3/avr5\libgcc.a(_udivmodsi4.o)
 .bss           0x0080017e        0x0 d:/embedded systems avr tools/01- imt sdk/imt_sdk_win_64/winavr/bin/../lib/gcc/avr/4.3.3/avr5\libgcc.a(_divmodsi4.o)
 .bss           0x0080017e        0x0 d:/embedded systems avr tools/01- imt sdk/imt_sdk_win_64/winavr/bin/../lib/gcc/avr/4.3.3/avr5\libgcc.a(_exit.o)
 .bss           0x0080017e        0x0 d:/embedded systems avr tools/01- imt sdk/imt_sdk_win_64/winavr/bin/../lib/gcc/avr/4.3.3/avr5\libgcc.a(_copy_data.o)
 .bss           0x0080017e        0x0 d:/embedded systems avr tools/01- imt sdk/imt_sdk_win_64/winavr/bin/../lib/gcc/avr/4.3.3/avr5\libgcc.a(_clear_bss.o)
 .bss           0x0080017e        0x0 d:/embedded systems avr tools/01- imt sdk/imt_sdk_win_64/winavr/bin/../lib/gcc/avr/4.3.3/avr5\libgcc.a(_fixunssfsi.o)
 .bss           0x0080017e        0x0 d:/embedded systems avr tools/01- imt sdk/imt_sdk_win_64/winavr/bin/../lib/gcc/avr/4.3.3/avr5\libgcc.a(_addsub_sf.o)
 .bss           0x0080017e        0x0 d:/embedded systems avr tools/01- imt sdk/imt_sdk_win_64/winavr/bin/../lib/gcc/avr/4.3.3/avr5\libgcc.a(_mul_sf.o)
 .bss           0x0080017e        0x0 d:/embedded systems avr tools/01- imt sdk/imt_sdk_win_64/winavr/bin/../lib/gcc/avr/4.3.3/avr5\libgcc.a(_div_sf.o)
 .bss           0x0080017e        0x0 d:/embedded systems avr tools/01- imt sdk/imt_sdk_win_64/winavr/bin/../lib/gcc/avr/4.3.3/avr5\libgcc.a(_gt_sf.o)
 .bss           0x0080017e        0x0 d:/embedded systems avr tools/01- imt sdk/imt_sdk_win_64/winavr/bin/../lib/gcc/avr/4.3.3/avr5\libgcc.a(_ge_sf.o)
 .bss           0x0080017e        0x0 d:/embedded systems avr tools/01- imt sdk/imt_sdk_win_64/winavr/bin/../lib/gcc/avr/4.3.3/avr5\libgcc.a(_lt_sf.o)
 .bss           0x0080017e        0x0 d:/embedded systems avr tools/01- imt sdk/imt_sdk_win_64/winavr/bin/../lib/gcc/avr/4.3.3/avr5\libgcc.a(_si_to_sf.o)
 .bss           0x0080017e        0x0 d:/embedded systems avr tools/01- imt sdk/imt_sdk_win_64/winavr/bin/../lib/gcc/avr/4.3.3/avr5\libgcc.a(_sf_to_si.o)
 .bss           0x0080017e        0x0 d:/embedded systems avr tools/01- imt sdk/imt_sdk_win_64/winavr/bin/../lib/gcc/avr/4.3.3/avr5\libgcc.a(_thenan_sf.o)
 .bss           0x0080017e        0x0 d:/embedded systems avr tools/01- imt sdk/imt_sdk_win_64/winavr/bin/../lib/gcc/avr/4.3.3/avr5\libgcc.a(_usi_to_sf.o)
 .bss           0x0080017e        0x0 d:/embedded systems avr tools/01- imt sdk/imt_sdk_win_64/winavr/bin/../lib/gcc/avr/4.3.3/avr5\libgcc.a(_prologue.o)
 .bss           0x0080017e        0x0 d:/embedded systems avr tools/01- imt sdk/imt_sdk_win_64/winavr/bin/../lib/gcc/avr/4.3.3/avr5\libgcc.a(_epilogue.o)
 .bss           0x0080017e        0x0 d:/embedded systems avr tools/01- imt sdk/imt_sdk_win_64/winavr/bin/../lib/gcc/avr/4.3.3/avr5\libgcc.a(_clzsi2.o)
 .bss           0x0080017e        0x0 d:/embedded systems avr tools/01- imt sdk/imt_sdk_win_64/winavr/bin/../lib/gcc/avr/4.3.3/avr5\libgcc.a(_pack_sf.o)
 .bss           0x0080017e        0x0 d:/embedded systems avr tools/01- imt sdk/imt_sdk_win_64/winavr/bin/../lib/gcc/avr/4.3.3/avr5\libgcc.a(_unpack_sf.o)
 .bss           0x0080017e        0x0 d:/embedded systems avr tools/01- imt sdk/imt_sdk_win_64/winavr/bin/../lib/gcc/avr/4.3.3/avr5\libgcc.a(_fpcmp_parts_sf.o)
 .bss           0x0080017e        0x0 d:/embedded systems avr tools/01- imt sdk/imt_sdk_win_64/winavr/bin/../lib/gcc/avr/4.3.3/avr5\libgcc.a(_clz.o)
 *(.bss*)
 .bss.Main_u8LDRSamplingFlag
                0x0080017e        0x1 ./TestApp/main.o
                0x0080017e                Main_u8LDRSamplingFlag
 .bss.Main_u8TempSamplingFlag
                0x0080017f        0x1 ./TestApp/main.o
                0x0080017f                Main_u8TempSamplingFlag
 .bss.Main_u8UltrasonicSamplingFlag
                0x00800180        0x1 ./TestApp/main.o
                0x00800180                Main_u8UltrasonicSamplingFlag
 .bss.Local_u16Counter.1620
                0x00800181        0x2 ./TestApp/main.o
 .bss.ICU_u16Capture1
                0x00800183        0x2 ./SERL/ICU/Source/ICU_program.o
 .bss.ICU_u16Capture2
                0x00800185        0x2 ./SERL/ICU/Source/ICU_program.o
 .bss.ICU_u16Capture3
                0x00800187        0x2 ./SERL/ICU/Source/ICU_program.o
 .bss.ICU_u8OvfCounter
                0x00800189        0x1 ./SERL/ICU/Source/ICU_program.o
 .bss.ICU_u8PeriodOvfCounter
                0x0080018a        0x1 ./SERL/ICU/Source/ICU_program.o
 .bss.ICU_u8DutyCycleOvfCounter
                0x0080018b        0x1 ./SERL/ICU/Source/ICU_program.o
 .bss.Local_u8Counter.1424
                0x0080018c        0x1 ./SERL/ICU/Source/ICU_program.o
 .bss.TIMERS_u8StateArr
                0x0080018d        0x3 ./MCAL/TIMERS/Source/TIMERS_program.o
 .bss.TIMERS_pvCallBackFuncArr
                0x00800190       0x10 ./MCAL/TIMERS/Source/TIMERS_program.o
 .bss.ADC_pvNotificationFunc
                0x008001a0        0x2 ./MCAL/ADC/Source/ADC_program.o
 .bss.ADC_pu16ConversionResult
                0x008001a2        0x2 ./MCAL/ADC/Source/ADC_program.o
 .bss.ADC_u8BusyFlag
                0x008001a4        0x1 ./MCAL/ADC/Source/ADC_program.o
 .bss.ADC_pstChainData
                0x008001a5        0x2 ./MCAL/ADC/Source/ADC_program.o
 .bss.ADC_u8ChainChannelCounter
                0x008001a7        0x1 ./MCAL/ADC/Source/ADC_program.o
 .bss.ADC_u8IntSource
                0x008001a8        0x1 ./MCAL/ADC/Source/ADC_program.o
 .bss.ULTSONIC_u16Capture1
                0x008001a9        0x2 ./HAL/ULTSONIC/Source/ULTSONIC_program.o
 .bss.ULTSONIC_u16Capture2
                0x008001ab        0x2 ./HAL/ULTSONIC/Source/ULTSONIC_program.o
 .bss.ULTSONIC_u16OvfCounter
                0x008001ad        0x2 ./HAL/ULTSONIC/Source/ULTSONIC_program.o
 .bss.ULTSONIC_u16EchoOvfCounter
                0x008001af        0x2 ./HAL/ULTSONIC/Source/ULTSONIC_program.o
 .bss.Local_u8Counter.1497
                0x008001b1        0x1 ./HAL/ULTSONIC/Source/ULTSONIC_program.o
 *(COMMON)
 COMMON         0x008001b2        0xe ./HAL/MCP/Source/MCP2515_program.o
                0x008001b2                MCP2515_u8ReadBuffer
                0x008001c0                PROVIDE (__bss_end, .)
                0x0000607c                __data_load_start = LOADADDR (.data)
                0x0000619a                __data_load_end = (__data_load_start + SIZEOF (.data))

.noinit         0x008001c0        0x0
                0x008001c0                PROVIDE (__noinit_start, .)
 *(.noinit*)
                0x008001c0                PROVIDE (__noinit_end, .)
                0x008001c0                _end = .
                0x008001c0                PROVIDE (__heap_start, .)

.eeprom         0x00810000        0x0
 *(.eeprom*)
                0x00810000                __eeprom_end = .

.fuse
 *(.fuse)
 *(.lfuse)
 *(.hfuse)
 *(.efuse)

.lock
 *(.lock*)

.signature
 *(.signature*)

.stab           0x00000000     0x6b70
 *(.stab)
 .stab          0x00000000      0x858 ./TestApp/main.o
 .stab          0x00000858      0x54c ./SERL/ICU/Source/ICU_program.o
                                0x558 (size before relaxing)
 .stab          0x00000da4      0x5a0 ./SERL/FIR/Source/FIR_program.o
                                0x738 (size before relaxing)
 .stab          0x00001344     0x1500 ./MCAL/TIMERS/Source/TIMERS_program.o
                               0x150c (size before relaxing)
 .stab          0x00002844      0x228 ./MCAL/SPI/Source/SPI_program.o
                                0x234 (size before relaxing)
 .stab          0x00002a6c      0x1e0 ./MCAL/PORT/Source/PORT_program.o
                                0x1ec (size before relaxing)
 .stab          0x00002c4c      0x1bc ./MCAL/GIE/Source/GIE_program.o
                                0x1c8 (size before relaxing)
 .stab          0x00002e08      0x738 ./MCAL/DIO/Source/DIO_program.o
                                0x744 (size before relaxing)
 .stab          0x00003540      0x684 ./MCAL/ADC/Source/ADC_program.o
                                0x690 (size before relaxing)
 .stab          0x00003bc4      0x6b4 ./HAL/ULTSONIC/Source/ULTSONIC_program.o
                                0x84c (size before relaxing)
 .stab          0x00004278      0x360 ./HAL/MOTOR/Source/MOTOR_program.o
                                0x36c (size before relaxing)
 .stab          0x000045d8      0x9a8 ./HAL/MCP/Source/MCP2515_program.o
                                0x9b4 (size before relaxing)
 .stab          0x00004f80      0x2d0 ./HAL/LM35/Source/LM35_program.o
                                0x2dc (size before relaxing)
 .stab          0x00005250      0x3c0 ./HAL/LDR/Source/LDR_program.o
                                0x3cc (size before relaxing)
 .stab          0x00005610      0xb34 ./HAL/CLCD/Source/CLCD_program.o
                                0xccc (size before relaxing)
 .stab          0x00006144       0xd8 ./Data_Structures/Stack/stack.o
                                 0xe4 (size before relaxing)
 .stab          0x0000621c      0x738 ./Data_Structures/Queue/queue.o
                                0x8d0 (size before relaxing)
 .stab          0x00006954      0x21c ./Common/LIBRARY_program.o
                                0x228 (size before relaxing)

.stabstr        0x00000000     0x36c1
 *(.stabstr)
 .stabstr       0x00000000     0x36c1 ./TestApp/main.o

.stab.excl
 *(.stab.excl)

.stab.exclstr
 *(.stab.exclstr)

.stab.index
 *(.stab.index)

.stab.indexstr
 *(.stab.indexstr)

.comment
 *(.comment)

.debug
 *(.debug)

.line
 *(.line)

.debug_srcinfo
 *(.debug_srcinfo)

.debug_sfnames
 *(.debug_sfnames)

.debug_aranges  0x00000000      0x1c0
 *(.debug_aranges)
 .debug_aranges
                0x00000000       0x20 d:/embedded systems avr tools/01- imt sdk/imt_sdk_win_64/winavr/bin/../lib/gcc/avr/4.3.3/avr5\libgcc.a(_fixunssfsi.o)
 .debug_aranges
                0x00000020       0x20 d:/embedded systems avr tools/01- imt sdk/imt_sdk_win_64/winavr/bin/../lib/gcc/avr/4.3.3/avr5\libgcc.a(_addsub_sf.o)
 .debug_aranges
                0x00000040       0x20 d:/embedded systems avr tools/01- imt sdk/imt_sdk_win_64/winavr/bin/../lib/gcc/avr/4.3.3/avr5\libgcc.a(_mul_sf.o)
 .debug_aranges
                0x00000060       0x20 d:/embedded systems avr tools/01- imt sdk/imt_sdk_win_64/winavr/bin/../lib/gcc/avr/4.3.3/avr5\libgcc.a(_div_sf.o)
 .debug_aranges
                0x00000080       0x20 d:/embedded systems avr tools/01- imt sdk/imt_sdk_win_64/winavr/bin/../lib/gcc/avr/4.3.3/avr5\libgcc.a(_gt_sf.o)
 .debug_aranges
                0x000000a0       0x20 d:/embedded systems avr tools/01- imt sdk/imt_sdk_win_64/winavr/bin/../lib/gcc/avr/4.3.3/avr5\libgcc.a(_ge_sf.o)
 .debug_aranges
                0x000000c0       0x20 d:/embedded systems avr tools/01- imt sdk/imt_sdk_win_64/winavr/bin/../lib/gcc/avr/4.3.3/avr5\libgcc.a(_lt_sf.o)
 .debug_aranges
                0x000000e0       0x20 d:/embedded systems avr tools/01- imt sdk/imt_sdk_win_64/winavr/bin/../lib/gcc/avr/4.3.3/avr5\libgcc.a(_si_to_sf.o)
 .debug_aranges
                0x00000100       0x20 d:/embedded systems avr tools/01- imt sdk/imt_sdk_win_64/winavr/bin/../lib/gcc/avr/4.3.3/avr5\libgcc.a(_sf_to_si.o)
 .debug_aranges
                0x00000120       0x20 d:/embedded systems avr tools/01- imt sdk/imt_sdk_win_64/winavr/bin/../lib/gcc/avr/4.3.3/avr5\libgcc.a(_usi_to_sf.o)
 .debug_aranges
                0x00000140       0x20 d:/embedded systems avr tools/01- imt sdk/imt_sdk_win_64/winavr/bin/../lib/gcc/avr/4.3.3/avr5\libgcc.a(_clzsi2.o)
 .debug_aranges
                0x00000160       0x20 d:/embedded systems avr tools/01- imt sdk/imt_sdk_win_64/winavr/bin/../lib/gcc/avr/4.3.3/avr5\libgcc.a(_pack_sf.o)
 .debug_aranges
                0x00000180       0x20 d:/embedded systems avr tools/01- imt sdk/imt_sdk_win_64/winavr/bin/../lib/gcc/avr/4.3.3/avr5\libgcc.a(_unpack_sf.o)
 .debug_aranges
                0x000001a0       0x20 d:/embedded systems avr tools/01- imt sdk/imt_sdk_win_64/winavr/bin/../lib/gcc/avr/4.3.3/avr5\libgcc.a(_fpcmp_parts_sf.o)

.debug_pubnames
                0x00000000      0x214
 *(.debug_pubnames)
 .debug_pubnames
                0x00000000       0x23 d:/embedded systems avr tools/01- imt sdk/imt_sdk_win_64/winavr/bin/../lib/gcc/avr/4.3.3/avr5\libgcc.a(_fixunssfsi.o)
 .debug_pubnames
                0x00000023       0x2c d:/embedded systems avr tools/01- imt sdk/imt_sdk_win_64/winavr/bin/../lib/gcc/avr/4.3.3/avr5\libgcc.a(_addsub_sf.o)
 .debug_pubnames
                0x0000004f       0x1f d:/embedded systems avr tools/01- imt sdk/imt_sdk_win_64/winavr/bin/../lib/gcc/avr/4.3.3/avr5\libgcc.a(_mul_sf.o)
 .debug_pubnames
                0x0000006e       0x1f d:/embedded systems avr tools/01- imt sdk/imt_sdk_win_64/winavr/bin/../lib/gcc/avr/4.3.3/avr5\libgcc.a(_div_sf.o)
 .debug_pubnames
                0x0000008d       0x1e d:/embedded systems avr tools/01- imt sdk/imt_sdk_win_64/winavr/bin/../lib/gcc/avr/4.3.3/avr5\libgcc.a(_gt_sf.o)
 .debug_pubnames
                0x000000ab       0x1e d:/embedded systems avr tools/01- imt sdk/imt_sdk_win_64/winavr/bin/../lib/gcc/avr/4.3.3/avr5\libgcc.a(_ge_sf.o)
 .debug_pubnames
                0x000000c9       0x1e d:/embedded systems avr tools/01- imt sdk/imt_sdk_win_64/winavr/bin/../lib/gcc/avr/4.3.3/avr5\libgcc.a(_lt_sf.o)
 .debug_pubnames
                0x000000e7       0x22 d:/embedded systems avr tools/01- imt sdk/imt_sdk_win_64/winavr/bin/../lib/gcc/avr/4.3.3/avr5\libgcc.a(_si_to_sf.o)
 .debug_pubnames
                0x00000109       0x20 d:/embedded systems avr tools/01- imt sdk/imt_sdk_win_64/winavr/bin/../lib/gcc/avr/4.3.3/avr5\libgcc.a(_sf_to_si.o)
 .debug_pubnames
                0x00000129       0x22 d:/embedded systems avr tools/01- imt sdk/imt_sdk_win_64/winavr/bin/../lib/gcc/avr/4.3.3/avr5\libgcc.a(_thenan_sf.o)
 .debug_pubnames
                0x0000014b       0x24 d:/embedded systems avr tools/01- imt sdk/imt_sdk_win_64/winavr/bin/../lib/gcc/avr/4.3.3/avr5\libgcc.a(_usi_to_sf.o)
 .debug_pubnames
                0x0000016f       0x1f d:/embedded systems avr tools/01- imt sdk/imt_sdk_win_64/winavr/bin/../lib/gcc/avr/4.3.3/avr5\libgcc.a(_clzsi2.o)
 .debug_pubnames
                0x0000018e       0x1f d:/embedded systems avr tools/01- imt sdk/imt_sdk_win_64/winavr/bin/../lib/gcc/avr/4.3.3/avr5\libgcc.a(_pack_sf.o)
 .debug_pubnames
                0x000001ad       0x21 d:/embedded systems avr tools/01- imt sdk/imt_sdk_win_64/winavr/bin/../lib/gcc/avr/4.3.3/avr5\libgcc.a(_unpack_sf.o)
 .debug_pubnames
                0x000001ce       0x26 d:/embedded systems avr tools/01- imt sdk/imt_sdk_win_64/winavr/bin/../lib/gcc/avr/4.3.3/avr5\libgcc.a(_fpcmp_parts_sf.o)
 .debug_pubnames
                0x000001f4       0x20 d:/embedded systems avr tools/01- imt sdk/imt_sdk_win_64/winavr/bin/../lib/gcc/avr/4.3.3/avr5\libgcc.a(_clz.o)

.debug_info     0x00000000     0x2612
 *(.debug_info)
 .debug_info    0x00000000       0xb1 d:/embedded systems avr tools/01- imt sdk/imt_sdk_win_64/winavr/bin/../lib/gcc/avr/4.3.3/avr5\libgcc.a(_fixunssfsi.o)
 .debug_info    0x000000b1      0x47a d:/embedded systems avr tools/01- imt sdk/imt_sdk_win_64/winavr/bin/../lib/gcc/avr/4.3.3/avr5\libgcc.a(_addsub_sf.o)
 .debug_info    0x0000052b      0x485 d:/embedded systems avr tools/01- imt sdk/imt_sdk_win_64/winavr/bin/../lib/gcc/avr/4.3.3/avr5\libgcc.a(_mul_sf.o)
 .debug_info    0x000009b0      0x3fc d:/embedded systems avr tools/01- imt sdk/imt_sdk_win_64/winavr/bin/../lib/gcc/avr/4.3.3/avr5\libgcc.a(_div_sf.o)
 .debug_info    0x00000dac      0x27f d:/embedded systems avr tools/01- imt sdk/imt_sdk_win_64/winavr/bin/../lib/gcc/avr/4.3.3/avr5\libgcc.a(_gt_sf.o)
 .debug_info    0x0000102b      0x27f d:/embedded systems avr tools/01- imt sdk/imt_sdk_win_64/winavr/bin/../lib/gcc/avr/4.3.3/avr5\libgcc.a(_ge_sf.o)
 .debug_info    0x000012aa      0x27f d:/embedded systems avr tools/01- imt sdk/imt_sdk_win_64/winavr/bin/../lib/gcc/avr/4.3.3/avr5\libgcc.a(_lt_sf.o)
 .debug_info    0x00001529      0x207 d:/embedded systems avr tools/01- imt sdk/imt_sdk_win_64/winavr/bin/../lib/gcc/avr/4.3.3/avr5\libgcc.a(_si_to_sf.o)
 .debug_info    0x00001730      0x2b0 d:/embedded systems avr tools/01- imt sdk/imt_sdk_win_64/winavr/bin/../lib/gcc/avr/4.3.3/avr5\libgcc.a(_sf_to_si.o)
 .debug_info    0x000019e0      0x12c d:/embedded systems avr tools/01- imt sdk/imt_sdk_win_64/winavr/bin/../lib/gcc/avr/4.3.3/avr5\libgcc.a(_thenan_sf.o)
 .debug_info    0x00001b0c      0x206 d:/embedded systems avr tools/01- imt sdk/imt_sdk_win_64/winavr/bin/../lib/gcc/avr/4.3.3/avr5\libgcc.a(_usi_to_sf.o)
 .debug_info    0x00001d12      0x117 d:/embedded systems avr tools/01- imt sdk/imt_sdk_win_64/winavr/bin/../lib/gcc/avr/4.3.3/avr5\libgcc.a(_clzsi2.o)
 .debug_info    0x00001e29      0x2df d:/embedded systems avr tools/01- imt sdk/imt_sdk_win_64/winavr/bin/../lib/gcc/avr/4.3.3/avr5\libgcc.a(_pack_sf.o)
 .debug_info    0x00002108      0x251 d:/embedded systems avr tools/01- imt sdk/imt_sdk_win_64/winavr/bin/../lib/gcc/avr/4.3.3/avr5\libgcc.a(_unpack_sf.o)
 .debug_info    0x00002359      0x210 d:/embedded systems avr tools/01- imt sdk/imt_sdk_win_64/winavr/bin/../lib/gcc/avr/4.3.3/avr5\libgcc.a(_fpcmp_parts_sf.o)
 .debug_info    0x00002569       0xa9 d:/embedded systems avr tools/01- imt sdk/imt_sdk_win_64/winavr/bin/../lib/gcc/avr/4.3.3/avr5\libgcc.a(_clz.o)
 *(.gnu.linkonce.wi.*)

.debug_abbrev   0x00000000     0x14ce
 *(.debug_abbrev)
 .debug_abbrev  0x00000000       0x5d d:/embedded systems avr tools/01- imt sdk/imt_sdk_win_64/winavr/bin/../lib/gcc/avr/4.3.3/avr5\libgcc.a(_fixunssfsi.o)
 .debug_abbrev  0x0000005d      0x1ea d:/embedded systems avr tools/01- imt sdk/imt_sdk_win_64/winavr/bin/../lib/gcc/avr/4.3.3/avr5\libgcc.a(_addsub_sf.o)
 .debug_abbrev  0x00000247      0x21b d:/embedded systems avr tools/01- imt sdk/imt_sdk_win_64/winavr/bin/../lib/gcc/avr/4.3.3/avr5\libgcc.a(_mul_sf.o)
 .debug_abbrev  0x00000462      0x216 d:/embedded systems avr tools/01- imt sdk/imt_sdk_win_64/winavr/bin/../lib/gcc/avr/4.3.3/avr5\libgcc.a(_div_sf.o)
 .debug_abbrev  0x00000678      0x15a d:/embedded systems avr tools/01- imt sdk/imt_sdk_win_64/winavr/bin/../lib/gcc/avr/4.3.3/avr5\libgcc.a(_gt_sf.o)
 .debug_abbrev  0x000007d2      0x15a d:/embedded systems avr tools/01- imt sdk/imt_sdk_win_64/winavr/bin/../lib/gcc/avr/4.3.3/avr5\libgcc.a(_ge_sf.o)
 .debug_abbrev  0x0000092c      0x15a d:/embedded systems avr tools/01- imt sdk/imt_sdk_win_64/winavr/bin/../lib/gcc/avr/4.3.3/avr5\libgcc.a(_lt_sf.o)
 .debug_abbrev  0x00000a86      0x148 d:/embedded systems avr tools/01- imt sdk/imt_sdk_win_64/winavr/bin/../lib/gcc/avr/4.3.3/avr5\libgcc.a(_si_to_sf.o)
 .debug_abbrev  0x00000bce      0x17f d:/embedded systems avr tools/01- imt sdk/imt_sdk_win_64/winavr/bin/../lib/gcc/avr/4.3.3/avr5\libgcc.a(_sf_to_si.o)
 .debug_abbrev  0x00000d4d       0xad d:/embedded systems avr tools/01- imt sdk/imt_sdk_win_64/winavr/bin/../lib/gcc/avr/4.3.3/avr5\libgcc.a(_thenan_sf.o)
 .debug_abbrev  0x00000dfa      0x157 d:/embedded systems avr tools/01- imt sdk/imt_sdk_win_64/winavr/bin/../lib/gcc/avr/4.3.3/avr5\libgcc.a(_usi_to_sf.o)
 .debug_abbrev  0x00000f51       0xc4 d:/embedded systems avr tools/01- imt sdk/imt_sdk_win_64/winavr/bin/../lib/gcc/avr/4.3.3/avr5\libgcc.a(_clzsi2.o)
 .debug_abbrev  0x00001015      0x1c0 d:/embedded systems avr tools/01- imt sdk/imt_sdk_win_64/winavr/bin/../lib/gcc/avr/4.3.3/avr5\libgcc.a(_pack_sf.o)
 .debug_abbrev  0x000011d5      0x154 d:/embedded systems avr tools/01- imt sdk/imt_sdk_win_64/winavr/bin/../lib/gcc/avr/4.3.3/avr5\libgcc.a(_unpack_sf.o)
 .debug_abbrev  0x00001329      0x13b d:/embedded systems avr tools/01- imt sdk/imt_sdk_win_64/winavr/bin/../lib/gcc/avr/4.3.3/avr5\libgcc.a(_fpcmp_parts_sf.o)
 .debug_abbrev  0x00001464       0x6a d:/embedded systems avr tools/01- imt sdk/imt_sdk_win_64/winavr/bin/../lib/gcc/avr/4.3.3/avr5\libgcc.a(_clz.o)

.debug_line     0x00000000     0x130b
 *(.debug_line)
 .debug_line    0x00000000       0xa7 d:/embedded systems avr tools/01- imt sdk/imt_sdk_win_64/winavr/bin/../lib/gcc/avr/4.3.3/avr5\libgcc.a(_fixunssfsi.o)
 .debug_line    0x000000a7      0x2af d:/embedded systems avr tools/01- imt sdk/imt_sdk_win_64/winavr/bin/../lib/gcc/avr/4.3.3/avr5\libgcc.a(_addsub_sf.o)
 .debug_line    0x00000356      0x239 d:/embedded systems avr tools/01- imt sdk/imt_sdk_win_64/winavr/bin/../lib/gcc/avr/4.3.3/avr5\libgcc.a(_mul_sf.o)
 .debug_line    0x0000058f      0x1d5 d:/embedded systems avr tools/01- imt sdk/imt_sdk_win_64/winavr/bin/../lib/gcc/avr/4.3.3/avr5\libgcc.a(_div_sf.o)
 .debug_line    0x00000764       0xd3 d:/embedded systems avr tools/01- imt sdk/imt_sdk_win_64/winavr/bin/../lib/gcc/avr/4.3.3/avr5\libgcc.a(_gt_sf.o)
 .debug_line    0x00000837       0xd3 d:/embedded systems avr tools/01- imt sdk/imt_sdk_win_64/winavr/bin/../lib/gcc/avr/4.3.3/avr5\libgcc.a(_ge_sf.o)
 .debug_line    0x0000090a       0xd3 d:/embedded systems avr tools/01- imt sdk/imt_sdk_win_64/winavr/bin/../lib/gcc/avr/4.3.3/avr5\libgcc.a(_lt_sf.o)
 .debug_line    0x000009dd      0x135 d:/embedded systems avr tools/01- imt sdk/imt_sdk_win_64/winavr/bin/../lib/gcc/avr/4.3.3/avr5\libgcc.a(_si_to_sf.o)
 .debug_line    0x00000b12      0x109 d:/embedded systems avr tools/01- imt sdk/imt_sdk_win_64/winavr/bin/../lib/gcc/avr/4.3.3/avr5\libgcc.a(_sf_to_si.o)
 .debug_line    0x00000c1b       0x90 d:/embedded systems avr tools/01- imt sdk/imt_sdk_win_64/winavr/bin/../lib/gcc/avr/4.3.3/avr5\libgcc.a(_thenan_sf.o)
 .debug_line    0x00000cab      0x133 d:/embedded systems avr tools/01- imt sdk/imt_sdk_win_64/winavr/bin/../lib/gcc/avr/4.3.3/avr5\libgcc.a(_usi_to_sf.o)
 .debug_line    0x00000dde       0xa5 d:/embedded systems avr tools/01- imt sdk/imt_sdk_win_64/winavr/bin/../lib/gcc/avr/4.3.3/avr5\libgcc.a(_clzsi2.o)
 .debug_line    0x00000e83      0x18a d:/embedded systems avr tools/01- imt sdk/imt_sdk_win_64/winavr/bin/../lib/gcc/avr/4.3.3/avr5\libgcc.a(_pack_sf.o)
 .debug_line    0x0000100d      0x14b d:/embedded systems avr tools/01- imt sdk/imt_sdk_win_64/winavr/bin/../lib/gcc/avr/4.3.3/avr5\libgcc.a(_unpack_sf.o)
 .debug_line    0x00001158      0x137 d:/embedded systems avr tools/01- imt sdk/imt_sdk_win_64/winavr/bin/../lib/gcc/avr/4.3.3/avr5\libgcc.a(_fpcmp_parts_sf.o)
 .debug_line    0x0000128f       0x7c d:/embedded systems avr tools/01- imt sdk/imt_sdk_win_64/winavr/bin/../lib/gcc/avr/4.3.3/avr5\libgcc.a(_clz.o)

.debug_frame    0x00000000      0x1e0
 *(.debug_frame)
 .debug_frame   0x00000000       0x20 d:/embedded systems avr tools/01- imt sdk/imt_sdk_win_64/winavr/bin/../lib/gcc/avr/4.3.3/avr5\libgcc.a(_fixunssfsi.o)
 .debug_frame   0x00000020       0x40 d:/embedded systems avr tools/01- imt sdk/imt_sdk_win_64/winavr/bin/../lib/gcc/avr/4.3.3/avr5\libgcc.a(_addsub_sf.o)
 .debug_frame   0x00000060       0x20 d:/embedded systems avr tools/01- imt sdk/imt_sdk_win_64/winavr/bin/../lib/gcc/avr/4.3.3/avr5\libgcc.a(_mul_sf.o)
 .debug_frame   0x00000080       0x20 d:/embedded systems avr tools/01- imt sdk/imt_sdk_win_64/winavr/bin/../lib/gcc/avr/4.3.3/avr5\libgcc.a(_div_sf.o)
 .debug_frame   0x000000a0       0x20 d:/embedded systems avr tools/01- imt sdk/imt_sdk_win_64/winavr/bin/../lib/gcc/avr/4.3.3/avr5\libgcc.a(_gt_sf.o)
 .debug_frame   0x000000c0       0x20 d:/embedded systems avr tools/01- imt sdk/imt_sdk_win_64/winavr/bin/../lib/gcc/avr/4.3.3/avr5\libgcc.a(_ge_sf.o)
 .debug_frame   0x000000e0       0x20 d:/embedded systems avr tools/01- imt sdk/imt_sdk_win_64/winavr/bin/../lib/gcc/avr/4.3.3/avr5\libgcc.a(_lt_sf.o)
 .debug_frame   0x00000100       0x20 d:/embedded systems avr tools/01- imt sdk/imt_sdk_win_64/winavr/bin/../lib/gcc/avr/4.3.3/avr5\libgcc.a(_si_to_sf.o)
 .debug_frame   0x00000120       0x20 d:/embedded systems avr tools/01- imt sdk/imt_sdk_win_64/winavr/bin/../lib/gcc/avr/4.3.3/avr5\libgcc.a(_sf_to_si.o)
 .debug_frame   0x00000140       0x20 d:/embedded systems avr tools/01- imt sdk/imt_sdk_win_64/winavr/bin/../lib/gcc/avr/4.3.3/avr5\libgcc.a(_usi_to_sf.o)
 .debug_frame   0x00000160       0x20 d:/embedded systems avr tools/01- imt sdk/imt_sdk_win_64/winavr/bin/../lib/gcc/avr/4.3.3/avr5\libgcc.a(_clzsi2.o)
 .debug_frame   0x00000180       0x20 d:/embedded systems avr tools/01- imt sdk/imt_sdk_win_64/winavr/bin/../lib/gcc/avr/4.3.3/avr5\libgcc.a(_pack_sf.o)
 .debug_frame   0x000001a0       0x20 d:/embedded systems avr tools/01- imt sdk/imt_sdk_win_64/winavr/bin/../lib/gcc/avr/4.3.3/avr5\libgcc.a(_unpack_sf.o)
 .debug_frame   0x000001c0       0x20 d:/embedded systems avr tools/01- imt sdk/imt_sdk_win_64/winavr/bin/../lib/gcc/avr/4.3.3/avr5\libgcc.a(_fpcmp_parts_sf.o)

.debug_str      0x00000000      0x307
 *(.debug_str)
 .debug_str     0x00000000       0xbf d:/embedded systems avr tools/01- imt sdk/imt_sdk_win_64/winavr/bin/../lib/gcc/avr/4.3.3/avr5\libgcc.a(_fixunssfsi.o)
                                 0xfe (size before relaxing)
 .debug_str     0x000000bf      0x14d d:/embedded systems avr tools/01- imt sdk/imt_sdk_win_64/winavr/bin/../lib/gcc/avr/4.3.3/avr5\libgcc.a(_addsub_sf.o)
                                0x206 (size before relaxing)
 .debug_str     0x0000020c       0x27 d:/embedded systems avr tools/01- imt sdk/imt_sdk_win_64/winavr/bin/../lib/gcc/avr/4.3.3/avr5\libgcc.a(_mul_sf.o)
                                0x1bf (size before relaxing)
 .debug_str     0x00000233       0x35 d:/embedded systems avr tools/01- imt sdk/imt_sdk_win_64/winavr/bin/../lib/gcc/avr/4.3.3/avr5\libgcc.a(_div_sf.o)
                                0x1c8 (size before relaxing)
 .debug_str     0x00000268        0x8 d:/embedded systems avr tools/01- imt sdk/imt_sdk_win_64/winavr/bin/../lib/gcc/avr/4.3.3/avr5\libgcc.a(_gt_sf.o)
                                0x195 (size before relaxing)
 .debug_str     0x00000270        0x8 d:/embedded systems avr tools/01- imt sdk/imt_sdk_win_64/winavr/bin/../lib/gcc/avr/4.3.3/avr5\libgcc.a(_ge_sf.o)
                                0x195 (size before relaxing)
 .debug_str     0x00000278        0x8 d:/embedded systems avr tools/01- imt sdk/imt_sdk_win_64/winavr/bin/../lib/gcc/avr/4.3.3/avr5\libgcc.a(_lt_sf.o)
                                0x195 (size before relaxing)
 .debug_str     0x00000280       0x1e d:/embedded systems avr tools/01- imt sdk/imt_sdk_win_64/winavr/bin/../lib/gcc/avr/4.3.3/avr5\libgcc.a(_si_to_sf.o)
                                0x17b (size before relaxing)
 .debug_str     0x0000029e        0xa d:/embedded systems avr tools/01- imt sdk/imt_sdk_win_64/winavr/bin/../lib/gcc/avr/4.3.3/avr5\libgcc.a(_sf_to_si.o)
                                0x19e (size before relaxing)
 .debug_str     0x00000000      0x103 d:/embedded systems avr tools/01- imt sdk/imt_sdk_win_64/winavr/bin/../lib/gcc/avr/4.3.3/avr5\libgcc.a(_thenan_sf.o)
 .debug_str     0x000002a8       0x14 d:/embedded systems avr tools/01- imt sdk/imt_sdk_win_64/winavr/bin/../lib/gcc/avr/4.3.3/avr5\libgcc.a(_usi_to_sf.o)
                                0x177 (size before relaxing)
 .debug_str     0x000002bc       0x20 d:/embedded systems avr tools/01- imt sdk/imt_sdk_win_64/winavr/bin/../lib/gcc/avr/4.3.3/avr5\libgcc.a(_clzsi2.o)
                                0x111 (size before relaxing)
 .debug_str     0x000002dc       0x10 d:/embedded systems avr tools/01- imt sdk/imt_sdk_win_64/winavr/bin/../lib/gcc/avr/4.3.3/avr5\libgcc.a(_pack_sf.o)
                                0x19d (size before relaxing)
 .debug_str     0x000002ec        0xb d:/embedded systems avr tools/01- imt sdk/imt_sdk_win_64/winavr/bin/../lib/gcc/avr/4.3.3/avr5\libgcc.a(_unpack_sf.o)
                                0x17f (size before relaxing)
 .debug_str     0x000002f7       0x10 d:/embedded systems avr tools/01- imt sdk/imt_sdk_win_64/winavr/bin/../lib/gcc/avr/4.3.3/avr5\libgcc.a(_fpcmp_parts_sf.o)
                                0x163 (size before relaxing)
 .debug_str     0x00000000       0xf4 d:/embedded systems avr tools/01- imt sdk/imt_sdk_win_64/winavr/bin/../lib/gcc/avr/4.3.3/avr5\libgcc.a(_clz.o)

.debug_loc      0x00000000      0xa1a
 *(.debug_loc)
 .debug_loc     0x00000000       0x34 d:/embedded systems avr tools/01- imt sdk/imt_sdk_win_64/winavr/bin/../lib/gcc/avr/4.3.3/avr5\libgcc.a(_fixunssfsi.o)
 .debug_loc     0x00000034      0x32a d:/embedded systems avr tools/01- imt sdk/imt_sdk_win_64/winavr/bin/../lib/gcc/avr/4.3.3/avr5\libgcc.a(_addsub_sf.o)
 .debug_loc     0x0000035e      0x104 d:/embedded systems avr tools/01- imt sdk/imt_sdk_win_64/winavr/bin/../lib/gcc/avr/4.3.3/avr5\libgcc.a(_mul_sf.o)
 .debug_loc     0x00000462       0xc0 d:/embedded systems avr tools/01- imt sdk/imt_sdk_win_64/winavr/bin/../lib/gcc/avr/4.3.3/avr5\libgcc.a(_div_sf.o)
 .debug_loc     0x00000522       0x3c d:/embedded systems avr tools/01- imt sdk/imt_sdk_win_64/winavr/bin/../lib/gcc/avr/4.3.3/avr5\libgcc.a(_gt_sf.o)
 .debug_loc     0x0000055e       0x3c d:/embedded systems avr tools/01- imt sdk/imt_sdk_win_64/winavr/bin/../lib/gcc/avr/4.3.3/avr5\libgcc.a(_ge_sf.o)
 .debug_loc     0x0000059a       0x3c d:/embedded systems avr tools/01- imt sdk/imt_sdk_win_64/winavr/bin/../lib/gcc/avr/4.3.3/avr5\libgcc.a(_lt_sf.o)
 .debug_loc     0x000005d6       0xac d:/embedded systems avr tools/01- imt sdk/imt_sdk_win_64/winavr/bin/../lib/gcc/avr/4.3.3/avr5\libgcc.a(_si_to_sf.o)
 .debug_loc     0x00000682       0x7e d:/embedded systems avr tools/01- imt sdk/imt_sdk_win_64/winavr/bin/../lib/gcc/avr/4.3.3/avr5\libgcc.a(_sf_to_si.o)
 .debug_loc     0x00000700       0x4c d:/embedded systems avr tools/01- imt sdk/imt_sdk_win_64/winavr/bin/../lib/gcc/avr/4.3.3/avr5\libgcc.a(_usi_to_sf.o)
 .debug_loc     0x0000074c       0x94 d:/embedded systems avr tools/01- imt sdk/imt_sdk_win_64/winavr/bin/../lib/gcc/avr/4.3.3/avr5\libgcc.a(_clzsi2.o)
 .debug_loc     0x000007e0      0x13e d:/embedded systems avr tools/01- imt sdk/imt_sdk_win_64/winavr/bin/../lib/gcc/avr/4.3.3/avr5\libgcc.a(_pack_sf.o)
 .debug_loc     0x0000091e       0xac d:/embedded systems avr tools/01- imt sdk/imt_sdk_win_64/winavr/bin/../lib/gcc/avr/4.3.3/avr5\libgcc.a(_unpack_sf.o)
 .debug_loc     0x000009ca       0x50 d:/embedded systems avr tools/01- imt sdk/imt_sdk_win_64/winavr/bin/../lib/gcc/avr/4.3.3/avr5\libgcc.a(_fpcmp_parts_sf.o)

.debug_macinfo
 *(.debug_macinfo)
OUTPUT(ITI_GP.elf elf32-avr)
LOAD linker stubs

.debug_ranges   0x00000000       0x50
 .debug_ranges  0x00000000       0x50 d:/embedded systems avr tools/01- imt sdk/imt_sdk_win_64/winavr/bin/../lib/gcc/avr/4.3.3/avr5\libgcc.a(_mul_sf.o)
