Archive member included because of file (symbol)

d:/embedded systems avr tools/01- imt sdk/imt_sdk_win_64/winavr/bin/../lib/gcc/avr/4.3.3/avr5\libgcc.a(_mulsi3.o)
                              ./Common/LIBRARY_program.o (__mulsi3)
d:/embedded systems avr tools/01- imt sdk/imt_sdk_win_64/winavr/bin/../lib/gcc/avr/4.3.3/avr5\libgcc.a(_divmodsi4.o)
                              ./HAL/CLCD/Source/CLCD_program.o (__divmodsi4)
d:/embedded systems avr tools/01- imt sdk/imt_sdk_win_64/winavr/bin/../lib/gcc/avr/4.3.3/avr5\libgcc.a(_exit.o)
                              d:/embedded systems avr tools/01- imt sdk/imt_sdk_win_64/winavr/bin/../lib/gcc/avr/4.3.3/../../../../avr/lib/avr5/crtm32.o (exit)
d:/embedded systems avr tools/01- imt sdk/imt_sdk_win_64/winavr/bin/../lib/gcc/avr/4.3.3/avr5\libgcc.a(_copy_data.o)
                              ./HAL/CLCD/Source/CLCD_program.o (__do_copy_data)
d:/embedded systems avr tools/01- imt sdk/imt_sdk_win_64/winavr/bin/../lib/gcc/avr/4.3.3/avr5\libgcc.a(_clear_bss.o)
                              ./TestApp/main.o (__do_clear_bss)
d:/embedded systems avr tools/01- imt sdk/imt_sdk_win_64/winavr/bin/../lib/gcc/avr/4.3.3/avr5\libgcc.a(_fixunssfsi.o)
                              ./TestApp/main.o (__fixunssfsi)
d:/embedded systems avr tools/01- imt sdk/imt_sdk_win_64/winavr/bin/../lib/gcc/avr/4.3.3/avr5\libgcc.a(_addsub_sf.o)
                              d:/embedded systems avr tools/01- imt sdk/imt_sdk_win_64/winavr/bin/../lib/gcc/avr/4.3.3/avr5\libgcc.a(_fixunssfsi.o) (__subsf3)
d:/embedded systems avr tools/01- imt sdk/imt_sdk_win_64/winavr/bin/../lib/gcc/avr/4.3.3/avr5\libgcc.a(_mul_sf.o)
                              ./TestApp/main.o (__mulsf3)
d:/embedded systems avr tools/01- imt sdk/imt_sdk_win_64/winavr/bin/../lib/gcc/avr/4.3.3/avr5\libgcc.a(_gt_sf.o)
                              ./TestApp/main.o (__gtsf2)
d:/embedded systems avr tools/01- imt sdk/imt_sdk_win_64/winavr/bin/../lib/gcc/avr/4.3.3/avr5\libgcc.a(_ge_sf.o)
                              d:/embedded systems avr tools/01- imt sdk/imt_sdk_win_64/winavr/bin/../lib/gcc/avr/4.3.3/avr5\libgcc.a(_fixunssfsi.o) (__gesf2)
d:/embedded systems avr tools/01- imt sdk/imt_sdk_win_64/winavr/bin/../lib/gcc/avr/4.3.3/avr5\libgcc.a(_lt_sf.o)
                              ./TestApp/main.o (__ltsf2)
d:/embedded systems avr tools/01- imt sdk/imt_sdk_win_64/winavr/bin/../lib/gcc/avr/4.3.3/avr5\libgcc.a(_sf_to_si.o)
                              d:/embedded systems avr tools/01- imt sdk/imt_sdk_win_64/winavr/bin/../lib/gcc/avr/4.3.3/avr5\libgcc.a(_fixunssfsi.o) (__fixsfsi)
d:/embedded systems avr tools/01- imt sdk/imt_sdk_win_64/winavr/bin/../lib/gcc/avr/4.3.3/avr5\libgcc.a(_thenan_sf.o)
                              d:/embedded systems avr tools/01- imt sdk/imt_sdk_win_64/winavr/bin/../lib/gcc/avr/4.3.3/avr5\libgcc.a(_addsub_sf.o) (__thenan_sf)
d:/embedded systems avr tools/01- imt sdk/imt_sdk_win_64/winavr/bin/../lib/gcc/avr/4.3.3/avr5\libgcc.a(_udivmodsi4.o)
                              d:/embedded systems avr tools/01- imt sdk/imt_sdk_win_64/winavr/bin/../lib/gcc/avr/4.3.3/avr5\libgcc.a(_divmodsi4.o) (__udivmodsi4)
d:/embedded systems avr tools/01- imt sdk/imt_sdk_win_64/winavr/bin/../lib/gcc/avr/4.3.3/avr5\libgcc.a(_prologue.o)
                              d:/embedded systems avr tools/01- imt sdk/imt_sdk_win_64/winavr/bin/../lib/gcc/avr/4.3.3/avr5\libgcc.a(_addsub_sf.o) (__prologue_saves__)
d:/embedded systems avr tools/01- imt sdk/imt_sdk_win_64/winavr/bin/../lib/gcc/avr/4.3.3/avr5\libgcc.a(_epilogue.o)
                              d:/embedded systems avr tools/01- imt sdk/imt_sdk_win_64/winavr/bin/../lib/gcc/avr/4.3.3/avr5\libgcc.a(_addsub_sf.o) (__epilogue_restores__)
d:/embedded systems avr tools/01- imt sdk/imt_sdk_win_64/winavr/bin/../lib/gcc/avr/4.3.3/avr5\libgcc.a(_pack_sf.o)
                              d:/embedded systems avr tools/01- imt sdk/imt_sdk_win_64/winavr/bin/../lib/gcc/avr/4.3.3/avr5\libgcc.a(_addsub_sf.o) (__pack_f)
d:/embedded systems avr tools/01- imt sdk/imt_sdk_win_64/winavr/bin/../lib/gcc/avr/4.3.3/avr5\libgcc.a(_unpack_sf.o)
                              d:/embedded systems avr tools/01- imt sdk/imt_sdk_win_64/winavr/bin/../lib/gcc/avr/4.3.3/avr5\libgcc.a(_addsub_sf.o) (__unpack_f)
d:/embedded systems avr tools/01- imt sdk/imt_sdk_win_64/winavr/bin/../lib/gcc/avr/4.3.3/avr5\libgcc.a(_fpcmp_parts_sf.o)
                              d:/embedded systems avr tools/01- imt sdk/imt_sdk_win_64/winavr/bin/../lib/gcc/avr/4.3.3/avr5\libgcc.a(_gt_sf.o) (__fpcmp_parts_f)

Allocating common symbols
Common symbol       size              file

MCP2515_u8ReadBuffer
                    0xe               ./HAL/MCP/Source/MCP2515_program.o
Main_stRightMotor   0x3               ./TestApp/main.o
Main_stLeftMotor    0x3               ./TestApp/main.o

Memory Configuration

Name             Origin             Length             Attributes
text             0x00000000         0x00020000         xr
data             0x00800060         0x0000ffa0         rw !x
eeprom           0x00810000         0x00010000         rw !x
fuse             0x00820000         0x00000400         rw !x
lock             0x00830000         0x00000400         rw !x
signature        0x00840000         0x00000400         rw !x
*default*        0x00000000         0xffffffff

Linker script and memory map

LOAD d:/embedded systems avr tools/01- imt sdk/imt_sdk_win_64/winavr/bin/../lib/gcc/avr/4.3.3/../../../../avr/lib/avr5/crtm32.o
LOAD ./TestApp/main.o
LOAD ./MCAL/USART/Source/USART_program.o
LOAD ./MCAL/TIMERS/Source/TIMERS_program.o
LOAD ./MCAL/SPI/Source/SPI_program.o
LOAD ./MCAL/PORT/Source/PORT_program.o
LOAD ./MCAL/GIE/Source/GIE_program.o
LOAD ./MCAL/DIO/Source/DIO_program.o
LOAD ./HAL/MOTOR/Source/MOTOR_program.o
LOAD ./HAL/MCP/Source/MCP2515_program.o
LOAD ./HAL/CLCD/Source/CLCD_program.o
LOAD ./Common/LIBRARY_program.o
LOAD d:/embedded systems avr tools/01- imt sdk/imt_sdk_win_64/winavr/bin/../lib/gcc/avr/4.3.3/avr5\libgcc.a
LOAD d:/embedded systems avr tools/01- imt sdk/imt_sdk_win_64/winavr/bin/../lib/gcc/avr/4.3.3/../../../../avr/lib/avr5\libc.a
LOAD d:/embedded systems avr tools/01- imt sdk/imt_sdk_win_64/winavr/bin/../lib/gcc/avr/4.3.3/avr5\libgcc.a

.hash
 *(.hash)

.dynsym
 *(.dynsym)

.dynstr
 *(.dynstr)

.gnu.version
 *(.gnu.version)

.gnu.version_d
 *(.gnu.version_d)

.gnu.version_r
 *(.gnu.version_r)

.rel.init
 *(.rel.init)

.rela.init
 *(.rela.init)

.rel.text
 *(.rel.text)
 *(.rel.text.*)
 *(.rel.gnu.linkonce.t*)

.rela.text
 *(.rela.text)
 *(.rela.text.*)
 *(.rela.gnu.linkonce.t*)

.rel.fini
 *(.rel.fini)

.rela.fini
 *(.rela.fini)

.rel.rodata
 *(.rel.rodata)
 *(.rel.rodata.*)
 *(.rel.gnu.linkonce.r*)

.rela.rodata
 *(.rela.rodata)
 *(.rela.rodata.*)
 *(.rela.gnu.linkonce.r*)

.rel.data
 *(.rel.data)
 *(.rel.data.*)
 *(.rel.gnu.linkonce.d*)

.rela.data
 *(.rela.data)
 *(.rela.data.*)
 *(.rela.gnu.linkonce.d*)

.rel.ctors
 *(.rel.ctors)

.rela.ctors
 *(.rela.ctors)

.rel.dtors
 *(.rel.dtors)

.rela.dtors
 *(.rela.dtors)

.rel.got
 *(.rel.got)

.rela.got
 *(.rela.got)

.rel.bss
 *(.rel.bss)

.rela.bss
 *(.rela.bss)

.rel.plt
 *(.rel.plt)

.rela.plt
 *(.rela.plt)

.text           0x00000000     0x4364
 *(.vectors)
 .vectors       0x00000000       0x54 d:/embedded systems avr tools/01- imt sdk/imt_sdk_win_64/winavr/bin/../lib/gcc/avr/4.3.3/../../../../avr/lib/avr5/crtm32.o
                0x00000000                __vectors
                0x00000000                __vector_default
 *(.vectors)
 *(.progmem.gcc*)
 *(.progmem*)
                0x00000054                . = ALIGN (0x2)
                0x00000054                __trampolines_start = .
 *(.trampolines)
 .trampolines   0x00000054        0x0 linker stubs
 *(.trampolines*)
                0x00000054                __trampolines_end = .
 *(.jumptables)
 *(.jumptables*)
 *(.lowtext)
 *(.lowtext*)
                0x00000054                __ctors_start = .
 *(.ctors)
                0x00000054                __ctors_end = .
                0x00000054                __dtors_start = .
 *(.dtors)
                0x00000054                __dtors_end = .
 SORT(*)(.ctors)
 SORT(*)(.dtors)
 *(.init0)
 .init0         0x00000054        0x0 d:/embedded systems avr tools/01- imt sdk/imt_sdk_win_64/winavr/bin/../lib/gcc/avr/4.3.3/../../../../avr/lib/avr5/crtm32.o
                0x00000054                __init
 *(.init0)
 *(.init1)
 *(.init1)
 *(.init2)
 .init2         0x00000054        0xc d:/embedded systems avr tools/01- imt sdk/imt_sdk_win_64/winavr/bin/../lib/gcc/avr/4.3.3/../../../../avr/lib/avr5/crtm32.o
 *(.init2)
 *(.init3)
 *(.init3)
 *(.init4)
 .init4         0x00000060       0x16 d:/embedded systems avr tools/01- imt sdk/imt_sdk_win_64/winavr/bin/../lib/gcc/avr/4.3.3/avr5\libgcc.a(_copy_data.o)
                0x00000060                __do_copy_data
 .init4         0x00000076       0x10 d:/embedded systems avr tools/01- imt sdk/imt_sdk_win_64/winavr/bin/../lib/gcc/avr/4.3.3/avr5\libgcc.a(_clear_bss.o)
                0x00000076                __do_clear_bss
 *(.init4)
 *(.init5)
 *(.init5)
 *(.init6)
 *(.init6)
 *(.init7)
 *(.init7)
 *(.init8)
 *(.init8)
 *(.init9)
 .init9         0x00000086        0x8 d:/embedded systems avr tools/01- imt sdk/imt_sdk_win_64/winavr/bin/../lib/gcc/avr/4.3.3/../../../../avr/lib/avr5/crtm32.o
 *(.init9)
 *(.text)
 .text          0x0000008e        0x4 d:/embedded systems avr tools/01- imt sdk/imt_sdk_win_64/winavr/bin/../lib/gcc/avr/4.3.3/../../../../avr/lib/avr5/crtm32.o
                0x0000008e                __vector_1
                0x0000008e                __vector_12
                0x0000008e                __bad_interrupt
                0x0000008e                __vector_3
                0x0000008e                __vector_17
                0x0000008e                __vector_19
                0x0000008e                __vector_2
                0x0000008e                __vector_16
                0x0000008e                __vector_18
                0x0000008e                __vector_20
 .text          0x00000092        0x0 ./TestApp/main.o
 .text          0x00000092        0x0 ./MCAL/USART/Source/USART_program.o
 .text          0x00000092        0x0 ./MCAL/TIMERS/Source/TIMERS_program.o
 .text          0x00000092        0x0 ./MCAL/SPI/Source/SPI_program.o
 .text          0x00000092        0x0 ./MCAL/PORT/Source/PORT_program.o
 .text          0x00000092        0x0 ./MCAL/GIE/Source/GIE_program.o
 .text          0x00000092        0x0 ./MCAL/DIO/Source/DIO_program.o
 .text          0x00000092        0x0 ./HAL/MOTOR/Source/MOTOR_program.o
 .text          0x00000092        0x0 ./HAL/MCP/Source/MCP2515_program.o
 .text          0x00000092        0x0 ./HAL/CLCD/Source/CLCD_program.o
 .text          0x00000092        0x0 ./Common/LIBRARY_program.o
 .text          0x00000092        0x0 d:/embedded systems avr tools/01- imt sdk/imt_sdk_win_64/winavr/bin/../lib/gcc/avr/4.3.3/avr5\libgcc.a(_mulsi3.o)
 .text          0x00000092        0x0 d:/embedded systems avr tools/01- imt sdk/imt_sdk_win_64/winavr/bin/../lib/gcc/avr/4.3.3/avr5\libgcc.a(_divmodsi4.o)
 .text          0x00000092        0x0 d:/embedded systems avr tools/01- imt sdk/imt_sdk_win_64/winavr/bin/../lib/gcc/avr/4.3.3/avr5\libgcc.a(_exit.o)
 .text          0x00000092        0x0 d:/embedded systems avr tools/01- imt sdk/imt_sdk_win_64/winavr/bin/../lib/gcc/avr/4.3.3/avr5\libgcc.a(_copy_data.o)
 .text          0x00000092        0x0 d:/embedded systems avr tools/01- imt sdk/imt_sdk_win_64/winavr/bin/../lib/gcc/avr/4.3.3/avr5\libgcc.a(_clear_bss.o)
 .text          0x00000092       0x58 d:/embedded systems avr tools/01- imt sdk/imt_sdk_win_64/winavr/bin/../lib/gcc/avr/4.3.3/avr5\libgcc.a(_fixunssfsi.o)
                0x00000092                __fixunssfsi
 .text          0x000000ea      0x354 d:/embedded systems avr tools/01- imt sdk/imt_sdk_win_64/winavr/bin/../lib/gcc/avr/4.3.3/avr5\libgcc.a(_addsub_sf.o)
                0x00000382                __subsf3
                0x000003e4                __addsf3
 .text          0x0000043e      0x1f4 d:/embedded systems avr tools/01- imt sdk/imt_sdk_win_64/winavr/bin/../lib/gcc/avr/4.3.3/avr5\libgcc.a(_mul_sf.o)
                0x0000043e                __mulsf3
 .text          0x00000632       0x60 d:/embedded systems avr tools/01- imt sdk/imt_sdk_win_64/winavr/bin/../lib/gcc/avr/4.3.3/avr5\libgcc.a(_gt_sf.o)
                0x00000632                __gtsf2
 .text          0x00000692       0x60 d:/embedded systems avr tools/01- imt sdk/imt_sdk_win_64/winavr/bin/../lib/gcc/avr/4.3.3/avr5\libgcc.a(_ge_sf.o)
                0x00000692                __gesf2
 .text          0x000006f2       0x60 d:/embedded systems avr tools/01- imt sdk/imt_sdk_win_64/winavr/bin/../lib/gcc/avr/4.3.3/avr5\libgcc.a(_lt_sf.o)
                0x000006f2                __ltsf2
 .text          0x00000752       0xa8 d:/embedded systems avr tools/01- imt sdk/imt_sdk_win_64/winavr/bin/../lib/gcc/avr/4.3.3/avr5\libgcc.a(_sf_to_si.o)
                0x00000752                __fixsfsi
 .text          0x000007fa        0x0 d:/embedded systems avr tools/01- imt sdk/imt_sdk_win_64/winavr/bin/../lib/gcc/avr/4.3.3/avr5\libgcc.a(_thenan_sf.o)
 .text          0x000007fa        0x0 d:/embedded systems avr tools/01- imt sdk/imt_sdk_win_64/winavr/bin/../lib/gcc/avr/4.3.3/avr5\libgcc.a(_udivmodsi4.o)
 .text          0x000007fa        0x0 d:/embedded systems avr tools/01- imt sdk/imt_sdk_win_64/winavr/bin/../lib/gcc/avr/4.3.3/avr5\libgcc.a(_prologue.o)
 .text          0x000007fa        0x0 d:/embedded systems avr tools/01- imt sdk/imt_sdk_win_64/winavr/bin/../lib/gcc/avr/4.3.3/avr5\libgcc.a(_epilogue.o)
 .text          0x000007fa      0x1aa d:/embedded systems avr tools/01- imt sdk/imt_sdk_win_64/winavr/bin/../lib/gcc/avr/4.3.3/avr5\libgcc.a(_pack_sf.o)
                0x000007fa                __pack_f
 .text          0x000009a4       0xf0 d:/embedded systems avr tools/01- imt sdk/imt_sdk_win_64/winavr/bin/../lib/gcc/avr/4.3.3/avr5\libgcc.a(_unpack_sf.o)
                0x000009a4                __unpack_f
 .text          0x00000a94       0xb2 d:/embedded systems avr tools/01- imt sdk/imt_sdk_win_64/winavr/bin/../lib/gcc/avr/4.3.3/avr5\libgcc.a(_fpcmp_parts_sf.o)
                0x00000a94                __fpcmp_parts_f
                0x00000b46                . = ALIGN (0x2)
 *(.text.*)
 .text.main     0x00000b46      0x250 ./TestApp/main.o
                0x00000b46                main
 .text.Main_voidSetMotorSpeed
                0x00000d96       0x3c ./TestApp/main.o
                0x00000d96                Main_voidSetMotorSpeed
 .text.Main_voidSetMotorDirection
                0x00000dd2       0x82 ./TestApp/main.o
                0x00000dd2                Main_voidSetMotorDirection
 .text.Main_voidMove
                0x00000e54       0x8a ./TestApp/main.o
                0x00000e54                Main_voidMove
 .text.Main_voidReceiveNotificFunc
                0x00000ede        0xe ./TestApp/main.o
                0x00000ede                Main_voidReceiveNotificFunc
 .text.USART_voidInit
                0x00000eec       0x8c ./MCAL/USART/Source/USART_program.o
                0x00000eec                USART_voidInit
 .text.USART_u8Send
                0x00000f78       0xce ./MCAL/USART/Source/USART_program.o
                0x00000f78                USART_u8Send
 .text.USART_u8Receive
                0x00001046       0x6c ./MCAL/USART/Source/USART_program.o
                0x00001046                USART_u8Receive
 .text.USART_u8SendBufferSynch
                0x000010b2       0x98 ./MCAL/USART/Source/USART_program.o
                0x000010b2                USART_u8SendBufferSynch
 .text.USART_u8ReceiveBufferSynch
                0x0000114a       0x90 ./MCAL/USART/Source/USART_program.o
                0x0000114a                USART_u8ReceiveBufferSynch
 .text.USART_u8SendBufferAsynch
                0x000011da       0x88 ./MCAL/USART/Source/USART_program.o
                0x000011da                USART_u8SendBufferAsynch
 .text.USART_u8ReceiveBufferAsynch
                0x00001262       0x88 ./MCAL/USART/Source/USART_program.o
                0x00001262                USART_u8ReceiveBufferAsynch
 .text.__vector_13
                0x000012ea       0xae ./MCAL/USART/Source/USART_program.o
                0x000012ea                __vector_13
 .text.__vector_14
                0x00001398       0xae ./MCAL/USART/Source/USART_program.o
                0x00001398                __vector_14
 .text.__vector_15
                0x00001446       0x20 ./MCAL/USART/Source/USART_program.o
                0x00001446                __vector_15
 .text.TIMER0_u8Init
                0x00001466      0x1f8 ./MCAL/TIMERS/Source/TIMERS_program.o
                0x00001466                TIMER0_u8Init
 .text.TIMER1_u8Init
                0x0000165e      0x31e ./MCAL/TIMERS/Source/TIMERS_program.o
                0x0000165e                TIMER1_u8Init
 .text.TIMER2_u8Init
                0x0000197c      0x1f8 ./MCAL/TIMERS/Source/TIMERS_program.o
                0x0000197c                TIMER2_u8Init
 .text.TIMER0_u8SetCompOutMode
                0x00001b74       0xf8 ./MCAL/TIMERS/Source/TIMERS_program.o
                0x00001b74                TIMER0_u8SetCompOutMode
 .text.TIMER1_u8SetCompOutModeChA
                0x00001c6c      0x188 ./MCAL/TIMERS/Source/TIMERS_program.o
                0x00001c6c                TIMER1_u8SetCompOutModeChA
 .text.TIMER1_u8SetCompOutModeChB
                0x00001df4      0x182 ./MCAL/TIMERS/Source/TIMERS_program.o
                0x00001df4                TIMER1_u8SetCompOutModeChB
 .text.TIMER2_u8SetCompOutMode
                0x00001f76      0x1d8 ./MCAL/TIMERS/Source/TIMERS_program.o
                0x00001f76                TIMER2_u8SetCompOutMode
 .text.TIMERS_u8IntEnable
                0x0000214e      0x10e ./MCAL/TIMERS/Source/TIMERS_program.o
                0x0000214e                TIMERS_u8IntEnable
 .text.TIMERS_u8IntDisable
                0x0000225c      0x10e ./MCAL/TIMERS/Source/TIMERS_program.o
                0x0000225c                TIMERS_u8IntDisable
 .text.TIMERS_u8Disable
                0x0000236a       0x86 ./MCAL/TIMERS/Source/TIMERS_program.o
                0x0000236a                TIMERS_u8Disable
 .text.TIMERS_u8SetCallBack
                0x000023f0       0x4a ./MCAL/TIMERS/Source/TIMERS_program.o
                0x000023f0                TIMERS_u8SetCallBack
 .text.TIMER0_voidSetCompValue
                0x0000243a       0x1c ./MCAL/TIMERS/Source/TIMERS_program.o
                0x0000243a                TIMER0_voidSetCompValue
 .text.TIMER0_voidSetOvfValue
                0x00002456       0x1c ./MCAL/TIMERS/Source/TIMERS_program.o
                0x00002456                TIMER0_voidSetOvfValue
 .text.TIMER0_u8GetTimerValue
                0x00002472       0x14 ./MCAL/TIMERS/Source/TIMERS_program.o
                0x00002472                TIMER0_u8GetTimerValue
 .text.TIMER2_voidSetCompValue
                0x00002486       0x1c ./MCAL/TIMERS/Source/TIMERS_program.o
                0x00002486                TIMER2_voidSetCompValue
 .text.TIMER2_voidSetOvfValue
                0x000024a2       0x1c ./MCAL/TIMERS/Source/TIMERS_program.o
                0x000024a2                TIMER2_voidSetOvfValue
 .text.TIMER2_u8GetTimerValue
                0x000024be       0x14 ./MCAL/TIMERS/Source/TIMERS_program.o
                0x000024be                TIMER2_u8GetTimerValue
 .text.TIMER1_voidSetCompValueChA
                0x000024d2       0x24 ./MCAL/TIMERS/Source/TIMERS_program.o
                0x000024d2                TIMER1_voidSetCompValueChA
 .text.TIMER1_voidSetCompValueChB
                0x000024f6       0x24 ./MCAL/TIMERS/Source/TIMERS_program.o
                0x000024f6                TIMER1_voidSetCompValueChB
 .text.TIMER1_voidSetOvfValue
                0x0000251a       0x24 ./MCAL/TIMERS/Source/TIMERS_program.o
                0x0000251a                TIMER1_voidSetOvfValue
 .text.TIMER1_voidSetInputCaptValue
                0x0000253e       0x24 ./MCAL/TIMERS/Source/TIMERS_program.o
                0x0000253e                TIMER1_voidSetInputCaptValue
 .text.TIMER1_u16GetTimerValue
                0x00002562       0x16 ./MCAL/TIMERS/Source/TIMERS_program.o
                0x00002562                TIMER1_u16GetTimerValue
 .text.TIMER1_u16GetInputCaptValue
                0x00002578       0x16 ./MCAL/TIMERS/Source/TIMERS_program.o
                0x00002578                TIMER1_u16GetInputCaptValue
 .text.TIMER1_u8SetInputCaptTriggerSrc
                0x0000258e       0x62 ./MCAL/TIMERS/Source/TIMERS_program.o
                0x0000258e                TIMER1_u8SetInputCaptTriggerSrc
 .text.WDT_voidEnable
                0x000025f0       0x1c ./MCAL/TIMERS/Source/TIMERS_program.o
                0x000025f0                WDT_voidEnable
 .text.WDT_voidDisable
                0x0000260c       0x2a ./MCAL/TIMERS/Source/TIMERS_program.o
                0x0000260c                WDT_voidDisable
 .text.WDT_u8SetTime
                0x00002636       0x44 ./MCAL/TIMERS/Source/TIMERS_program.o
                0x00002636                WDT_u8SetTime
 .text.__vector_11
                0x0000267a       0x66 ./MCAL/TIMERS/Source/TIMERS_program.o
                0x0000267a                __vector_11
 .text.__vector_10
                0x000026e0       0x66 ./MCAL/TIMERS/Source/TIMERS_program.o
                0x000026e0                __vector_10
 .text.__vector_9
                0x00002746       0x66 ./MCAL/TIMERS/Source/TIMERS_program.o
                0x00002746                __vector_9
 .text.__vector_8
                0x000027ac       0x66 ./MCAL/TIMERS/Source/TIMERS_program.o
                0x000027ac                __vector_8
 .text.__vector_7
                0x00002812       0x66 ./MCAL/TIMERS/Source/TIMERS_program.o
                0x00002812                __vector_7
 .text.__vector_6
                0x00002878       0x66 ./MCAL/TIMERS/Source/TIMERS_program.o
                0x00002878                __vector_6
 .text.__vector_5
                0x000028de       0x66 ./MCAL/TIMERS/Source/TIMERS_program.o
                0x000028de                __vector_5
 .text.__vector_4
                0x00002944       0x66 ./MCAL/TIMERS/Source/TIMERS_program.o
                0x00002944                __vector_4
 .text.SPI_voidInit
                0x000029aa       0x6e ./MCAL/SPI/Source/SPI_program.o
                0x000029aa                SPI_voidInit
 .text.SPI_u8Transceive
                0x00002a18       0x2c ./MCAL/SPI/Source/SPI_program.o
                0x00002a18                SPI_u8Transceive
 .text.PORT_voidInit
                0x00002a44       0x4a ./MCAL/PORT/Source/PORT_program.o
                0x00002a44                PORT_voidInit
 .text.GIE_voidEnable
                0x00002a8e       0x10 ./MCAL/GIE/Source/GIE_program.o
                0x00002a8e                GIE_voidEnable
 .text.GIE_voidDisable
                0x00002a9e       0x10 ./MCAL/GIE/Source/GIE_program.o
                0x00002a9e                GIE_voidDisable
 .text.DIO_u8SetPinDirection
                0x00002aae      0x224 ./MCAL/DIO/Source/DIO_program.o
                0x00002aae                DIO_u8SetPinDirection
 .text.DIO_u8SetPinValue
                0x00002cd2      0x224 ./MCAL/DIO/Source/DIO_program.o
                0x00002cd2                DIO_u8SetPinValue
 .text.DIO_u8TogglePinValue
                0x00002ef6      0x116 ./MCAL/DIO/Source/DIO_program.o
                0x00002ef6                DIO_u8TogglePinValue
 .text.DIO_u8GetPinValue
                0x0000300c      0x126 ./MCAL/DIO/Source/DIO_program.o
                0x0000300c                DIO_u8GetPinValue
 .text.DIO_u8SetPortDirection
                0x00003132       0x90 ./MCAL/DIO/Source/DIO_program.o
                0x00003132                DIO_u8SetPortDirection
 .text.DIO_u8SetPortValue
                0x000031c2       0x90 ./MCAL/DIO/Source/DIO_program.o
                0x000031c2                DIO_u8SetPortValue
 .text.MOTOR_u8RotateCW
                0x00003252       0x56 ./HAL/MOTOR/Source/MOTOR_program.o
                0x00003252                MOTOR_u8RotateCW
 .text.MOTOR_u8RotateCCW
                0x000032a8       0x56 ./HAL/MOTOR/Source/MOTOR_program.o
                0x000032a8                MOTOR_u8RotateCCW
 .text.MOTOR_u8Stop
                0x000032fe       0x56 ./HAL/MOTOR/Source/MOTOR_program.o
                0x000032fe                MOTOR_u8Stop
 .text.MCP2515_voidChipSelect
                0x00003354       0x36 ./HAL/MCP/Source/MCP2515_program.o
 .text.MCP2515_u8ReadRegister
                0x0000338a       0x38 ./HAL/MCP/Source/MCP2515_program.o
                0x0000338a                MCP2515_u8ReadRegister
 .text.MCP2515_voidWriteRegister
                0x000033c2       0x36 ./HAL/MCP/Source/MCP2515_program.o
                0x000033c2                MCP2515_voidWriteRegister
 .text.MCP2515_voidSetBitTiming
                0x000033f8       0x36 ./HAL/MCP/Source/MCP2515_program.o
                0x000033f8                MCP2515_voidSetBitTiming
 .text.MCP2515_voidReset
                0x0000342e       0x20 ./HAL/MCP/Source/MCP2515_program.o
                0x0000342e                MCP2515_voidReset
 .text.MCP2515_voidChangeBits
                0x0000344e       0x42 ./HAL/MCP/Source/MCP2515_program.o
                0x0000344e                MCP2515_voidChangeBits
 .text.MCP2515_voidSetMode
                0x00003490       0x3c ./HAL/MCP/Source/MCP2515_program.o
                0x00003490                MCP2515_voidSetMode
 .text.MCP2515_voidSendInit
                0x000034cc       0x3e ./HAL/MCP/Source/MCP2515_program.o
                0x000034cc                MCP2515_voidSendInit
 .text.MCP2515_voidSendCANmsg
                0x0000350a      0x10e ./HAL/MCP/Source/MCP2515_program.o
                0x0000350a                MCP2515_voidSendCANmsg
 .text.MCP2515_voidSetRollover
                0x00003618       0x26 ./HAL/MCP/Source/MCP2515_program.o
                0x00003618                MCP2515_voidSetRollover
 .text.MCP2515_voidSetMask
                0x0000363e       0xfa ./HAL/MCP/Source/MCP2515_program.o
                0x0000363e                MCP2515_voidSetMask
 .text.MCP2515_voidReceiveInit
                0x00003738       0x6c ./HAL/MCP/Source/MCP2515_program.o
                0x00003738                MCP2515_voidReceiveInit
 .text.MCP2515_stReceiveCANmsg
                0x000037a4      0x17e ./HAL/MCP/Source/MCP2515_program.o
                0x000037a4                MCP2515_stReceiveCANmsg
 .text.MCP2515_voidReceiveCANmsg2
                0x00003922       0x5e ./HAL/MCP/Source/MCP2515_program.o
                0x00003922                MCP2515_voidReceiveCANmsg2
 .text.voidSendEnablePulse
                0x00003980      0x11e ./HAL/CLCD/Source/CLCD_program.o
 .text.voidSetLCDHalfDataPort
                0x00003a9e       0x60 ./HAL/CLCD/Source/CLCD_program.o
 .text.CLCD_voidSendCmd
                0x00003afe       0x40 ./HAL/CLCD/Source/CLCD_program.o
                0x00003afe                CLCD_voidSendCmd
 .text.CLCD_voidSendData
                0x00003b3e       0x40 ./HAL/CLCD/Source/CLCD_program.o
                0x00003b3e                CLCD_voidSendData
 .text.CLCD_voidInit
                0x00003b7e      0x130 ./HAL/CLCD/Source/CLCD_program.o
                0x00003b7e                CLCD_voidInit
 .text.CLCD_voidClearDisplay
                0x00003cae       0x14 ./HAL/CLCD/Source/CLCD_program.o
                0x00003cae                CLCD_voidClearDisplay
 .text.CLCD_u8SendString
                0x00003cc2       0x66 ./HAL/CLCD/Source/CLCD_program.o
                0x00003cc2                CLCD_u8SendString
 .text.CLCD_voidSendDecimalNumber
                0x00003d28      0x156 ./HAL/CLCD/Source/CLCD_program.o
                0x00003d28                CLCD_voidSendDecimalNumber
 .text.CLCD_voidSendBinaryNumber
                0x00003e7e       0xd6 ./HAL/CLCD/Source/CLCD_program.o
                0x00003e7e                CLCD_voidSendBinaryNumber
 .text.CLCD_voidSendHexaNumber
                0x00003f54      0x100 ./HAL/CLCD/Source/CLCD_program.o
                0x00003f54                CLCD_voidSendHexaNumber
 .text.CLCD_voidSendSpecialCharacter
                0x00004054       0x84 ./HAL/CLCD/Source/CLCD_program.o
                0x00004054                CLCD_voidSendSpecialCharacter
 .text.CLCD_u8GoToXY
                0x000040d8       0x4c ./HAL/CLCD/Source/CLCD_program.o
                0x000040d8                CLCD_u8GoToXY
 .text.LIBRARY_s32Mapping
                0x00004124      0x116 ./Common/LIBRARY_program.o
                0x00004124                LIBRARY_s32Mapping
 .text.libgcc   0x0000423a       0x3e d:/embedded systems avr tools/01- imt sdk/imt_sdk_win_64/winavr/bin/../lib/gcc/avr/4.3.3/avr5\libgcc.a(_mulsi3.o)
                0x0000423a                __mulsi3
 .text.libgcc   0x00004278       0x36 d:/embedded systems avr tools/01- imt sdk/imt_sdk_win_64/winavr/bin/../lib/gcc/avr/4.3.3/avr5\libgcc.a(_divmodsi4.o)
                0x00004278                __divmodsi4
 .text.libgcc   0x000042ae        0x0 d:/embedded systems avr tools/01- imt sdk/imt_sdk_win_64/winavr/bin/../lib/gcc/avr/4.3.3/avr5\libgcc.a(_exit.o)
 .text.libgcc   0x000042ae        0x0 d:/embedded systems avr tools/01- imt sdk/imt_sdk_win_64/winavr/bin/../lib/gcc/avr/4.3.3/avr5\libgcc.a(_copy_data.o)
 .text.libgcc   0x000042ae        0x0 d:/embedded systems avr tools/01- imt sdk/imt_sdk_win_64/winavr/bin/../lib/gcc/avr/4.3.3/avr5\libgcc.a(_clear_bss.o)
 .text.libgcc   0x000042ae       0x44 d:/embedded systems avr tools/01- imt sdk/imt_sdk_win_64/winavr/bin/../lib/gcc/avr/4.3.3/avr5\libgcc.a(_udivmodsi4.o)
                0x000042ae                __udivmodsi4
 .text.libgcc   0x000042f2       0x38 d:/embedded systems avr tools/01- imt sdk/imt_sdk_win_64/winavr/bin/../lib/gcc/avr/4.3.3/avr5\libgcc.a(_prologue.o)
                0x000042f2                __prologue_saves__
 .text.libgcc   0x0000432a       0x36 d:/embedded systems avr tools/01- imt sdk/imt_sdk_win_64/winavr/bin/../lib/gcc/avr/4.3.3/avr5\libgcc.a(_epilogue.o)
                0x0000432a                __epilogue_restores__
                0x00004360                . = ALIGN (0x2)
 *(.fini9)
 .fini9         0x00004360        0x0 d:/embedded systems avr tools/01- imt sdk/imt_sdk_win_64/winavr/bin/../lib/gcc/avr/4.3.3/avr5\libgcc.a(_exit.o)
                0x00004360                exit
                0x00004360                _exit
 *(.fini9)
 *(.fini8)
 *(.fini8)
 *(.fini7)
 *(.fini7)
 *(.fini6)
 *(.fini6)
 *(.fini5)
 *(.fini5)
 *(.fini4)
 *(.fini4)
 *(.fini3)
 *(.fini3)
 *(.fini2)
 *(.fini2)
 *(.fini1)
 *(.fini1)
 *(.fini0)
 .fini0         0x00004360        0x4 d:/embedded systems avr tools/01- imt sdk/imt_sdk_win_64/winavr/bin/../lib/gcc/avr/4.3.3/avr5\libgcc.a(_exit.o)
 *(.fini0)
                0x00004364                _etext = .

.data           0x00800060       0x1e load address 0x00004364
                0x00800060                PROVIDE (__data_start, .)
 *(.data)
 .data          0x00800060        0x0 d:/embedded systems avr tools/01- imt sdk/imt_sdk_win_64/winavr/bin/../lib/gcc/avr/4.3.3/../../../../avr/lib/avr5/crtm32.o
 .data          0x00800060        0x0 ./TestApp/main.o
 .data          0x00800060        0x0 ./MCAL/USART/Source/USART_program.o
 .data          0x00800060        0x0 ./MCAL/TIMERS/Source/TIMERS_program.o
 .data          0x00800060        0x0 ./MCAL/SPI/Source/SPI_program.o
 .data          0x00800060        0x0 ./MCAL/PORT/Source/PORT_program.o
 .data          0x00800060        0x0 ./MCAL/GIE/Source/GIE_program.o
 .data          0x00800060        0x0 ./MCAL/DIO/Source/DIO_program.o
 .data          0x00800060        0x0 ./HAL/MOTOR/Source/MOTOR_program.o
 .data          0x00800060        0x0 ./HAL/MCP/Source/MCP2515_program.o
 .data          0x00800060        0x6 ./HAL/CLCD/Source/CLCD_program.o
 .data          0x00800066        0x0 ./Common/LIBRARY_program.o
 .data          0x00800066        0x0 d:/embedded systems avr tools/01- imt sdk/imt_sdk_win_64/winavr/bin/../lib/gcc/avr/4.3.3/avr5\libgcc.a(_mulsi3.o)
 .data          0x00800066        0x0 d:/embedded systems avr tools/01- imt sdk/imt_sdk_win_64/winavr/bin/../lib/gcc/avr/4.3.3/avr5\libgcc.a(_divmodsi4.o)
 .data          0x00800066        0x0 d:/embedded systems avr tools/01- imt sdk/imt_sdk_win_64/winavr/bin/../lib/gcc/avr/4.3.3/avr5\libgcc.a(_exit.o)
 .data          0x00800066        0x0 d:/embedded systems avr tools/01- imt sdk/imt_sdk_win_64/winavr/bin/../lib/gcc/avr/4.3.3/avr5\libgcc.a(_copy_data.o)
 .data          0x00800066        0x0 d:/embedded systems avr tools/01- imt sdk/imt_sdk_win_64/winavr/bin/../lib/gcc/avr/4.3.3/avr5\libgcc.a(_clear_bss.o)
 .data          0x00800066        0x0 d:/embedded systems avr tools/01- imt sdk/imt_sdk_win_64/winavr/bin/../lib/gcc/avr/4.3.3/avr5\libgcc.a(_fixunssfsi.o)
 .data          0x00800066        0x0 d:/embedded systems avr tools/01- imt sdk/imt_sdk_win_64/winavr/bin/../lib/gcc/avr/4.3.3/avr5\libgcc.a(_addsub_sf.o)
 .data          0x00800066        0x0 d:/embedded systems avr tools/01- imt sdk/imt_sdk_win_64/winavr/bin/../lib/gcc/avr/4.3.3/avr5\libgcc.a(_mul_sf.o)
 .data          0x00800066        0x0 d:/embedded systems avr tools/01- imt sdk/imt_sdk_win_64/winavr/bin/../lib/gcc/avr/4.3.3/avr5\libgcc.a(_gt_sf.o)
 .data          0x00800066        0x0 d:/embedded systems avr tools/01- imt sdk/imt_sdk_win_64/winavr/bin/../lib/gcc/avr/4.3.3/avr5\libgcc.a(_ge_sf.o)
 .data          0x00800066        0x0 d:/embedded systems avr tools/01- imt sdk/imt_sdk_win_64/winavr/bin/../lib/gcc/avr/4.3.3/avr5\libgcc.a(_lt_sf.o)
 .data          0x00800066        0x0 d:/embedded systems avr tools/01- imt sdk/imt_sdk_win_64/winavr/bin/../lib/gcc/avr/4.3.3/avr5\libgcc.a(_sf_to_si.o)
 .data          0x00800066        0x8 d:/embedded systems avr tools/01- imt sdk/imt_sdk_win_64/winavr/bin/../lib/gcc/avr/4.3.3/avr5\libgcc.a(_thenan_sf.o)
                0x00800066                __thenan_sf
 .data          0x0080006e        0x0 d:/embedded systems avr tools/01- imt sdk/imt_sdk_win_64/winavr/bin/../lib/gcc/avr/4.3.3/avr5\libgcc.a(_udivmodsi4.o)
 .data          0x0080006e        0x0 d:/embedded systems avr tools/01- imt sdk/imt_sdk_win_64/winavr/bin/../lib/gcc/avr/4.3.3/avr5\libgcc.a(_prologue.o)
 .data          0x0080006e        0x0 d:/embedded systems avr tools/01- imt sdk/imt_sdk_win_64/winavr/bin/../lib/gcc/avr/4.3.3/avr5\libgcc.a(_epilogue.o)
 .data          0x0080006e        0x0 d:/embedded systems avr tools/01- imt sdk/imt_sdk_win_64/winavr/bin/../lib/gcc/avr/4.3.3/avr5\libgcc.a(_pack_sf.o)
 .data          0x0080006e        0x0 d:/embedded systems avr tools/01- imt sdk/imt_sdk_win_64/winavr/bin/../lib/gcc/avr/4.3.3/avr5\libgcc.a(_unpack_sf.o)
 .data          0x0080006e        0x0 d:/embedded systems avr tools/01- imt sdk/imt_sdk_win_64/winavr/bin/../lib/gcc/avr/4.3.3/avr5\libgcc.a(_fpcmp_parts_sf.o)
 *(.data*)
 *(.rodata)
 *(.rodata*)
 .rodata.C.0.1442
                0x0080006e       0x10 ./HAL/CLCD/Source/CLCD_program.o
 *(.gnu.linkonce.d*)
                0x0080007e                . = ALIGN (0x2)
                0x0080007e                _edata = .
                0x0080007e                PROVIDE (__data_end, .)

.bss            0x0080007e       0x38
                0x0080007e                PROVIDE (__bss_start, .)
 *(.bss)
 .bss           0x0080007e        0x0 d:/embedded systems avr tools/01- imt sdk/imt_sdk_win_64/winavr/bin/../lib/gcc/avr/4.3.3/../../../../avr/lib/avr5/crtm32.o
 .bss           0x0080007e        0x0 ./TestApp/main.o
 .bss           0x0080007e        0x0 ./MCAL/USART/Source/USART_program.o
 .bss           0x0080007e        0x0 ./MCAL/TIMERS/Source/TIMERS_program.o
 .bss           0x0080007e        0x0 ./MCAL/SPI/Source/SPI_program.o
 .bss           0x0080007e        0x0 ./MCAL/PORT/Source/PORT_program.o
 .bss           0x0080007e        0x0 ./MCAL/GIE/Source/GIE_program.o
 .bss           0x0080007e        0x0 ./MCAL/DIO/Source/DIO_program.o
 .bss           0x0080007e        0x0 ./HAL/MOTOR/Source/MOTOR_program.o
 .bss           0x0080007e        0x0 ./HAL/MCP/Source/MCP2515_program.o
 .bss           0x0080007e        0x0 ./HAL/CLCD/Source/CLCD_program.o
 .bss           0x0080007e        0x0 ./Common/LIBRARY_program.o
 .bss           0x0080007e        0x0 d:/embedded systems avr tools/01- imt sdk/imt_sdk_win_64/winavr/bin/../lib/gcc/avr/4.3.3/avr5\libgcc.a(_mulsi3.o)
 .bss           0x0080007e        0x0 d:/embedded systems avr tools/01- imt sdk/imt_sdk_win_64/winavr/bin/../lib/gcc/avr/4.3.3/avr5\libgcc.a(_divmodsi4.o)
 .bss           0x0080007e        0x0 d:/embedded systems avr tools/01- imt sdk/imt_sdk_win_64/winavr/bin/../lib/gcc/avr/4.3.3/avr5\libgcc.a(_exit.o)
 .bss           0x0080007e        0x0 d:/embedded systems avr tools/01- imt sdk/imt_sdk_win_64/winavr/bin/../lib/gcc/avr/4.3.3/avr5\libgcc.a(_copy_data.o)
 .bss           0x0080007e        0x0 d:/embedded systems avr tools/01- imt sdk/imt_sdk_win_64/winavr/bin/../lib/gcc/avr/4.3.3/avr5\libgcc.a(_clear_bss.o)
 .bss           0x0080007e        0x0 d:/embedded systems avr tools/01- imt sdk/imt_sdk_win_64/winavr/bin/../lib/gcc/avr/4.3.3/avr5\libgcc.a(_fixunssfsi.o)
 .bss           0x0080007e        0x0 d:/embedded systems avr tools/01- imt sdk/imt_sdk_win_64/winavr/bin/../lib/gcc/avr/4.3.3/avr5\libgcc.a(_addsub_sf.o)
 .bss           0x0080007e        0x0 d:/embedded systems avr tools/01- imt sdk/imt_sdk_win_64/winavr/bin/../lib/gcc/avr/4.3.3/avr5\libgcc.a(_mul_sf.o)
 .bss           0x0080007e        0x0 d:/embedded systems avr tools/01- imt sdk/imt_sdk_win_64/winavr/bin/../lib/gcc/avr/4.3.3/avr5\libgcc.a(_gt_sf.o)
 .bss           0x0080007e        0x0 d:/embedded systems avr tools/01- imt sdk/imt_sdk_win_64/winavr/bin/../lib/gcc/avr/4.3.3/avr5\libgcc.a(_ge_sf.o)
 .bss           0x0080007e        0x0 d:/embedded systems avr tools/01- imt sdk/imt_sdk_win_64/winavr/bin/../lib/gcc/avr/4.3.3/avr5\libgcc.a(_lt_sf.o)
 .bss           0x0080007e        0x0 d:/embedded systems avr tools/01- imt sdk/imt_sdk_win_64/winavr/bin/../lib/gcc/avr/4.3.3/avr5\libgcc.a(_sf_to_si.o)
 .bss           0x0080007e        0x0 d:/embedded systems avr tools/01- imt sdk/imt_sdk_win_64/winavr/bin/../lib/gcc/avr/4.3.3/avr5\libgcc.a(_thenan_sf.o)
 .bss           0x0080007e        0x0 d:/embedded systems avr tools/01- imt sdk/imt_sdk_win_64/winavr/bin/../lib/gcc/avr/4.3.3/avr5\libgcc.a(_udivmodsi4.o)
 .bss           0x0080007e        0x0 d:/embedded systems avr tools/01- imt sdk/imt_sdk_win_64/winavr/bin/../lib/gcc/avr/4.3.3/avr5\libgcc.a(_prologue.o)
 .bss           0x0080007e        0x0 d:/embedded systems avr tools/01- imt sdk/imt_sdk_win_64/winavr/bin/../lib/gcc/avr/4.3.3/avr5\libgcc.a(_epilogue.o)
 .bss           0x0080007e        0x0 d:/embedded systems avr tools/01- imt sdk/imt_sdk_win_64/winavr/bin/../lib/gcc/avr/4.3.3/avr5\libgcc.a(_pack_sf.o)
 .bss           0x0080007e        0x0 d:/embedded systems avr tools/01- imt sdk/imt_sdk_win_64/winavr/bin/../lib/gcc/avr/4.3.3/avr5\libgcc.a(_unpack_sf.o)
 .bss           0x0080007e        0x0 d:/embedded systems avr tools/01- imt sdk/imt_sdk_win_64/winavr/bin/../lib/gcc/avr/4.3.3/avr5\libgcc.a(_fpcmp_parts_sf.o)
 *(.bss*)
 .bss.Main_u8ReceivedData
                0x0080007e        0x1 ./TestApp/main.o
 .bss.USART_pvTransmitNotificationFunc
                0x0080007f        0x2 ./MCAL/USART/Source/USART_program.o
 .bss.USART_u8TransmitBufferSize
                0x00800081        0x1 ./MCAL/USART/Source/USART_program.o
 .bss.USART_pvTransmitBufferArr
                0x00800082        0x2 ./MCAL/USART/Source/USART_program.o
 .bss.USART_u8TransmitBufferCounter
                0x00800084        0x1 ./MCAL/USART/Source/USART_program.o
 .bss.USART_pvReceiveNotificationFunc
                0x00800085        0x2 ./MCAL/USART/Source/USART_program.o
 .bss.USART_u8ReceiveBufferSize
                0x00800087        0x1 ./MCAL/USART/Source/USART_program.o
 .bss.USART_pvReceiveBufferArr
                0x00800088        0x2 ./MCAL/USART/Source/USART_program.o
 .bss.USART_u8ReceiveBufferCounter
                0x0080008a        0x1 ./MCAL/USART/Source/USART_program.o
 .bss.USART_u8TransmitBusyState
                0x0080008b        0x1 ./MCAL/USART/Source/USART_program.o
 .bss.USART_u8ReceiveBusyState
                0x0080008c        0x1 ./MCAL/USART/Source/USART_program.o
 .bss.USART_u8TransmitCallSrc
                0x0080008d        0x1 ./MCAL/USART/Source/USART_program.o
 .bss.USART_u8ReceiveCallSrc
                0x0080008e        0x1 ./MCAL/USART/Source/USART_program.o
 .bss.TIMERS_u8StateArr
                0x0080008f        0x3 ./MCAL/TIMERS/Source/TIMERS_program.o
 .bss.TIMERS_pvCallBackFuncArr
                0x00800092       0x10 ./MCAL/TIMERS/Source/TIMERS_program.o
 *(COMMON)
 COMMON         0x008000a2        0x6 ./TestApp/main.o
                0x008000a2                Main_stRightMotor
                0x008000a5                Main_stLeftMotor
 COMMON         0x008000a8        0xe ./HAL/MCP/Source/MCP2515_program.o
                0x008000a8                MCP2515_u8ReadBuffer
                0x008000b6                PROVIDE (__bss_end, .)
                0x00004364                __data_load_start = LOADADDR (.data)
                0x00004382                __data_load_end = (__data_load_start + SIZEOF (.data))

.noinit         0x008000b6        0x0
                0x008000b6                PROVIDE (__noinit_start, .)
 *(.noinit*)
                0x008000b6                PROVIDE (__noinit_end, .)
                0x008000b6                _end = .
                0x008000b6                PROVIDE (__heap_start, .)

.eeprom         0x00810000        0x0
 *(.eeprom*)
                0x00810000                __eeprom_end = .

.fuse
 *(.fuse)
 *(.lfuse)
 *(.hfuse)
 *(.efuse)

.lock
 *(.lock*)

.signature
 *(.signature*)

.stab           0x00000000     0x5058
 *(.stab)
 .stab          0x00000000      0x9b4 ./TestApp/main.o
 .stab          0x000009b4      0xa50 ./MCAL/USART/Source/USART_program.o
                                0xa5c (size before relaxing)
 .stab          0x00001404     0x1500 ./MCAL/TIMERS/Source/TIMERS_program.o
                               0x150c (size before relaxing)
 .stab          0x00002904      0x228 ./MCAL/SPI/Source/SPI_program.o
                                0x234 (size before relaxing)
 .stab          0x00002b2c      0x1e0 ./MCAL/PORT/Source/PORT_program.o
                                0x1ec (size before relaxing)
 .stab          0x00002d0c      0x1bc ./MCAL/GIE/Source/GIE_program.o
                                0x1c8 (size before relaxing)
 .stab          0x00002ec8      0x738 ./MCAL/DIO/Source/DIO_program.o
                                0x744 (size before relaxing)
 .stab          0x00003600      0x360 ./HAL/MOTOR/Source/MOTOR_program.o
                                0x36c (size before relaxing)
 .stab          0x00003960      0x9a8 ./HAL/MCP/Source/MCP2515_program.o
                                0x9b4 (size before relaxing)
 .stab          0x00004308      0xb34 ./HAL/CLCD/Source/CLCD_program.o
                                0xccc (size before relaxing)
 .stab          0x00004e3c      0x21c ./Common/LIBRARY_program.o
                                0x228 (size before relaxing)

.stabstr        0x00000000     0x263b
 *(.stabstr)
 .stabstr       0x00000000     0x263b ./TestApp/main.o

.stab.excl
 *(.stab.excl)

.stab.exclstr
 *(.stab.exclstr)

.stab.index
 *(.stab.index)

.stab.indexstr
 *(.stab.indexstr)

.comment
 *(.comment)

.debug
 *(.debug)

.line
 *(.line)

.debug_srcinfo
 *(.debug_srcinfo)

.debug_sfnames
 *(.debug_sfnames)

.debug_aranges  0x00000000      0x140
 *(.debug_aranges)
 .debug_aranges
                0x00000000       0x20 d:/embedded systems avr tools/01- imt sdk/imt_sdk_win_64/winavr/bin/../lib/gcc/avr/4.3.3/avr5\libgcc.a(_fixunssfsi.o)
 .debug_aranges
                0x00000020       0x20 d:/embedded systems avr tools/01- imt sdk/imt_sdk_win_64/winavr/bin/../lib/gcc/avr/4.3.3/avr5\libgcc.a(_addsub_sf.o)
 .debug_aranges
                0x00000040       0x20 d:/embedded systems avr tools/01- imt sdk/imt_sdk_win_64/winavr/bin/../lib/gcc/avr/4.3.3/avr5\libgcc.a(_mul_sf.o)
 .debug_aranges
                0x00000060       0x20 d:/embedded systems avr tools/01- imt sdk/imt_sdk_win_64/winavr/bin/../lib/gcc/avr/4.3.3/avr5\libgcc.a(_gt_sf.o)
 .debug_aranges
                0x00000080       0x20 d:/embedded systems avr tools/01- imt sdk/imt_sdk_win_64/winavr/bin/../lib/gcc/avr/4.3.3/avr5\libgcc.a(_ge_sf.o)
 .debug_aranges
                0x000000a0       0x20 d:/embedded systems avr tools/01- imt sdk/imt_sdk_win_64/winavr/bin/../lib/gcc/avr/4.3.3/avr5\libgcc.a(_lt_sf.o)
 .debug_aranges
                0x000000c0       0x20 d:/embedded systems avr tools/01- imt sdk/imt_sdk_win_64/winavr/bin/../lib/gcc/avr/4.3.3/avr5\libgcc.a(_sf_to_si.o)
 .debug_aranges
                0x000000e0       0x20 d:/embedded systems avr tools/01- imt sdk/imt_sdk_win_64/winavr/bin/../lib/gcc/avr/4.3.3/avr5\libgcc.a(_pack_sf.o)
 .debug_aranges
                0x00000100       0x20 d:/embedded systems avr tools/01- imt sdk/imt_sdk_win_64/winavr/bin/../lib/gcc/avr/4.3.3/avr5\libgcc.a(_unpack_sf.o)
 .debug_aranges
                0x00000120       0x20 d:/embedded systems avr tools/01- imt sdk/imt_sdk_win_64/winavr/bin/../lib/gcc/avr/4.3.3/avr5\libgcc.a(_fpcmp_parts_sf.o)

.debug_pubnames
                0x00000000      0x170
 *(.debug_pubnames)
 .debug_pubnames
                0x00000000       0x23 d:/embedded systems avr tools/01- imt sdk/imt_sdk_win_64/winavr/bin/../lib/gcc/avr/4.3.3/avr5\libgcc.a(_fixunssfsi.o)
 .debug_pubnames
                0x00000023       0x2c d:/embedded systems avr tools/01- imt sdk/imt_sdk_win_64/winavr/bin/../lib/gcc/avr/4.3.3/avr5\libgcc.a(_addsub_sf.o)
 .debug_pubnames
                0x0000004f       0x1f d:/embedded systems avr tools/01- imt sdk/imt_sdk_win_64/winavr/bin/../lib/gcc/avr/4.3.3/avr5\libgcc.a(_mul_sf.o)
 .debug_pubnames
                0x0000006e       0x1e d:/embedded systems avr tools/01- imt sdk/imt_sdk_win_64/winavr/bin/../lib/gcc/avr/4.3.3/avr5\libgcc.a(_gt_sf.o)
 .debug_pubnames
                0x0000008c       0x1e d:/embedded systems avr tools/01- imt sdk/imt_sdk_win_64/winavr/bin/../lib/gcc/avr/4.3.3/avr5\libgcc.a(_ge_sf.o)
 .debug_pubnames
                0x000000aa       0x1e d:/embedded systems avr tools/01- imt sdk/imt_sdk_win_64/winavr/bin/../lib/gcc/avr/4.3.3/avr5\libgcc.a(_lt_sf.o)
 .debug_pubnames
                0x000000c8       0x20 d:/embedded systems avr tools/01- imt sdk/imt_sdk_win_64/winavr/bin/../lib/gcc/avr/4.3.3/avr5\libgcc.a(_sf_to_si.o)
 .debug_pubnames
                0x000000e8       0x22 d:/embedded systems avr tools/01- imt sdk/imt_sdk_win_64/winavr/bin/../lib/gcc/avr/4.3.3/avr5\libgcc.a(_thenan_sf.o)
 .debug_pubnames
                0x0000010a       0x1f d:/embedded systems avr tools/01- imt sdk/imt_sdk_win_64/winavr/bin/../lib/gcc/avr/4.3.3/avr5\libgcc.a(_pack_sf.o)
 .debug_pubnames
                0x00000129       0x21 d:/embedded systems avr tools/01- imt sdk/imt_sdk_win_64/winavr/bin/../lib/gcc/avr/4.3.3/avr5\libgcc.a(_unpack_sf.o)
 .debug_pubnames
                0x0000014a       0x26 d:/embedded systems avr tools/01- imt sdk/imt_sdk_win_64/winavr/bin/../lib/gcc/avr/4.3.3/avr5\libgcc.a(_fpcmp_parts_sf.o)

.debug_info     0x00000000     0x1c49
 *(.debug_info)
 .debug_info    0x00000000       0xb1 d:/embedded systems avr tools/01- imt sdk/imt_sdk_win_64/winavr/bin/../lib/gcc/avr/4.3.3/avr5\libgcc.a(_fixunssfsi.o)
 .debug_info    0x000000b1      0x47a d:/embedded systems avr tools/01- imt sdk/imt_sdk_win_64/winavr/bin/../lib/gcc/avr/4.3.3/avr5\libgcc.a(_addsub_sf.o)
 .debug_info    0x0000052b      0x485 d:/embedded systems avr tools/01- imt sdk/imt_sdk_win_64/winavr/bin/../lib/gcc/avr/4.3.3/avr5\libgcc.a(_mul_sf.o)
 .debug_info    0x000009b0      0x27f d:/embedded systems avr tools/01- imt sdk/imt_sdk_win_64/winavr/bin/../lib/gcc/avr/4.3.3/avr5\libgcc.a(_gt_sf.o)
 .debug_info    0x00000c2f      0x27f d:/embedded systems avr tools/01- imt sdk/imt_sdk_win_64/winavr/bin/../lib/gcc/avr/4.3.3/avr5\libgcc.a(_ge_sf.o)
 .debug_info    0x00000eae      0x27f d:/embedded systems avr tools/01- imt sdk/imt_sdk_win_64/winavr/bin/../lib/gcc/avr/4.3.3/avr5\libgcc.a(_lt_sf.o)
 .debug_info    0x0000112d      0x2b0 d:/embedded systems avr tools/01- imt sdk/imt_sdk_win_64/winavr/bin/../lib/gcc/avr/4.3.3/avr5\libgcc.a(_sf_to_si.o)
 .debug_info    0x000013dd      0x12c d:/embedded systems avr tools/01- imt sdk/imt_sdk_win_64/winavr/bin/../lib/gcc/avr/4.3.3/avr5\libgcc.a(_thenan_sf.o)
 .debug_info    0x00001509      0x2df d:/embedded systems avr tools/01- imt sdk/imt_sdk_win_64/winavr/bin/../lib/gcc/avr/4.3.3/avr5\libgcc.a(_pack_sf.o)
 .debug_info    0x000017e8      0x251 d:/embedded systems avr tools/01- imt sdk/imt_sdk_win_64/winavr/bin/../lib/gcc/avr/4.3.3/avr5\libgcc.a(_unpack_sf.o)
 .debug_info    0x00001a39      0x210 d:/embedded systems avr tools/01- imt sdk/imt_sdk_win_64/winavr/bin/../lib/gcc/avr/4.3.3/avr5\libgcc.a(_fpcmp_parts_sf.o)
 *(.gnu.linkonce.wi.*)

.debug_abbrev   0x00000000      0xeeb
 *(.debug_abbrev)
 .debug_abbrev  0x00000000       0x5d d:/embedded systems avr tools/01- imt sdk/imt_sdk_win_64/winavr/bin/../lib/gcc/avr/4.3.3/avr5\libgcc.a(_fixunssfsi.o)
 .debug_abbrev  0x0000005d      0x1ea d:/embedded systems avr tools/01- imt sdk/imt_sdk_win_64/winavr/bin/../lib/gcc/avr/4.3.3/avr5\libgcc.a(_addsub_sf.o)
 .debug_abbrev  0x00000247      0x21b d:/embedded systems avr tools/01- imt sdk/imt_sdk_win_64/winavr/bin/../lib/gcc/avr/4.3.3/avr5\libgcc.a(_mul_sf.o)
 .debug_abbrev  0x00000462      0x15a d:/embedded systems avr tools/01- imt sdk/imt_sdk_win_64/winavr/bin/../lib/gcc/avr/4.3.3/avr5\libgcc.a(_gt_sf.o)
 .debug_abbrev  0x000005bc      0x15a d:/embedded systems avr tools/01- imt sdk/imt_sdk_win_64/winavr/bin/../lib/gcc/avr/4.3.3/avr5\libgcc.a(_ge_sf.o)
 .debug_abbrev  0x00000716      0x15a d:/embedded systems avr tools/01- imt sdk/imt_sdk_win_64/winavr/bin/../lib/gcc/avr/4.3.3/avr5\libgcc.a(_lt_sf.o)
 .debug_abbrev  0x00000870      0x17f d:/embedded systems avr tools/01- imt sdk/imt_sdk_win_64/winavr/bin/../lib/gcc/avr/4.3.3/avr5\libgcc.a(_sf_to_si.o)
 .debug_abbrev  0x000009ef       0xad d:/embedded systems avr tools/01- imt sdk/imt_sdk_win_64/winavr/bin/../lib/gcc/avr/4.3.3/avr5\libgcc.a(_thenan_sf.o)
 .debug_abbrev  0x00000a9c      0x1c0 d:/embedded systems avr tools/01- imt sdk/imt_sdk_win_64/winavr/bin/../lib/gcc/avr/4.3.3/avr5\libgcc.a(_pack_sf.o)
 .debug_abbrev  0x00000c5c      0x154 d:/embedded systems avr tools/01- imt sdk/imt_sdk_win_64/winavr/bin/../lib/gcc/avr/4.3.3/avr5\libgcc.a(_unpack_sf.o)
 .debug_abbrev  0x00000db0      0x13b d:/embedded systems avr tools/01- imt sdk/imt_sdk_win_64/winavr/bin/../lib/gcc/avr/4.3.3/avr5\libgcc.a(_fpcmp_parts_sf.o)

.debug_line     0x00000000      0xdad
 *(.debug_line)
 .debug_line    0x00000000       0xa7 d:/embedded systems avr tools/01- imt sdk/imt_sdk_win_64/winavr/bin/../lib/gcc/avr/4.3.3/avr5\libgcc.a(_fixunssfsi.o)
 .debug_line    0x000000a7      0x2af d:/embedded systems avr tools/01- imt sdk/imt_sdk_win_64/winavr/bin/../lib/gcc/avr/4.3.3/avr5\libgcc.a(_addsub_sf.o)
 .debug_line    0x00000356      0x239 d:/embedded systems avr tools/01- imt sdk/imt_sdk_win_64/winavr/bin/../lib/gcc/avr/4.3.3/avr5\libgcc.a(_mul_sf.o)
 .debug_line    0x0000058f       0xd3 d:/embedded systems avr tools/01- imt sdk/imt_sdk_win_64/winavr/bin/../lib/gcc/avr/4.3.3/avr5\libgcc.a(_gt_sf.o)
 .debug_line    0x00000662       0xd3 d:/embedded systems avr tools/01- imt sdk/imt_sdk_win_64/winavr/bin/../lib/gcc/avr/4.3.3/avr5\libgcc.a(_ge_sf.o)
 .debug_line    0x00000735       0xd3 d:/embedded systems avr tools/01- imt sdk/imt_sdk_win_64/winavr/bin/../lib/gcc/avr/4.3.3/avr5\libgcc.a(_lt_sf.o)
 .debug_line    0x00000808      0x109 d:/embedded systems avr tools/01- imt sdk/imt_sdk_win_64/winavr/bin/../lib/gcc/avr/4.3.3/avr5\libgcc.a(_sf_to_si.o)
 .debug_line    0x00000911       0x90 d:/embedded systems avr tools/01- imt sdk/imt_sdk_win_64/winavr/bin/../lib/gcc/avr/4.3.3/avr5\libgcc.a(_thenan_sf.o)
 .debug_line    0x000009a1      0x18a d:/embedded systems avr tools/01- imt sdk/imt_sdk_win_64/winavr/bin/../lib/gcc/avr/4.3.3/avr5\libgcc.a(_pack_sf.o)
 .debug_line    0x00000b2b      0x14b d:/embedded systems avr tools/01- imt sdk/imt_sdk_win_64/winavr/bin/../lib/gcc/avr/4.3.3/avr5\libgcc.a(_unpack_sf.o)
 .debug_line    0x00000c76      0x137 d:/embedded systems avr tools/01- imt sdk/imt_sdk_win_64/winavr/bin/../lib/gcc/avr/4.3.3/avr5\libgcc.a(_fpcmp_parts_sf.o)

.debug_frame    0x00000000      0x160
 *(.debug_frame)
 .debug_frame   0x00000000       0x20 d:/embedded systems avr tools/01- imt sdk/imt_sdk_win_64/winavr/bin/../lib/gcc/avr/4.3.3/avr5\libgcc.a(_fixunssfsi.o)
 .debug_frame   0x00000020       0x40 d:/embedded systems avr tools/01- imt sdk/imt_sdk_win_64/winavr/bin/../lib/gcc/avr/4.3.3/avr5\libgcc.a(_addsub_sf.o)
 .debug_frame   0x00000060       0x20 d:/embedded systems avr tools/01- imt sdk/imt_sdk_win_64/winavr/bin/../lib/gcc/avr/4.3.3/avr5\libgcc.a(_mul_sf.o)
 .debug_frame   0x00000080       0x20 d:/embedded systems avr tools/01- imt sdk/imt_sdk_win_64/winavr/bin/../lib/gcc/avr/4.3.3/avr5\libgcc.a(_gt_sf.o)
 .debug_frame   0x000000a0       0x20 d:/embedded systems avr tools/01- imt sdk/imt_sdk_win_64/winavr/bin/../lib/gcc/avr/4.3.3/avr5\libgcc.a(_ge_sf.o)
 .debug_frame   0x000000c0       0x20 d:/embedded systems avr tools/01- imt sdk/imt_sdk_win_64/winavr/bin/../lib/gcc/avr/4.3.3/avr5\libgcc.a(_lt_sf.o)
 .debug_frame   0x000000e0       0x20 d:/embedded systems avr tools/01- imt sdk/imt_sdk_win_64/winavr/bin/../lib/gcc/avr/4.3.3/avr5\libgcc.a(_sf_to_si.o)
 .debug_frame   0x00000100       0x20 d:/embedded systems avr tools/01- imt sdk/imt_sdk_win_64/winavr/bin/../lib/gcc/avr/4.3.3/avr5\libgcc.a(_pack_sf.o)
 .debug_frame   0x00000120       0x20 d:/embedded systems avr tools/01- imt sdk/imt_sdk_win_64/winavr/bin/../lib/gcc/avr/4.3.3/avr5\libgcc.a(_unpack_sf.o)
 .debug_frame   0x00000140       0x20 d:/embedded systems avr tools/01- imt sdk/imt_sdk_win_64/winavr/bin/../lib/gcc/avr/4.3.3/avr5\libgcc.a(_fpcmp_parts_sf.o)

.debug_str      0x00000000      0x28d
 *(.debug_str)
 .debug_str     0x00000000       0xbf d:/embedded systems avr tools/01- imt sdk/imt_sdk_win_64/winavr/bin/../lib/gcc/avr/4.3.3/avr5\libgcc.a(_fixunssfsi.o)
                                 0xfe (size before relaxing)
 .debug_str     0x000000bf      0x14d d:/embedded systems avr tools/01- imt sdk/imt_sdk_win_64/winavr/bin/../lib/gcc/avr/4.3.3/avr5\libgcc.a(_addsub_sf.o)
                                0x206 (size before relaxing)
 .debug_str     0x0000020c       0x27 d:/embedded systems avr tools/01- imt sdk/imt_sdk_win_64/winavr/bin/../lib/gcc/avr/4.3.3/avr5\libgcc.a(_mul_sf.o)
                                0x1bf (size before relaxing)
 .debug_str     0x00000233        0xf d:/embedded systems avr tools/01- imt sdk/imt_sdk_win_64/winavr/bin/../lib/gcc/avr/4.3.3/avr5\libgcc.a(_gt_sf.o)
                                0x195 (size before relaxing)
 .debug_str     0x00000242        0x8 d:/embedded systems avr tools/01- imt sdk/imt_sdk_win_64/winavr/bin/../lib/gcc/avr/4.3.3/avr5\libgcc.a(_ge_sf.o)
                                0x195 (size before relaxing)
 .debug_str     0x0000024a        0x8 d:/embedded systems avr tools/01- imt sdk/imt_sdk_win_64/winavr/bin/../lib/gcc/avr/4.3.3/avr5\libgcc.a(_lt_sf.o)
                                0x195 (size before relaxing)
 .debug_str     0x00000252        0xa d:/embedded systems avr tools/01- imt sdk/imt_sdk_win_64/winavr/bin/../lib/gcc/avr/4.3.3/avr5\libgcc.a(_sf_to_si.o)
                                0x19e (size before relaxing)
 .debug_str     0x00000000      0x103 d:/embedded systems avr tools/01- imt sdk/imt_sdk_win_64/winavr/bin/../lib/gcc/avr/4.3.3/avr5\libgcc.a(_thenan_sf.o)
 .debug_str     0x0000025c       0x16 d:/embedded systems avr tools/01- imt sdk/imt_sdk_win_64/winavr/bin/../lib/gcc/avr/4.3.3/avr5\libgcc.a(_pack_sf.o)
                                0x19d (size before relaxing)
 .debug_str     0x00000272        0xb d:/embedded systems avr tools/01- imt sdk/imt_sdk_win_64/winavr/bin/../lib/gcc/avr/4.3.3/avr5\libgcc.a(_unpack_sf.o)
                                0x17f (size before relaxing)
 .debug_str     0x0000027d       0x10 d:/embedded systems avr tools/01- imt sdk/imt_sdk_win_64/winavr/bin/../lib/gcc/avr/4.3.3/avr5\libgcc.a(_fpcmp_parts_sf.o)
                                0x163 (size before relaxing)

.debug_loc      0x00000000      0x7ce
 *(.debug_loc)
 .debug_loc     0x00000000       0x34 d:/embedded systems avr tools/01- imt sdk/imt_sdk_win_64/winavr/bin/../lib/gcc/avr/4.3.3/avr5\libgcc.a(_fixunssfsi.o)
 .debug_loc     0x00000034      0x32a d:/embedded systems avr tools/01- imt sdk/imt_sdk_win_64/winavr/bin/../lib/gcc/avr/4.3.3/avr5\libgcc.a(_addsub_sf.o)
 .debug_loc     0x0000035e      0x104 d:/embedded systems avr tools/01- imt sdk/imt_sdk_win_64/winavr/bin/../lib/gcc/avr/4.3.3/avr5\libgcc.a(_mul_sf.o)
 .debug_loc     0x00000462       0x3c d:/embedded systems avr tools/01- imt sdk/imt_sdk_win_64/winavr/bin/../lib/gcc/avr/4.3.3/avr5\libgcc.a(_gt_sf.o)
 .debug_loc     0x0000049e       0x3c d:/embedded systems avr tools/01- imt sdk/imt_sdk_win_64/winavr/bin/../lib/gcc/avr/4.3.3/avr5\libgcc.a(_ge_sf.o)
 .debug_loc     0x000004da       0x3c d:/embedded systems avr tools/01- imt sdk/imt_sdk_win_64/winavr/bin/../lib/gcc/avr/4.3.3/avr5\libgcc.a(_lt_sf.o)
 .debug_loc     0x00000516       0x7e d:/embedded systems avr tools/01- imt sdk/imt_sdk_win_64/winavr/bin/../lib/gcc/avr/4.3.3/avr5\libgcc.a(_sf_to_si.o)
 .debug_loc     0x00000594      0x13e d:/embedded systems avr tools/01- imt sdk/imt_sdk_win_64/winavr/bin/../lib/gcc/avr/4.3.3/avr5\libgcc.a(_pack_sf.o)
 .debug_loc     0x000006d2       0xac d:/embedded systems avr tools/01- imt sdk/imt_sdk_win_64/winavr/bin/../lib/gcc/avr/4.3.3/avr5\libgcc.a(_unpack_sf.o)
 .debug_loc     0x0000077e       0x50 d:/embedded systems avr tools/01- imt sdk/imt_sdk_win_64/winavr/bin/../lib/gcc/avr/4.3.3/avr5\libgcc.a(_fpcmp_parts_sf.o)

.debug_macinfo
 *(.debug_macinfo)
OUTPUT(ITI_GP_Motors.elf elf32-avr)
LOAD linker stubs

.debug_ranges   0x00000000       0x50
 .debug_ranges  0x00000000       0x50 d:/embedded systems avr tools/01- imt sdk/imt_sdk_win_64/winavr/bin/../lib/gcc/avr/4.3.3/avr5\libgcc.a(_mul_sf.o)
